core_cm3.h:1499:26:__NVIC_GetPriorityGrouping	4	static
core_cm3.h:1511:22:__NVIC_EnableIRQ	16	static
core_cm3.h:1639:22:__NVIC_SetPriority	16	static
core_cm3.h:1686:26:NVIC_EncodePriority	40	static
stm32f2xx_ll_tim.h:1047:22:LL_TIM_EnableCounter	16	static
stm32f2xx_ll_tim.h:1229:22:LL_TIM_DisableARRPreload	16	static
stm32f2xx_ll_tim.h:2601:22:LL_TIM_SetClockSource	16	static
stm32f2xx_ll_tim.h:2647:22:LL_TIM_SetTriggerOutput	16	static
stm32f2xx_ll_tim.h:2713:22:LL_TIM_DisableMasterSlaveMode	16	static
stm32f2xx_ll_tim.h:3057:22:LL_TIM_ClearFlag_UPDATE	16	static
stm32f2xx_ll_tim.h:3328:22:LL_TIM_EnableIT_UPDATE	16	static
stm32f2xx_ll_bus.h:882:22:LL_APB1_GRP1_EnableClock	24	static
main.c:101:6:ADC_Print	24	static
main.c:114:6:HAL_GPIO_EXTI_Callback	16	static
main.c:151:5:main	8	static
main.c:258:6:SystemClock_Config	80	static
main.c:301:13:MX_ADC1_Init	24	static
main.c:376:13:MX_SDIO_SD_Init	4	static
main.c:404:13:MX_SPI2_Init	8	static
main.c:442:13:MX_TIM3_Init	32	static
main.c:483:13:MX_TIM8_Init	56	static
main.c:535:13:MX_USART3_UART_Init	8	static
main.c:566:13:MX_DMA_Init	16	static
main.c:597:13:MX_GPIO_Init	64	static
main.c:698:6:Error_Handler	4	static
