Component: ARM Compiler 6.14 Tool: armlink [5db06800]

==============================================================================

Section Cross References

    startup_stm32f207xx.o(RESET) refers to startup_stm32f207xx.o(STACK) for __initial_sp
    startup_stm32f207xx.o(RESET) refers to startup_stm32f207xx.o(.text) for Reset_Handler
    startup_stm32f207xx.o(RESET) refers to stm32f2xx_it.o(.text.NMI_Handler) for NMI_Handler
    startup_stm32f207xx.o(RESET) refers to stm32f2xx_it.o(.text.HardFault_Handler) for HardFault_Handler
    startup_stm32f207xx.o(RESET) refers to stm32f2xx_it.o(.text.MemManage_Handler) for MemManage_Handler
    startup_stm32f207xx.o(RESET) refers to stm32f2xx_it.o(.text.BusFault_Handler) for BusFault_Handler
    startup_stm32f207xx.o(RESET) refers to stm32f2xx_it.o(.text.UsageFault_Handler) for UsageFault_Handler
    startup_stm32f207xx.o(RESET) refers to stm32f2xx_it.o(.text.SVC_Handler) for SVC_Handler
    startup_stm32f207xx.o(RESET) refers to stm32f2xx_it.o(.text.DebugMon_Handler) for DebugMon_Handler
    startup_stm32f207xx.o(RESET) refers to stm32f2xx_it.o(.text.PendSV_Handler) for PendSV_Handler
    startup_stm32f207xx.o(RESET) refers to stm32f2xx_it.o(.text.SysTick_Handler) for SysTick_Handler
    startup_stm32f207xx.o(RESET) refers to stm32f2xx_it.o(.text.DMA1_Stream3_IRQHandler) for DMA1_Stream3_IRQHandler
    startup_stm32f207xx.o(RESET) refers to stm32f2xx_it.o(.text.DMA1_Stream4_IRQHandler) for DMA1_Stream4_IRQHandler
    startup_stm32f207xx.o(RESET) refers to stm32f2xx_it.o(.text.ADC_IRQHandler) for ADC_IRQHandler
    startup_stm32f207xx.o(RESET) refers to stm32f2xx_it.o(.text.TIM3_IRQHandler) for TIM3_IRQHandler
    startup_stm32f207xx.o(RESET) refers to stm32f2xx_it.o(.text.SPI2_IRQHandler) for SPI2_IRQHandler
    startup_stm32f207xx.o(RESET) refers to stm32f2xx_it.o(.text.EXTI15_10_IRQHandler) for EXTI15_10_IRQHandler
    startup_stm32f207xx.o(RESET) refers to stm32f2xx_it.o(.text.SDIO_IRQHandler) for SDIO_IRQHandler
    startup_stm32f207xx.o(RESET) refers to stm32f2xx_it.o(.text.DMA2_Stream0_IRQHandler) for DMA2_Stream0_IRQHandler
    startup_stm32f207xx.o(RESET) refers to stm32f2xx_it.o(.text.DMA2_Stream3_IRQHandler) for DMA2_Stream3_IRQHandler
    startup_stm32f207xx.o(RESET) refers to stm32f2xx_it.o(.text.ETH_IRQHandler) for ETH_IRQHandler
    startup_stm32f207xx.o(RESET) refers to stm32f2xx_it.o(.text.ETH_WKUP_IRQHandler) for ETH_WKUP_IRQHandler
    startup_stm32f207xx.o(RESET) refers to stm32f2xx_it.o(.text.OTG_FS_IRQHandler) for OTG_FS_IRQHandler
    startup_stm32f207xx.o(RESET) refers to stm32f2xx_it.o(.text.DMA2_Stream6_IRQHandler) for DMA2_Stream6_IRQHandler
    startup_stm32f207xx.o(.text) refers to system_stm32f2xx.o(.text.SystemInit) for SystemInit
    startup_stm32f207xx.o(.text) refers to entry.o(.ARM.Collect$$$$00000000) for __main
    udp_echoserver.o(.text.udp_echoserver_init) refers to udp.o(.text.udp_new) for udp_new
    udp_echoserver.o(.text.udp_echoserver_init) refers to udp.o(.text.udp_bind) for udp_bind
    udp_echoserver.o(.text.udp_echoserver_init) refers to udp.o(.text.udp_recv) for udp_recv
    udp_echoserver.o(.text.udp_echoserver_init) refers to ip4_addr.o(.rodata.ip_addr_any) for ip_addr_any
    udp_echoserver.o(.text.udp_echoserver_init) refers to udp_echoserver.o(.text.udp_echoserver_receive_callback) for udp_echoserver_receive_callback
    udp_echoserver.o(.ARM.exidx.text.udp_echoserver_init) refers to udp_echoserver.o(.text.udp_echoserver_init) for [Anonymous Symbol]
    udp_echoserver.o(.text.udp_echoserver_receive_callback) refers to memcpya.o(.text) for __aeabi_memcpy
    udp_echoserver.o(.text.udp_echoserver_receive_callback) refers to usbd_cdc_if.o(.text.CDC_Transmit_FS) for CDC_Transmit_FS
    udp_echoserver.o(.text.udp_echoserver_receive_callback) refers to udp.o(.text.udp_connect) for udp_connect
    udp_echoserver.o(.text.udp_echoserver_receive_callback) refers to udp.o(.text.udp_send) for udp_send
    udp_echoserver.o(.text.udp_echoserver_receive_callback) refers to udp.o(.text.udp_disconnect) for udp_disconnect
    udp_echoserver.o(.text.udp_echoserver_receive_callback) refers to pbuf.o(.text.pbuf_free) for pbuf_free
    udp_echoserver.o(.text.udp_echoserver_receive_callback) refers to udp_echoserver.o(.bss..L_MergedGlobals) for [Anonymous Symbol]
    udp_echoserver.o(.ARM.exidx.text.udp_echoserver_receive_callback) refers to udp_echoserver.o(.text.udp_echoserver_receive_callback) for [Anonymous Symbol]
    main.o(.text.FLIR_Action) refers to stm32f2xx_hal_gpio.o(.text.HAL_GPIO_WritePin) for HAL_GPIO_WritePin
    main.o(.ARM.exidx.text.FLIR_Action) refers to main.o(.text.FLIR_Action) for [Anonymous Symbol]
    main.o(.text.ADC_Print) refers to stm32f2xx_hal_adc.o(.text.HAL_ADC_Start_DMA) for HAL_ADC_Start_DMA
    main.o(.text.ADC_Print) refers to stm32f2xx_hal_dma.o(.text.HAL_DMA_PollForTransfer) for HAL_DMA_PollForTransfer
[...]
    USBD_CtlContinueSendData                 0x08004d69   Thumb Code    16  usbd_ioreq.o(.text.USBD_CtlContinueSendData)
    USBD_CtlError                            0x08004d79   Thumb Code    22  usbd_ctlreq.o(.text.USBD_CtlError)
    USBD_CtlPrepareRx                        0x08004d8f   Thumb Code    26  usbd_ioreq.o(.text.USBD_CtlPrepareRx)
    USBD_CtlReceiveStatus                    0x08004da9   Thumb Code    22  usbd_ioreq.o(.text.USBD_CtlReceiveStatus)
    USBD_CtlSendData                         0x08004dbf   Thumb Code    26  usbd_ioreq.o(.text.USBD_CtlSendData)
    USBD_CtlSendStatus                       0x08004dd9   Thumb Code    22  usbd_ioreq.o(.text.USBD_CtlSendStatus)
    USBD_FS_ConfigStrDescriptor              0x08004df1   Thumb Code    32  usbd_desc.o(.text.USBD_FS_ConfigStrDescriptor)
    USBD_FS_DeviceDescriptor                 0x08004e11   Thumb Code    12  usbd_desc.o(.text.USBD_FS_DeviceDescriptor)
    USBD_FS_InterfaceStrDescriptor           0x08004e1d   Thumb Code    36  usbd_desc.o(.text.USBD_FS_InterfaceStrDescriptor)
    USBD_FS_LangIDStrDescriptor              0x08004e41   Thumb Code    12  usbd_desc.o(.text.USBD_FS_LangIDStrDescriptor)
    USBD_FS_ManufacturerStrDescriptor        0x08004e4d   Thumb Code    32  usbd_desc.o(.text.USBD_FS_ManufacturerStrDescriptor)
    USBD_FS_ProductStrDescriptor             0x08004e6d   Thumb Code    36  usbd_desc.o(.text.USBD_FS_ProductStrDescriptor)
    USBD_FS_SerialStrDescriptor              0x08004e91   Thumb Code    52  usbd_desc.o(.text.USBD_FS_SerialStrDescriptor)
    USBD_GetString                           0x08004ec5   Thumb Code    62  usbd_ctlreq.o(.text.USBD_GetString)
    USBD_Get_USB_Status                      0x08004f05   Thumb Code    24  usbd_conf.o(.text.USBD_Get_USB_Status)
    USBD_Init                                0x08004f1d   Thumb Code    42  usbd_core.o(.text.USBD_Init)
    USBD_LL_ClearStallEP                     0x08004f47   Thumb Code    18  usbd_conf.o(.text.USBD_LL_ClearStallEP)
    USBD_LL_CloseEP                          0x08004f59   Thumb Code    18  usbd_conf.o(.text.USBD_LL_CloseEP)
    USBD_LL_DataInStage                      0x08004f6b   Thumb Code   190  usbd_core.o(.text.USBD_LL_DataInStage)
    USBD_LL_DataOutStage                     0x08005029   Thumb Code   126  usbd_core.o(.text.USBD_LL_DataOutStage)
    USBD_LL_DevConnected                     0x080050a7   Thumb Code     4  usbd_core.o(.text.USBD_LL_DevConnected)
    USBD_LL_DevDisconnected                  0x080050ab   Thumb Code    22  usbd_core.o(.text.USBD_LL_DevDisconnected)
    USBD_LL_GetRxDataSize                    0x080050c1   Thumb Code     8  usbd_conf.o(.text.USBD_LL_GetRxDataSize)
    USBD_LL_Init                             0x080050c9   Thumb Code    96  usbd_conf.o(.text.USBD_LL_Init)
    USBD_LL_IsStallEP                        0x08005129   Thumb Code    32  usbd_conf.o(.text.USBD_LL_IsStallEP)
    USBD_LL_IsoINIncomplete                  0x08005149   Thumb Code     4  usbd_core.o(.text.USBD_LL_IsoINIncomplete)
    USBD_LL_IsoOUTIncomplete                 0x0800514d   Thumb Code     4  usbd_core.o(.text.USBD_LL_IsoOUTIncomplete)
    USBD_LL_OpenEP                           0x08005151   Thumb Code    24  usbd_conf.o(.text.USBD_LL_OpenEP)
    USBD_LL_PrepareReceive                   0x08005169   Thumb Code    18  usbd_conf.o(.text.USBD_LL_PrepareReceive)
    USBD_LL_Reset                            0x0800517b   Thumb Code    80  usbd_core.o(.text.USBD_LL_Reset)
    USBD_LL_Resume                           0x080051cb   Thumb Code    20  usbd_core.o(.text.USBD_LL_Resume)
    USBD_LL_SOF                              0x080051df   Thumb Code    24  usbd_core.o(.text.USBD_LL_SOF)
    USBD_LL_SetSpeed                         0x080051f7   Thumb Code     6  usbd_core.o(.text.USBD_LL_SetSpeed)
    USBD_LL_SetUSBAddress                    0x080051fd   Thumb Code    18  usbd_conf.o(.text.USBD_LL_SetUSBAddress)
    USBD_LL_SetupStage                       0x0800520f   Thumb Code    86  usbd_core.o(.text.USBD_LL_SetupStage)
    USBD_LL_StallEP                          0x08005265   Thumb Code    18  usbd_conf.o(.text.USBD_LL_StallEP)
    USBD_LL_Start                            0x08005277   Thumb Code    18  usbd_conf.o(.text.USBD_LL_Start)
    USBD_LL_Suspend                          0x08005289   Thumb Code    18  usbd_core.o(.text.USBD_LL_Suspend)
    USBD_LL_Transmit                         0x0800529b   Thumb Code    18  usbd_conf.o(.text.USBD_LL_Transmit)
    USBD_ParseSetupRequest                   0x080052ad   Thumb Code    22  usbd_ctlreq.o(.text.USBD_ParseSetupRequest)
    USBD_RegisterClass                       0x080052c3   Thumb Code    14  usbd_core.o(.text.USBD_RegisterClass)
    USBD_SetClassConfig                      0x080052d1   Thumb Code    26  usbd_core.o(.text.USBD_SetClassConfig)
    USBD_Start                               0x080052eb   Thumb Code    10  usbd_core.o(.text.USBD_Start)
    USBD_StdDevReq                           0x080052f5   Thumb Code   624  usbd_ctlreq.o(.text.USBD_StdDevReq)
    USBD_StdEPReq                            0x08005565   Thumb Code   318  usbd_ctlreq.o(.text.USBD_StdEPReq)
    USBD_StdItfReq                           0x080056a3   Thumb Code    76  usbd_ctlreq.o(.text.USBD_StdItfReq)
    USB_ActivateEndpoint                     0x080056f1   Thumb Code   124  stm32f2xx_ll_usb.o(.text.USB_ActivateEndpoint)
    USB_ActivateSetup                        0x0800576d   Thumb Code    54  stm32f2xx_ll_usb.o(.text.USB_ActivateSetup)
    USB_CoreInit                             0x080057a5   Thumb Code   108  stm32f2xx_ll_usb.o(.text.USB_CoreInit)
    USB_DeactivateEndpoint                   0x08005841   Thumb Code   112  stm32f2xx_ll_usb.o(.text.USB_DeactivateEndpoint)
    USB_DevConnect                           0x080058b1   Thumb Code    24  stm32f2xx_ll_usb.o(.text.USB_DevConnect)
    USB_DevDisconnect                        0x080058c9   Thumb Code    24  stm32f2xx_ll_usb.o(.text.USB_DevDisconnect)
    USB_DevInit                              0x080058e1   Thumb Code   428  stm32f2xx_ll_usb.o(.text.USB_DevInit)
    USB_DisableGlobalInt                     0x08005a8d   Thumb Code    12  stm32f2xx_ll_usb.o(.text.USB_DisableGlobalInt)
    USB_EP0StartXfer                         0x08005a99   Thumb Code   232  stm32f2xx_ll_usb.o(.text.USB_EP0StartXfer)
    USB_EP0_OutStart                         0x08005b81   Thumb Code    88  stm32f2xx_ll_usb.o(.text.USB_EP0_OutStart)
    USB_EPClearStall                         0x08005bd9   Thumb Code    48  stm32f2xx_ll_usb.o(.text.USB_EPClearStall)
    USB_EPSetStall                           0x08005c09   Thumb Code    54  stm32f2xx_ll_usb.o(.text.USB_EPSetStall)
    USB_EPStartXfer                          0x08005c41   Thumb Code   348  stm32f2xx_ll_usb.o(.text.USB_EPStartXfer)
    USB_EnableGlobalInt                      0x08005d9d   Thumb Code    12  stm32f2xx_ll_usb.o(.text.USB_EnableGlobalInt)
    USB_FlushRxFifo                          0x08005da9   Thumb Code    28  stm32f2xx_ll_usb.o(.text.USB_FlushRxFifo)
    USB_FlushTxFifo                          0x08005dc5   Thumb Code    32  stm32f2xx_ll_usb.o(.text.USB_FlushTxFifo)
    USB_GetDevSpeed                          0x08005de5   Thumb Code    28  stm32f2xx_ll_usb.o(.text.USB_GetDevSpeed)
    USB_GetMode                              0x08005e01   Thumb Code     8  stm32f2xx_ll_usb.o(.text.USB_GetMode)
    USB_ReadDevAllInEpInterrupt              0x08005e09   Thumb Code    14  stm32f2xx_ll_usb.o(.text.USB_ReadDevAllInEpInterrupt)
    USB_ReadDevAllOutEpInterrupt             0x08005e17   Thumb Code    14  stm32f2xx_ll_usb.o(.text.USB_ReadDevAllOutEpInterrupt)
    USB_ReadDevInEPInterrupt                 0x08005e25   Thumb Code    36  stm32f2xx_ll_usb.o(.text.USB_ReadDevInEPInterrupt)
    USB_ReadDevOutEPInterrupt                0x08005e49   Thumb Code    16  stm32f2xx_ll_usb.o(.text.USB_ReadDevOutEPInterrupt)
    USB_ReadInterrupts                       0x08005e59   Thumb Code     8  stm32f2xx_ll_usb.o(.text.USB_ReadInterrupts)
    USB_ReadPacket                           0x08005e61   Thumb Code    26  stm32f2xx_ll_usb.o(.text.USB_ReadPacket)
    USB_SetCurrentMode                       0x08005e7b   Thumb Code    46  stm32f2xx_ll_usb.o(.text.USB_SetCurrentMode)
    USB_SetDevAddress                        0x08005ea9   Thumb Code    32  stm32f2xx_ll_usb.o(.text.USB_SetDevAddress)
    USB_SetTurnaroundTime                    0x08005ec9   Thumb Code   240  stm32f2xx_ll_usb.o(.text.USB_SetTurnaroundTime)
    USB_WritePacket                          0x08005fb9   Thumb Code    34  stm32f2xx_ll_usb.o(.text.USB_WritePacket)
    UsageFault_Handler                       0x08005fdb   Thumb Code     2  stm32f2xx_it.o(.text.UsageFault_Handler)
    etharp_cleanup_netif                     0x080060b9   Thumb Code    44  etharp.o(.text.etharp_cleanup_netif)
    etharp_input                             0x0800629d   Thumb Code   328  etharp.o(.text.etharp_input)
    etharp_output                            0x080063e5   Thumb Code   284  etharp.o(.text.etharp_output)
    etharp_query                             0x080065ad   Thumb Code   324  etharp.o(.text.etharp_query)
    etharp_request                           0x080067f5   Thumb Code    12  etharp.o(.text.etharp_request)
    etharp_tmr                               0x08006825   Thumb Code   100  etharp.o(.text.etharp_tmr)
    ethernet_input                           0x08006889   Thumb Code   148  ethernet.o(.text.ethernet_input)
    ethernet_output                          0x0800691d   Thumb Code   208  ethernet.o(.text.ethernet_output)
    ethernetif_init                          0x080069ed   Thumb Code   352  ethernetif.o(.text.ethernetif_init)
    ethernetif_input                         0x08006b4d   Thumb Code   208  ethernetif.o(.text.ethernetif_input)
    ethernetif_notify_conn_changed           0x08006c1d   Thumb Code     2  ethernetif.o(.text.ethernetif_notify_conn_changed)
    ethernetif_update_config                 0x08006c21   Thumb Code   172  ethernetif.o(.text.ethernetif_update_config)
    icmp_dest_unreach                        0x08006ccd   Thumb Code     8  icmp.o(.text.icmp_dest_unreach)
    icmp_input                               0x08006cd5   Thumb Code   396  icmp.o(.text.icmp_input)
    icmp_time_exceeded                       0x08006f11   Thumb Code     8  icmp.o(.text.icmp_time_exceeded)
    ip4_addr_isbroadcast_u32                 0x08006f19   Thumb Code    44  ip4_addr.o(.text.ip4_addr_isbroadcast_u32)
    ip4_frag                                 0x08006f45   Thumb Code   540  ip4_frag.o(.text.ip4_frag)
    ip4_input                                0x08007161   Thumb Code   380  ip4.o(.text.ip4_input)
    ip4_output_if                            0x080072dd   Thumb Code    30  ip4.o(.text.ip4_output_if)
    ip4_output_if_src                        0x080072fd   Thumb Code   260  ip4.o(.text.ip4_output_if_src)
    ip4_reass                                0x08007401   Thumb Code   964  ip4_frag.o(.text.ip4_reass)
    ip4_route                                0x080077c5   Thumb Code    88  ip4.o(.text.ip4_route)
    ip_reass_tmr                             0x08007a49   Thumb Code    44  ip4_frag.o(.text.ip_reass_tmr)
    lwip_htons                               0x08007b51   Thumb Code     4  def.o(.text.lwip_htons)
    lwip_init                                0x08007b55   Thumb Code    26  init.o(.text.lwip_init)
    main                                     0x08007b71   Thumb Code  1496  main.o(.text.main)
    mem_free                                 0x08008149   Thumb Code   412  mem.o(.text.mem_free)
    mem_init                                 0x080082e5   Thumb Code    52  mem.o(.text.mem_init)
    mem_malloc                               0x08008319   Thumb Code   384  mem.o(.text.mem_malloc)
    mem_trim                                 0x08008499   Thumb Code   316  mem.o(.text.mem_trim)
    memp_free                                0x080085d5   Thumb Code    64  memp.o(.text.memp_free)
    memp_init                                0x08008615   Thumb Code    24  memp.o(.text.memp_init)
    memp_init_pool                           0x0800862d   Thumb Code    38  memp.o(.text.memp_init_pool)
    memp_malloc                              0x08008655   Thumb Code    84  memp.o(.text.memp_malloc)
    netif_add                                0x080086a9   Thumb Code   224  netif.o(.text.netif_add)
    netif_init                               0x08008789   Thumb Code     2  netif.o(.text.netif_init)
    netif_set_addr                           0x080087a5   Thumb Code    72  netif.o(.text.netif_set_addr)
    netif_set_default                        0x080087ed   Thumb Code    12  netif.o(.text.netif_set_default)
    netif_set_down                           0x080087f9   Thumb Code    26  netif.o(.text.netif_set_down)
    netif_set_ipaddr                         0x08008815   Thumb Code    60  netif.o(.text.netif_set_ipaddr)
    netif_set_link_callback                  0x08008851   Thumb Code     6  netif.o(.text.netif_set_link_callback)
    netif_set_up                             0x08008857   Thumb Code    28  netif.o(.text.netif_set_up)
    pbuf_alloc                               0x08008875   Thumb Code   556  pbuf.o(.text.pbuf_alloc)
    pbuf_alloced_custom                      0x08008aa1   Thumb Code   136  pbuf.o(.text.pbuf_alloced_custom)
    pbuf_cat                                 0x08008b29   Thumb Code   224  pbuf.o(.text.pbuf_cat)
    pbuf_chain                               0x08008c09   Thumb Code    18  pbuf.o(.text.pbuf_chain)
    pbuf_clen                                0x08008c1b   Thumb Code    14  pbuf.o(.text.pbuf_clen)
    pbuf_copy                                0x08008c29   Thumb Code   396  pbuf.o(.text.pbuf_copy)
    pbuf_free                                0x08008db5   Thumb Code   272  pbuf.o(.text.pbuf_free)
    pbuf_header                              0x08008ec5   Thumb Code     6  pbuf.o(.text.pbuf_header)
    pbuf_header_force                        0x08008ecb   Thumb Code     6  pbuf.o(.text.pbuf_header_force)
    pbuf_realloc                             0x08008f9d   Thumb Code   324  pbuf.o(.text.pbuf_realloc)
    pbuf_ref                                 0x080090e1   Thumb Code    60  pbuf.o(.text.pbuf_ref)
    sys_check_timeouts                       0x0800911d   Thumb Code    80  timeouts.o(.text.sys_check_timeouts)
    sys_now                                  0x0800916d   Thumb Code     4  ethernetif.o(.text.sys_now)
    sys_timeout                              0x08009171   Thumb Code   252  timeouts.o(.text.sys_timeout)
    sys_timeouts_init                        0x0800926d   Thumb Code    48  timeouts.o(.text.sys_timeouts_init)
    udp_bind                                 0x0800929d   Thumb Code   176  udp.o(.text.udp_bind)
    udp_connect                              0x0800934d   Thumb Code    76  udp.o(.text.udp_connect)
    udp_disconnect                           0x08009399   Thumb Code    16  udp.o(.text.udp_disconnect)
    udp_echoserver_init                      0x080093a9   Thumb Code    52  udp_echoserver.o(.text.udp_echoserver_init)
    udp_echoserver_receive_callback          0x080093dd   Thumb Code    76  udp_echoserver.o(.text.udp_echoserver_receive_callback)
    udp_init                                 0x08009429   Thumb Code     2  udp.o(.text.udp_init)
    udp_input                                0x0800942d   Thumb Code   312  udp.o(.text.udp_input)
    udp_netif_ip_addr_changed                0x08009565   Thumb Code    44  udp.o(.text.udp_netif_ip_addr_changed)
    udp_new                                  0x08009591   Thumb Code    28  udp.o(.text.udp_new)
    udp_recv                                 0x080095ad   Thumb Code     6  udp.o(.text.udp_recv)
    udp_send                                 0x080095b3   Thumb Code    16  udp.o(.text.udp_send)
    udp_sendto                               0x080095c3   Thumb Code    46  udp.o(.text.udp_sendto)
    udp_sendto_if                            0x080095f1   Thumb Code    48  udp.o(.text.udp_sendto_if)
    udp_sendto_if_src                        0x08009621   Thumb Code   236  udp.o(.text.udp_sendto_if_src)
    __0printf$6                              0x0800970d   Thumb Code    22  printf6.o(i.__0printf$6)
    __1printf$6                              0x0800970d   Thumb Code     0  printf6.o(i.__0printf$6)
    __2printf                                0x0800970d   Thumb Code     0  printf6.o(i.__0printf$6)
    __0sprintf$6                             0x0800972d   Thumb Code    34  printf6.o(i.__0sprintf$6)
    __1sprintf$6                             0x0800972d   Thumb Code     0  printf6.o(i.__0sprintf$6)
    __2sprintf                               0x0800972d   Thumb Code     0  printf6.o(i.__0sprintf$6)
    __aeabi_errno_addr                       0x08009755   Thumb Code     4  errno.o(i.__aeabi_errno_addr)
    __rt_errno_addr                          0x08009755   Thumb Code     0  errno.o(i.__aeabi_errno_addr)
    __scatterload_copy                       0x0800975d   Thumb Code    14  handlers.o(i.__scatterload_copy)
    __scatterload_null                       0x0800976b   Thumb Code     2  handlers.o(i.__scatterload_null)
    __scatterload_zeroinit                   0x0800976d   Thumb Code    14  handlers.o(i.__scatterload_zeroinit)
    fputc                                    0x08009ac9   Thumb Code    18  fputc.o(i.fputc)
    free                                     0x08009add   Thumb Code    76  malloc.o(i.free)
    malloc                                   0x08009b2d   Thumb Code    92  malloc.o(i.malloc)
    __ctype_table                            0x08009b98   Data         129  ctype_o.o(.constdata)
    AHBPrescTable                            0x08009c20   Data          16  system_stm32f2xx.o(.rodata.AHBPrescTable)
    APBPrescTable                            0x08009c30   Data           8  system_stm32f2xx.o(.rodata.APBPrescTable)
    SD_Driver                                0x08009c38   Data          20  sd_diskio.o(.rodata.SD_Driver)
    ethbroadcast                             0x08009c4c   Data           6  ethernet.o(.rodata.ethbroadcast)
    ethzero                                  0x08009c52   Data           6  ethernet.o(.rodata.ethzero)
    ip_addr_any                              0x08009c58   Data           4  ip4_addr.o(.rodata.ip_addr_any)
    lwip_cyclic_timers                       0x08009c5c   Data          16  timeouts.o(.rodata.lwip_cyclic_timers)
    memp_FRAG_PBUF                           0x08009c6c   Data          12  memp.o(.rodata.memp_FRAG_PBUF)
    memp_PBUF                                0x08009c78   Data          12  memp.o(.rodata.memp_PBUF)
    memp_PBUF_POOL                           0x08009c84   Data          12  memp.o(.rodata.memp_PBUF_POOL)
    memp_REASSDATA                           0x08009c90   Data          12  memp.o(.rodata.memp_REASSDATA)
    memp_SYS_TIMEOUT                         0x08009c9c   Data          12  memp.o(.rodata.memp_SYS_TIMEOUT)
    memp_UDP_PCB                             0x08009ca8   Data          12  memp.o(.rodata.memp_UDP_PCB)
    memp_pools                               0x08009cb4   Data          24  memp.o(.rodata.memp_pools)
    Region$$Table$$Base                      0x08009fd8   Number         0  anon$$obj.o(Region$$Table)
    Region$$Table$$Limit                     0x08009ff8   Number         0  anon$$obj.o(Region$$Table)
    __stdout                                 0x20000000   Data           4  stdout.o(.data)
    __microlib_freelist                      0x20000004   Data           4  mvars.o(.data)
    __microlib_freelist_initialised          0x20000008   Data           4  mvars.o(.data)
    uwTickFreq                               0x20000010   Data           1  stm32f2xx_hal.o(.data..L_MergedGlobals)
    uwTickPrio                               0x20000014   Data           4  stm32f2xx_hal.o(.data..L_MergedGlobals)
    FS_Desc                                  0x20000018   Data          28  usbd_desc.o(.data.FS_Desc)
    Manual                                   0x20000034   Data         131  usbd_cdc_if.o(.data.Manual)
    SystemCoreClock                          0x200000b8   Data           4  system_stm32f2xx.o(.data.SystemCoreClock)
    USBD_CDC                                 0x200000bc   Data          56  usbd_cdc.o(.data.USBD_CDC)
    USBD_CDC_CfgFSDesc                       0x200000f4   Data          67  usbd_cdc.o(.data.USBD_CDC_CfgFSDesc)
    USBD_CDC_CfgHSDesc                       0x20000138   Data          67  usbd_cdc.o(.data.USBD_CDC_CfgHSDesc)
    USBD_CDC_OtherSpeedCfgDesc               0x20000188   Data          67  usbd_cdc.o(.data.USBD_CDC_OtherSpeedCfgDesc)
    USBD_FS_DeviceDesc                       0x200001cc   Data          18  usbd_desc.o(.data.USBD_FS_DeviceDesc)
    USBD_Interface_fops_FS                   0x200001e0   Data          16  usbd_cdc_if.o(.data.USBD_Interface_fops_FS)
    USBD_LangIDDesc                          0x200001f0   Data           4  usbd_desc.o(.data.USBD_LangIDDesc)
    USBD_StringSerial                        0x200001f4   Data          26  usbd_desc.o(.data.USBD_StringSerial)
    encoderTargetCount                       0x20000210   Data           4  main.o(.data.encoderTargetCount)
    udp_data                                 0x20000218   Data           1  udp_echoserver.o(.bss..L_MergedGlobals)
    udp_flag                                 0x20000219   Data           1  udp_echoserver.o(.bss..L_MergedGlobals)
    bFlag                                    0x2000021c   Data           1  main.o(.bss..L_MergedGlobals)
    UFlag                                    0x2000021d   Data           1  main.o(.bss..L_MergedGlobals)
    EnterFlag                                0x2000021e   Data           1  main.o(.bss..L_MergedGlobals)
    stb0                                     0x2000021f   Data           1  main.o(.bss..L_MergedGlobals)
    stb1                                     0x20000220   Data           1  main.o(.bss..L_MergedGlobals)
    stb_all                                  0x20000221   Data           1  main.o(.bss..L_MergedGlobals)
    udpIntput                                0x20000222   Data           1  main.o(.bss..L_MergedGlobals)
    A_PLS_CNT                                0x20000224   Data           2  main.o(.bss..L_MergedGlobals)
    adcValue                                 0x20000228   Data          16  main.o(.bss..L_MergedGlobals)
    htim8                                    0x20000238   Data          64  main.o(.bss..L_MergedGlobals)
    retSD                                    0x20000278   Data           1  fatfs.o(.bss..L_MergedGlobals)
    SDPath                                   0x20000279   Data           4  fatfs.o(.bss..L_MergedGlobals)
    EthernetLinkTimer                        0x20000280   Data           4  ethernetif.o(.bss..L_MergedGlobals)
    heth                                     0x20000284   Data          72  ethernetif.o(.bss..L_MergedGlobals)
    IP_ADDRESS                               0x200002cc   Data           4  lwip.o(.bss..L_MergedGlobals)
    NETMASK_ADDRESS                          0x200002d0   Data           4  lwip.o(.bss..L_MergedGlobals)
    GATEWAY_ADDRESS                          0x200002d4   Data           4  lwip.o(.bss..L_MergedGlobals)
    ipaddr                                   0x200002d8   Data           4  lwip.o(.bss..L_MergedGlobals)
    netmask                                  0x200002dc   Data           4  lwip.o(.bss..L_MergedGlobals)
    gw                                       0x200002e0   Data           4  lwip.o(.bss..L_MergedGlobals)
    gnetif                                   0x200002e4   Data          52  lwip.o(.bss..L_MergedGlobals)
    netif_list                               0x20000328   Data           4  netif.o(.bss..L_MergedGlobals)
    netif_default                            0x2000032c   Data           4  netif.o(.bss..L_MergedGlobals)
    B_PLS_CNT                                0x20000340   Data           2  main.o(.bss.B_PLS_CNT)
    DMARxDscrTab                             0x20000344   Data         128  ethernetif.o(.bss.DMARxDscrTab)
    DMATxDscrTab                             0x200003c4   Data         128  ethernetif.o(.bss.DMATxDscrTab)
    Rx_Buff                                  0x20000444   Data        6096  ethernetif.o(.bss.Rx_Buff)
    Tx_Buff                                  0x20001c14   Data        6096  ethernetif.o(.bss.Tx_Buff)
    URxbuf                                   0x200033e4   Data         200  usbd_cdc_if.o(.bss.URxbuf)
    USBD_StrDesc                             0x200034b0   Data         512  usbd_desc.o(.bss.USBD_StrDesc)
    UTxbuf                                   0x200036b0   Data         200  main.o(.bss.UTxbuf)
    UserRxBufferFS                           0x20003778   Data         300  usbd_cdc_if.o(.bss.UserRxBufferFS)
    UserTxBufferFS                           0x200038a4   Data         300  usbd_cdc_if.o(.bss.UserTxBufferFS)
    bufptr                                   0x20003ac0   Data           4  usbd_cdc_if.o(.bss.bufptr)
    disk                                     0x20003ac4   Data          12  ff_gen_drv.o(.bss.disk)
    hUsbDeviceFS                             0x20003ad4   Data         708  usb_device.o(.bss.hUsbDeviceFS)
    hadc1                                    0x20003d98   Data          72  main.o(.bss.hadc1)
    hdma_adc1                                0x20003de0   Data          96  main.o(.bss.hdma_adc1)
    hdma_sdio_rx                             0x20003e40   Data          96  main.o(.bss.hdma_sdio_rx)
    hdma_sdio_tx                             0x20003ea0   Data          96  main.o(.bss.hdma_sdio_tx)
    hdma_spi2_rx                             0x20003f00   Data          96  main.o(.bss.hdma_spi2_rx)
    hdma_spi2_tx                             0x20003f60   Data          96  main.o(.bss.hdma_spi2_tx)
    hpcd_USB_OTG_FS                          0x20003fc0   Data        1024  usbd_conf.o(.bss.hpcd_USB_OTG_FS)
    hsd                                      0x200043c0   Data         132  main.o(.bss.hsd)
    hspi2                                    0x20004444   Data          88  main.o(.bss.hspi2)
    huart3                                   0x2000449c   Data          64  main.o(.bss.huart3)
    ip_data                                  0x200044dc   Data          24  ip.o(.bss.ip_data)
    memp_memory_FRAG_PBUF_base               0x200044f6   Data         363  memp.o(.bss.memp_memory_FRAG_PBUF_base)
    memp_memory_PBUF_POOL_base               0x20004661   Data        9731  memp.o(.bss.memp_memory_PBUF_POOL_base)
    memp_memory_PBUF_base                    0x20006c64   Data         259  memp.o(.bss.memp_memory_PBUF_base)
    memp_memory_REASSDATA_base               0x20006d67   Data         163  memp.o(.bss.memp_memory_REASSDATA_base)
    memp_memory_SYS_TIMEOUT_base             0x20006e0a   Data          35  memp.o(.bss.memp_memory_SYS_TIMEOUT_base)
    memp_memory_UDP_PCB_base                 0x20006e2d   Data         131  memp.o(.bss.memp_memory_UDP_PCB_base)
    ram_heap                                 0x20006ec8   Data        1619  mem.o(.bss.ram_heap)
    udp_pcbs                                 0x2000751c   Data           4  udp.o(.bss.udp_pcbs)
    uwTick                                   0x20007520   Data           4  stm32f2xx_hal.o(.bss.uwTick)
    __heap_base                              0x20007528   Data           0  startup_stm32f207xx.o(HEAP)
    __heap_limit                             0x20007928   Data           0  startup_stm32f207xx.o(HEAP)
    __initial_sp                             0x20007d28   Data           0  startup_stm32f207xx.o(STACK)



==============================================================================

Memory Map of the image

  Image Entry point : 0x08000185

  Load Region LR_IROM1 (Base: 0x08000000, Size: 0x0000a210, Max: 0x00100000, ABSOLUTE, COMPRESSED[0x0000a120])

    Execution Region ER_IROM1 (Exec base: 0x08000000, Load base: 0x08000000, Size: 0x00009ff8, Max: 0x00100000, ABSOLUTE)

    Exec Addr    Load Addr    Size         Type   Attr      Idx    E Section Name        Object

    0x08000000   0x08000000   0x00000184   Data   RO            3    RESET               startup_stm32f207xx.o
    0x08000184   0x08000184   0x00000000   Code   RO         2777  * .ARM.Collect$$$$00000000  mc_w.l(entry.o)
    0x08000184   0x08000184   0x00000004   Code   RO         3085    .ARM.Collect$$$$00000001  mc_w.l(entry2.o)
    0x08000188   0x08000188   0x00000004   Code   RO         3088    .ARM.Collect$$$$00000004  mc_w.l(entry5.o)
    0x0800018c   0x0800018c   0x00000000   Code   RO         3090    .ARM.Collect$$$$00000008  mc_w.l(entry7b.o)
    0x0800018c   0x0800018c   0x00000000   Code   RO         3092    .ARM.Collect$$$$0000000A  mc_w.l(entry8b.o)
    0x0800018c   0x0800018c   0x00000008   Code   RO         3093    .ARM.Collect$$$$0000000B  mc_w.l(entry9a.o)
    0x08000194   0x08000194   0x00000000   Code   RO         3095    .ARM.Collect$$$$0000000D  mc_w.l(entry10a.o)
    0x08000194   0x08000194   0x00000000   Code   RO         3097    .ARM.Collect$$$$0000000F  mc_w.l(entry11a.o)
    0x08000194   0x08000194   0x00000004   Code   RO         3086    .ARM.Collect$$$$00002712  mc_w.l(entry2.o)
    0x08000198   0x08000198   0x00000024   Code   RO            4    .text               startup_stm32f207xx.o
    0x080001bc   0x080001bc   0x00000062   Code   RO         2780    .text               mc_w.l(uldiv.o)
    0x0800021e   0x0800021e   0x00000024   Code   RO         2782    .text               mc_w.l(memcpya.o)
    0x08000242   0x08000242   0x00000024   Code   RO         2784    .text               mc_w.l(memseta.o)
    0x08000266   0x08000266   0x0000000e   Code   RO         2786    .text               mc_w.l(strlen.o)
    0x08000274   0x08000274   0x0000001a   Code   RO         2788    .text               mc_w.l(memcmp.o)
    0x0800028e   0x0800028e   0x0000001a   Code   RO         3083    .text               mc_w.l(atoi.o)
    0x080002a8   0x080002a8   0x0000002c   Code   RO         3104    .text               mc_w.l(uidiv.o)
    0x080002d4   0x080002d4   0x0000001e   Code   RO         3106    .text               mc_w.l(llshl.o)
    0x080002f2   0x080002f2   0x00000020   Code   RO         3108    .text               mc_w.l(llushr.o)
    0x08000312   0x08000312   0x00000070   Code   RO         3119    .text               mc_w.l(strtol.o)
    0x08000382   0x08000382   0x00000002   PAD
    0x08000384   0x08000384   0x00000024   Code   RO         3132    .text               mc_w.l(init.o)
    0x080003a8   0x080003a8   0x00000000   Code   RO         3134    .text               mc_w.l(semi.o)
    0x080003a8   0x080003a8   0x00000008   Code   RO         3137    .text               mc_w.l(ctype_o.o)
    0x080003b0   0x080003b0   0x0000009e   Code   RO         3165    .text               mc_w.l(_strtoul.o)
    0x0800044e   0x0800044e   0x00000000   Code   RO         3167    .text               mc_w.l(iusesemip.o)
    0x0800044e   0x0800044e   0x0000001c   Code   RO         3170    .text               mc_w.l(_chval.o)
    0x0800046a   0x0800046a   0x00000056   Code   RO         3180    .text               mc_w.l(__dczerorl2.o)
    0x080004c0   0x080004c0   0x0000000c   Code   RO           84    .text.ADC_IRQHandler  stm32f2xx_it.o
    0x080004cc   0x080004cc   0x00000018   Code   RO          185    .text.BSP_PlatformIsDetected  fatfs_platform.o
    0x080004e4   0x080004e4   0x00000002   Code   RO          167    .text.BSP_SD_AbortCallback  bsp_driver_sd.o
    0x080004e6   0x080004e6   0x00000002   PAD
    0x080004e8   0x080004e8   0x00000008   Code   RO          163    .text.BSP_SD_GetCardInfo  bsp_driver_sd.o
    0x080004f0   0x080004f0   0x00000010   Code   RO          161    .text.BSP_SD_GetCardState  bsp_driver_sd.o
    0x08000500   0x08000500   0x0000002c   Code   RO          143    .text.BSP_SD_Init   bsp_driver_sd.o
    0x0800052c   0x0800052c   0x0000001a   Code   RO          145    .text.BSP_SD_IsDetected  bsp_driver_sd.o
    0x08000546   0x08000546   0x00000002   PAD
    0x08000548   0x08000548   0x0000001c   Code   RO          151    .text.BSP_SD_ReadBlocks  bsp_driver_sd.o
    0x08000564   0x08000564   0x00000002   Code   RO          175    .text.BSP_SD_ReadCpltCallback  bsp_driver_sd.o
    0x08000566   0x08000566   0x00000002   PAD
    0x08000568   0x08000568   0x00000020   Code   RO          153    .text.BSP_SD_WriteBlocks  bsp_driver_sd.o
    0x08000588   0x08000588   0x00000002   Code   RO          171    .text.BSP_SD_WriteCpltCallback  bsp_driver_sd.o
    0x0800058a   0x0800058a   0x00000002   Code   RO           68    .text.BusFault_Handler  stm32f2xx_it.o
    0x0800058c   0x0800058c   0x00000004   Code   RO          250    .text.CDC_Control_FS  usbd_cdc_if.o
    0x08000590   0x08000590   0x00000004   Code   RO          248    .text.CDC_DeInit_FS  usbd_cdc_if.o
    0x08000594   0x08000594   0x00000024   Code   RO          246    .text.CDC_Init_FS   usbd_cdc_if.o
    0x080005b8   0x080005b8   0x00000198   Code   RO          252    .text.CDC_Receive_FS  usbd_cdc_if.o
    0x08000750   0x08000750   0x0000002c   Code   RO          254    .text.CDC_Transmit_FS  usbd_cdc_if.o
    0x0800077c   0x0800077c   0x0000000c   Code   RO           80    .text.DMA1_Stream3_IRQHandler  stm32f2xx_it.o
    0x08000788   0x08000788   0x0000000c   Code   RO           82    .text.DMA1_Stream4_IRQHandler  stm32f2xx_it.o
    0x08000794   0x08000794   0x0000000c   Code   RO           94    .text.DMA2_Stream0_IRQHandler  stm32f2xx_it.o
    0x080007a0   0x080007a0   0x0000000c   Code   RO           96    .text.DMA2_Stream3_IRQHandler  stm32f2xx_it.o
    0x080007ac   0x080007ac   0x0000000c   Code   RO          104    .text.DMA2_Stream6_IRQHandler  stm32f2xx_it.o
    0x080007b8   0x080007b8   0x00000030   Code   RO          754    .text.DMA_CalcBaseAndBitshift  stm32f2xx_hal_dma.o
    0x080007e8   0x080007e8   0x00000002   Code   RO           74    .text.DebugMon_Handler  stm32f2xx_it.o
    0x080007ea   0x080007ea   0x00000002   PAD
    0x080007ec   0x080007ec   0x00000020   Code   RO          435    .text.ETH_Delay     stm32f2xx_hal_eth.o
    0x0800080c   0x0800080c   0x00000026   Code   RO          425    .text.ETH_FlushTransmitFIFO  stm32f2xx_hal_eth.o
    0x08000832   0x08000832   0x00000002   PAD
    0x08000834   0x08000834   0x00000008   Code   RO           98    .text.ETH_IRQHandler  stm32f2xx_it.o
    0x0800083c   0x0800083c   0x000000e8   Code   RO          397    .text.ETH_MACDMAConfig  stm32f2xx_hal_eth.o
    0x08000924   0x08000924   0x0000000c   Code   RO          100    .text.ETH_WKUP_IRQHandler  stm32f2xx_it.o
    0x08000930   0x08000930   0x0000002c   Code   RO           90    .text.EXTI15_10_IRQHandler  stm32f2xx_it.o
    0x0800095c   0x0800095c   0x00000002   Code   RO           34    .text.Error_Handler  main.o
    0x0800095e   0x0800095e   0x00000006   Code   RO         2113    .text.FATFS_LinkDriver  ff_gen_drv.o
    0x08000964   0x08000964   0x00000040   Code   RO         2111    .text.FATFS_LinkDriverEx  ff_gen_drv.o
    0x080009a4   0x080009a4   0x00000002   Code   RO         1171    .text.HAL_ADCEx_InjectedConvCpltCallback  stm32f2xx_hal_adc_ex.o
    0x080009a6   0x080009a6   0x00000002   PAD
    0x080009a8   0x080009a8   0x000000ec   Code   RO         1131    .text.HAL_ADC_ConfigChannel  stm32f2xx_hal_adc.o
    0x08000a94   0x08000a94   0x00000002   Code   RO         1111    .text.HAL_ADC_ConvCpltCallback  stm32f2xx_hal_adc.o
    0x08000a96   0x08000a96   0x00000002   Code   RO         1115    .text.HAL_ADC_ErrorCallback  stm32f2xx_hal_adc.o
    0x08000a98   0x08000a98   0x0000013a   Code   RO         1109    .text.HAL_ADC_IRQHandler  stm32f2xx_hal_adc.o
    0x08000bd2   0x08000bd2   0x00000002   PAD
    0x08000bd4   0x08000bd4   0x00000140   Code   RO         1089    .text.HAL_ADC_Init  stm32f2xx_hal_adc.o
    0x08000d14   0x08000d14   0x00000002   Code   RO         1113    .text.HAL_ADC_LevelOutOfWindowCallback  stm32f2xx_hal_adc.o
    0x08000d16   0x08000d16   0x00000002   PAD
    0x08000d18   0x08000d18   0x000000b4   Code   RO          115    .text.HAL_ADC_MspInit  stm32f2xx_hal_msp.o
    0x08000dcc   0x08000dcc   0x00000024   Code   RO          766    .text.HAL_DMA_Abort_IT  stm32f2xx_hal_dma.o
    0x08000df0   0x08000df0   0x00000170   Code   RO          770    .text.HAL_DMA_IRQHandler  stm32f2xx_hal_dma.o
    0x08000f60   0x08000f60   0x00000118   Code   RO          752    .text.HAL_DMA_Init  stm32f2xx_hal_dma.o
    0x08001078   0x08001078   0x00000028   Code   RO          465    .text.HAL_Delay     stm32f2xx_hal.o
    0x080010a0   0x080010a0   0x00000118   Code   RO          429    .text.HAL_ETH_ConfigMAC  stm32f2xx_hal_eth.o
    0x080011b8   0x080011b8   0x0000006c   Code   RO          407    .text.HAL_ETH_DMARxDescListInit  stm32f2xx_hal_eth.o
    0x08001224   0x08001224   0x00000070   Code   RO          405    .text.HAL_ETH_DMATxDescListInit  stm32f2xx_hal_eth.o
    0x08001294   0x08001294   0x00000002   Code   RO          421    .text.HAL_ETH_ErrorCallback  stm32f2xx_hal_eth.o
    0x08001296   0x08001296   0x0000007c   Code   RO          411    .text.HAL_ETH_GetReceivedFrame  stm32f2xx_hal_eth.o
    0x08001312   0x08001312   0x0000006a   Code   RO          415    .text.HAL_ETH_IRQHandler  stm32f2xx_hal_eth.o
    0x0800137c   0x0800137c   0x000001d8   Code   RO          391    .text.HAL_ETH_Init  stm32f2xx_hal_eth.o
    0x08001554   0x08001554   0x00000148   Code   RO          337    .text.HAL_ETH_MspInit  ethernetif.o
    0x0800169c   0x0800169c   0x00000070   Code   RO          399    .text.HAL_ETH_ReadPHYRegister  stm32f2xx_hal_eth.o
    0x0800170c   0x0800170c   0x00000002   Code   RO          417    .text.HAL_ETH_RxCpltCallback  stm32f2xx_hal_eth.o
    0x0800170e   0x0800170e   0x00000074   Code   RO          423    .text.HAL_ETH_Start  stm32f2xx_hal_eth.o
    0x08001782   0x08001782   0x00000074   Code   RO          427    .text.HAL_ETH_Stop  stm32f2xx_hal_eth.o
    0x080017f6   0x080017f6   0x00000002   PAD
    0x080017f8   0x080017f8   0x000000e0   Code   RO          409    .text.HAL_ETH_TransmitFrame  stm32f2xx_hal_eth.o
    0x080018d8   0x080018d8   0x00000002   Code   RO          419    .text.HAL_ETH_TxCpltCallback  stm32f2xx_hal_eth.o
    0x080018da   0x080018da   0x0000006a   Code   RO          395    .text.HAL_ETH_WritePHYRegister  stm32f2xx_hal_eth.o
    0x08001944   0x08001944   0x0000005c   Code   RO           28    .text.HAL_GPIO_EXTI_Callback  main.o
    0x080019a0   0x080019a0   0x00000014   Code   RO          740    .text.HAL_GPIO_EXTI_IRQHandler  stm32f2xx_hal_gpio.o
    0x080019b4   0x080019b4   0x00000184   Code   RO          728    .text.HAL_GPIO_Init  stm32f2xx_hal_gpio.o
    0x08001b38   0x08001b38   0x0000000a   Code   RO          732    .text.HAL_GPIO_ReadPin  stm32f2xx_hal_gpio.o
    0x08001b42   0x08001b42   0x0000000c   Code   RO          736    .text.HAL_GPIO_TogglePin  stm32f2xx_hal_gpio.o
    0x08001b4e   0x08001b4e   0x0000000a   Code   RO          734    .text.HAL_GPIO_WritePin  stm32f2xx_hal_gpio.o
    0x08001b58   0x08001b58   0x00000008   Code   RO          457    .text.HAL_GetTick   stm32f2xx_hal.o
    0x08001b60   0x08001b60   0x00000014   Code   RO          455    .text.HAL_IncTick   stm32f2xx_hal.o
    0x08001b74   0x08001b74   0x00000034   Code   RO          445    .text.HAL_Init      stm32f2xx_hal.o
    0x08001ba8   0x08001ba8   0x00000040   Code   RO          447    .text.HAL_InitTick  stm32f2xx_hal.o
    0x08001be8   0x08001be8   0x00000038   Code   RO          113    .text.HAL_MspInit   stm32f2xx_hal_msp.o
    0x08001c20   0x08001c20   0x0000001c   Code   RO          563    .text.HAL_NVIC_EnableIRQ  stm32f2xx_hal_cortex.o
    0x08001c3c   0x08001c3c   0x00000038   Code   RO          559    .text.HAL_NVIC_SetPriority  stm32f2xx_hal_cortex.o
    0x08001c74   0x08001c74   0x00000020   Code   RO          557    .text.HAL_NVIC_SetPriorityGrouping  stm32f2xx_hal_cortex.o
    0x08001c94   0x08001c94   0x00000008   Code   RO          898    .text.HAL_PCDEx_SetRxFiFo  stm32f2xx_hal_pcd_ex.o
    0x08001c9c   0x08001c9c   0x00000040   Code   RO          896    .text.HAL_PCDEx_SetTxFiFo  stm32f2xx_hal_pcd_ex.o
    0x08001cdc   0x08001cdc   0x00000008   Code   RO          292    .text.HAL_PCD_ConnectCallback  usbd_conf.o
    0x08001ce4   0x08001ce4   0x00000012   Code   RO          278    .text.HAL_PCD_DataInStageCallback  usbd_conf.o
    0x08001cf6   0x08001cf6   0x00000014   Code   RO          276    .text.HAL_PCD_DataOutStageCallback  usbd_conf.o
    0x08001d0a   0x08001d0a   0x00000008   Code   RO          294    .text.HAL_PCD_DisconnectCallback  usbd_conf.o
    0x08001d12   0x08001d12   0x0000004a   Code   RO          956    .text.HAL_PCD_EP_Close  stm32f2xx_hal_pcd.o
    0x08001d5c   0x08001d5c   0x0000005a   Code   RO          966    .text.HAL_PCD_EP_ClrStall  stm32f2xx_hal_pcd.o
    0x08001db6   0x08001db6   0x00000012   Code   RO          960    .text.HAL_PCD_EP_GetRxCount  stm32f2xx_hal_pcd.o
    0x08001dc8   0x08001dc8   0x0000005c   Code   RO          954    .text.HAL_PCD_EP_Open  stm32f2xx_hal_pcd.o
    0x08001e24   0x08001e24   0x00000042   Code   RO          958    .text.HAL_PCD_EP_Receive  stm32f2xx_hal_pcd.o
    0x08001e66   0x08001e66   0x0000006e   Code   RO          964    .text.HAL_PCD_EP_SetStall  stm32f2xx_hal_pcd.o
    0x08001ed4   0x08001ed4   0x0000003c   Code   RO          962    .text.HAL_PCD_EP_Transmit  stm32f2xx_hal_pcd.o
    0x08001f10   0x08001f10   0x000005fa   Code   RO          924    .text.HAL_PCD_IRQHandler  stm32f2xx_hal_pcd.o
    0x0800250a   0x0800250a   0x00000008   Code   RO          290    .text.HAL_PCD_ISOINIncompleteCallback  usbd_conf.o
    0x08002512   0x08002512   0x00000008   Code   RO          288    .text.HAL_PCD_ISOOUTIncompleteCallback  usbd_conf.o
    0x0800251a   0x0800251a   0x00000138   Code   RO          912    .text.HAL_PCD_Init  stm32f2xx_hal_pcd.o
    0x08002652   0x08002652   0x00000002   PAD
    0x08002654   0x08002654   0x00000098   Code   RO          270    .text.HAL_PCD_MspInit  usbd_conf.o
    0x080026ec   0x080026ec   0x0000002a   Code   RO          282    .text.HAL_PCD_ResetCallback  usbd_conf.o
    0x08002716   0x08002716   0x00000008   Code   RO          286    .text.HAL_PCD_ResumeCallback  usbd_conf.o
    0x0800271e   0x0800271e   0x00000008   Code   RO          280    .text.HAL_PCD_SOFCallback  usbd_conf.o
    0x08002726   0x08002726   0x00000028   Code   RO          952    .text.HAL_PCD_SetAddress  stm32f2xx_hal_pcd.o
    0x0800274e   0x0800274e   0x0000000e   Code   RO          274    .text.HAL_PCD_SetupStageCallback  usbd_conf.o
    0x0800275c   0x0800275c   0x0000002a   Code   RO          922    .text.HAL_PCD_Start  stm32f2xx_hal_pcd.o
    0x08002786   0x08002786   0x00000002   PAD
    0x08002788   0x08002788   0x00000030   Code   RO          284    .text.HAL_PCD_SuspendCallback  usbd_conf.o
    0x080027b8   0x080027b8   0x00000124   Code   RO          513    .text.HAL_RCC_ClockConfig  stm32f2xx_hal_rcc.o
    0x080028dc   0x080028dc   0x00000008   Code   RO          523    .text.HAL_RCC_GetHCLKFreq  stm32f2xx_hal_rcc.o
    0x080028e4   0x080028e4   0x00000014   Code   RO          525    .text.HAL_RCC_GetPCLK1Freq  stm32f2xx_hal_rcc.o
    0x080028f8   0x080028f8   0x00000020   Code   RO          527    .text.HAL_RCC_GetPCLK2Freq  stm32f2xx_hal_rcc.o
    0x08002918   0x08002918   0x0000005c   Code   RO          515    .text.HAL_RCC_GetSysClockFreq  stm32f2xx_hal_rcc.o
    0x08002974   0x08002974   0x000002c4   Code   RO          511    .text.HAL_RCC_OscConfig  stm32f2xx_hal_rcc.o
    0x08002c38   0x08002c38   0x00000004   Code   RO          165    .text.HAL_SD_AbortCallback  bsp_driver_sd.o
    0x08002c3c   0x08002c3c   0x000000e0   Code   RO         1331    .text.HAL_SD_ConfigWideBusOperation  stm32f2xx_hal_sd.o
    0x08002d1c   0x08002d1c   0x00000002   Code   RO         1307    .text.HAL_SD_ErrorCallback  stm32f2xx_hal_sd.o
    0x08002d1e   0x08002d1e   0x00000002   PAD
    0x08002d20   0x08002d20   0x00000178   Code   RO         1325    .text.HAL_SD_GetCardCSD  stm32f2xx_hal_sd.o
    0x08002e98   0x08002e98   0x00000020   Code   RO         1329    .text.HAL_SD_GetCardInfo  stm32f2xx_hal_sd.o
    0x08002eb8   0x08002eb8   0x00000028   Code   RO         1333    .text.HAL_SD_GetCardState  stm32f2xx_hal_sd.o
    0x08002ee0   0x08002ee0   0x00000210   Code   RO         1305    .text.HAL_SD_IRQHandler  stm32f2xx_hal_sd.o
    0x080030f0   0x080030f0   0x0000003c   Code   RO         1275    .text.HAL_SD_Init   stm32f2xx_hal_sd.o
    0x0800312c   0x0800312c   0x000001b8   Code   RO         1279    .text.HAL_SD_InitCard  stm32f2xx_hal_sd.o
    0x080032e4   0x080032e4   0x00000180   Code   RO          119    .text.HAL_SD_MspInit  stm32f2xx_hal_msp.o
    0x08003464   0x08003464   0x000001f4   Code   RO         1285    .text.HAL_SD_ReadBlocks  stm32f2xx_hal_sd.o
    0x08003658   0x08003658   0x00000004   Code   RO          173    .text.HAL_SD_RxCpltCallback  bsp_driver_sd.o
    0x0800365c   0x0800365c   0x00000004   Code   RO          169    .text.HAL_SD_TxCpltCallback  bsp_driver_sd.o
    0x08003660   0x08003660   0x000001d4   Code   RO         1287    .text.HAL_SD_WriteBlocks  stm32f2xx_hal_sd.o
    0x08003834   0x08003834   0x00000002   Code   RO         1433    .text.HAL_SPI_ErrorCallback  stm32f2xx_hal_spi.o
    0x08003836   0x08003836   0x00000002   PAD
    0x08003838   0x08003838   0x00000108   Code   RO         1429    .text.HAL_SPI_IRQHandler  stm32f2xx_hal_spi.o
    0x08003940   0x08003940   0x00000078   Code   RO         1349    .text.HAL_SPI_Init  stm32f2xx_hal_spi.o
    0x080039b8   0x080039b8   0x00000118   Code   RO          123    .text.HAL_SPI_MspInit  stm32f2xx_hal_msp.o
    0x08003ad0   0x08003ad0   0x00000028   Code   RO          571    .text.HAL_SYSTICK_Config  stm32f2xx_hal_cortex.o
    0x08003af8   0x08003af8   0x0000003a   Code   RO         1761    .text.HAL_TIMEx_MasterConfigSynchronization  stm32f2xx_hal_tim_ex.o
    0x08003b32   0x08003b32   0x00000092   Code   RO         1581    .text.HAL_TIM_Encoder_Init  stm32f2xx_hal_tim.o
    0x08003bc4   0x08003bc4   0x00000060   Code   RO          127    .text.HAL_TIM_Encoder_MspInit  stm32f2xx_hal_msp.o
    0x08003c24   0x08003c24   0x00000030   Code   RO         1589    .text.HAL_TIM_Encoder_Start  stm32f2xx_hal_tim.o
    0x08003c54   0x08003c54   0x0000005c   Code   RO         1846    .text.HAL_UART_Init  stm32f2xx_hal_uart.o
    0x08003cb0   0x08003cb0   0x0000006c   Code   RO          131    .text.HAL_UART_MspInit  stm32f2xx_hal_msp.o
    0x08003d1c   0x08003d1c   0x00000002   Code   RO           64    .text.HardFault_Handler  stm32f2xx_it.o
    0x08003d1e   0x08003d1e   0x00000030   Code   RO          231    .text.IntToUnicode  usbd_desc.o
    0x08003d4e   0x08003d4e   0x00000002   PAD
    0x08003d50   0x08003d50   0x000000d0   Code   RO         1787    .text.LL_TIM_Init   stm32f2xx_ll_tim.o
    0x08003e20   0x08003e20   0x00000018   Code   RO          194    .text.MX_FATFS_Init  fatfs.o
    0x08003e38   0x08003e38   0x00000080   Code   RO          370    .text.MX_LWIP_Init  lwip.o
    0x08003eb8   0x08003eb8   0x00000018   Code   RO          372    .text.MX_LWIP_Process  lwip.o
    0x08003ed0   0x08003ed0   0x00000050   Code   RO          208    .text.MX_USB_DEVICE_Init  usb_device.o
    0x08003f20   0x08003f20   0x00000002   Code   RO           66    .text.MemManage_Handler  stm32f2xx_it.o
    0x08003f22   0x08003f22   0x00000002   Code   RO           62    .text.NMI_Handler   stm32f2xx_it.o
    0x08003f24   0x08003f24   0x0000000c   Code   RO          102    .text.OTG_FS_IRQHandler  stm32f2xx_it.o
    0x08003f30   0x08003f30   0x00000002   Code   RO           76    .text.PendSV_Handler  stm32f2xx_it.o
    0x08003f32   0x08003f32   0x00000024   Code   RO         1203    .text.SDIO_ConfigData  stm32f2xx_ll_sdmmc.o
    0x08003f56   0x08003f56   0x00000008   Code   RO         1195    .text.SDIO_GetPowerState  stm32f2xx_ll_sdmmc.o
    0x08003f5e   0x08003f5e   0x00000006   Code   RO         1201    .text.SDIO_GetResponse  stm32f2xx_ll_sdmmc.o
    0x08003f64   0x08003f64   0x0000000c   Code   RO           92    .text.SDIO_IRQHandler  stm32f2xx_it.o
    0x08003f70   0x08003f70   0x00000022   Code   RO         1185    .text.SDIO_Init     stm32f2xx_ll_sdmmc.o
    0x08003f92   0x08003f92   0x00000010   Code   RO         1191    .text.SDIO_PowerState_ON  stm32f2xx_ll_sdmmc.o
    0x08003fa2   0x08003fa2   0x00000006   Code   RO         1187    .text.SDIO_ReadFIFO  stm32f2xx_ll_sdmmc.o
    0x08003fa8   0x08003fa8   0x00000020   Code   RO         1197    .text.SDIO_SendCommand  stm32f2xx_ll_sdmmc.o
    0x08003fc8   0x08003fc8   0x0000000a   Code   RO         1189    .text.SDIO_WriteFIFO  stm32f2xx_ll_sdmmc.o
    0x08003fd2   0x08003fd2   0x00000034   Code   RO         1241    .text.SDMMC_CmdAppCommand  stm32f2xx_ll_sdmmc.o
    0x08004006   0x08004006   0x00000002   PAD
    0x08004008   0x08004008   0x00000038   Code   RO         1243    .text.SDMMC_CmdAppOperCommand  stm32f2xx_ll_sdmmc.o
    0x08004040   0x08004040   0x00000034   Code   RO         1211    .text.SDMMC_CmdBlockLength  stm32f2xx_ll_sdmmc.o
    0x08004074   0x08004074   0x00000034   Code   RO         1247    .text.SDMMC_CmdBusWidth  stm32f2xx_ll_sdmmc.o
    0x080040a8   0x080040a8   0x0000004c   Code   RO         1237    .text.SDMMC_CmdGoIdleState  stm32f2xx_ll_sdmmc.o
    0x080040f4   0x080040f4   0x00000078   Code   RO         1239    .text.SDMMC_CmdOperCond  stm32f2xx_ll_sdmmc.o
    0x0800416c   0x0800416c   0x00000034   Code   RO         1217    .text.SDMMC_CmdReadMultiBlock  stm32f2xx_ll_sdmmc.o
    0x080041a0   0x080041a0   0x00000034   Code   RO         1215    .text.SDMMC_CmdReadSingleBlock  stm32f2xx_ll_sdmmc.o
    0x080041d4   0x080041d4   0x00000034   Code   RO         1235    .text.SDMMC_CmdSelDesel  stm32f2xx_ll_sdmmc.o
    0x08004208   0x08004208   0x0000002e   Code   RO         1251    .text.SDMMC_CmdSendCID  stm32f2xx_ll_sdmmc.o
    0x08004236   0x08004236   0x0000002e   Code   RO         1255    .text.SDMMC_CmdSendCSD  stm32f2xx_ll_sdmmc.o
    0x08004264   0x08004264   0x00000034   Code   RO         1249    .text.SDMMC_CmdSendSCR  stm32f2xx_ll_sdmmc.o
    0x08004298   0x08004298   0x00000034   Code   RO         1259    .text.SDMMC_CmdSendStatus  stm32f2xx_ll_sdmmc.o
    0x080042cc   0x080042cc   0x000000a4   Code   RO         1257    .text.SDMMC_CmdSetRelAdd  stm32f2xx_ll_sdmmc.o
    0x08004370   0x08004370   0x00000038   Code   RO         1233    .text.SDMMC_CmdStopTransfer  stm32f2xx_ll_sdmmc.o
    0x080043a8   0x080043a8   0x00000034   Code   RO         1221    .text.SDMMC_CmdWriteMultiBlock  stm32f2xx_ll_sdmmc.o
    0x080043dc   0x080043dc   0x00000034   Code   RO         1219    .text.SDMMC_CmdWriteSingleBlock  stm32f2xx_ll_sdmmc.o
    0x08004410   0x08004410   0x00000118   Code   RO         1213    .text.SDMMC_GetCmdResp1  stm32f2xx_ll_sdmmc.o
    0x08004528   0x08004528   0x0000004c   Code   RO         1253    .text.SDMMC_GetCmdResp2  stm32f2xx_ll_sdmmc.o
    0x08004574   0x08004574   0x00000044   Code   RO         1245    .text.SDMMC_GetCmdResp3  stm32f2xx_ll_sdmmc.o
    0x080045b8   0x080045b8   0x00000042   Code   RO         1315    .text.SD_DMARxAbort  stm32f2xx_hal_sd.o
    0x080045fa   0x080045fa   0x00000042   Code   RO         1313    .text.SD_DMATxAbort  stm32f2xx_hal_sd.o
    0x0800463c   0x0800463c   0x000000c4   Code   RO         1339    .text.SD_FindSCR    stm32f2xx_hal_sd.o
    0x08004700   0x08004700   0x0000001c   Code   RO         2131    .text.SD_initialize  sd_diskio.o
    0x0800471c   0x0800471c   0x0000004c   Code   RO         2139    .text.SD_ioctl      sd_diskio.o
    0x08004768   0x08004768   0x00000028   Code   RO         2135    .text.SD_read       sd_diskio.o
    0x08004790   0x08004790   0x00000020   Code   RO         2133    .text.SD_status     sd_diskio.o
    0x080047b0   0x080047b0   0x00000030   Code   RO         2137    .text.SD_write      sd_diskio.o
    0x080047e0   0x080047e0   0x0000000c   Code   RO           88    .text.SPI2_IRQHandler  stm32f2xx_it.o
    0x080047ec   0x080047ec   0x0000000c   Code   RO         1431    .text.SPI_DMAAbortOnError  stm32f2xx_hal_spi.o
    0x080047f8   0x080047f8   0x00000002   Code   RO           72    .text.SVC_Handler   stm32f2xx_it.o
    0x080047fa   0x080047fa   0x00000004   Code   RO           78    .text.SysTick_Handler  stm32f2xx_it.o
    0x080047fe   0x080047fe   0x00000054   Code   RO           32    .text.SystemClock_Config  main.o
    0x08004852   0x08004852   0x00000002   PAD
    0x08004854   0x08004854   0x00000040   Code   RO         1958    .text.SystemInit    system_stm32f2xx.o
    0x08004894   0x08004894   0x00000020   Code   RO           86    .text.TIM3_IRQHandler  stm32f2xx_it.o
    0x080048b4   0x080048b4   0x000000d4   Code   RO         1471    .text.TIM_Base_SetConfig  stm32f2xx_hal_tim.o
    0x08004988   0x08004988   0x0000001e   Code   RO         1505    .text.TIM_CCxChannelCmd  stm32f2xx_hal_tim.o
    0x080049a6   0x080049a6   0x00000002   PAD
    0x080049a8   0x080049a8   0x000000d4   Code   RO         1850    .text.UART_SetConfig  stm32f2xx_hal_uart.o
    0x08004a7c   0x08004a7c   0x0000004a   Code   RO         2743    .text.USBD_CDC_DataIn  usbd_cdc.o
    0x08004ac6   0x08004ac6   0x0000002e   Code   RO         2745    .text.USBD_CDC_DataOut  usbd_cdc.o
    0x08004af4   0x08004af4   0x00000044   Code   RO         2737    .text.USBD_CDC_DeInit  usbd_cdc.o
    0x08004b38   0x08004b38   0x00000028   Code   RO         2741    .text.USBD_CDC_EP0_RxReady  usbd_cdc.o
    0x08004b60   0x08004b60   0x0000000c   Code   RO         2753    .text.USBD_CDC_GetDeviceQualifierDescriptor  usbd_cdc.o
    0x08004b6c   0x08004b6c   0x0000000c   Code   RO         2749    .text.USBD_CDC_GetFSCfgDesc  usbd_cdc.o
    0x08004b78   0x08004b78   0x0000000c   Code   RO         2747    .text.USBD_CDC_GetHSCfgDesc  usbd_cdc.o
    0x08004b84   0x08004b84   0x0000000c   Code   RO         2751    .text.USBD_CDC_GetOtherSpeedCfgDesc  usbd_cdc.o
    0x08004b90   0x08004b90   0x0000008c   Code   RO         2735    .text.USBD_CDC_Init  usbd_cdc.o
    0x08004c1c   0x08004c1c   0x00000026   Code   RO         2763    .text.USBD_CDC_ReceivePacket  usbd_cdc.o
    0x08004c42   0x08004c42   0x0000000e   Code   RO         2755    .text.USBD_CDC_RegisterInterface  usbd_cdc.o
    0x08004c50   0x08004c50   0x0000000c   Code   RO         2759    .text.USBD_CDC_SetRxBuffer  usbd_cdc.o
    0x08004c5c   0x08004c5c   0x00000010   Code   RO         2757    .text.USBD_CDC_SetTxBuffer  usbd_cdc.o
    0x08004c6c   0x08004c6c   0x000000ae   Code   RO         2739    .text.USBD_CDC_Setup  usbd_cdc.o
    0x08004d1a   0x08004d1a   0x00000030   Code   RO         2761    .text.USBD_CDC_TransmitPacket  usbd_cdc.o
    0x08004d4a   0x08004d4a   0x0000000e   Code   RO         2658    .text.USBD_ClrClassConfig  usbd_core.o
    0x08004d58   0x08004d58   0x00000010   Code   RO         2719    .text.USBD_CtlContinueRx  usbd_ioreq.o
    0x08004d68   0x08004d68   0x00000010   Code   RO         2715    .text.USBD_CtlContinueSendData  usbd_ioreq.o
    0x08004d78   0x08004d78   0x00000016   Code   RO         2694    .text.USBD_CtlError  usbd_ctlreq.o
    0x08004d8e   0x08004d8e   0x0000001a   Code   RO         2717    .text.USBD_CtlPrepareRx  usbd_ioreq.o
    0x08004da8   0x08004da8   0x00000016   Code   RO         2723    .text.USBD_CtlReceiveStatus  usbd_ioreq.o
    0x08004dbe   0x08004dbe   0x0000001a   Code   RO         2713    .text.USBD_CtlSendData  usbd_ioreq.o
    0x08004dd8   0x08004dd8   0x00000016   Code   RO         2721    .text.USBD_CtlSendStatus  usbd_ioreq.o
    0x08004dee   0x08004dee   0x00000002   PAD
    0x08004df0   0x08004df0   0x00000020   Code   RO          227    .text.USBD_FS_ConfigStrDescriptor  usbd_desc.o
    0x08004e10   0x08004e10   0x0000000c   Code   RO          217    .text.USBD_FS_DeviceDescriptor  usbd_desc.o
    0x08004e1c   0x08004e1c   0x00000024   Code   RO          229    .text.USBD_FS_InterfaceStrDescriptor  usbd_desc.o
    0x08004e40   0x08004e40   0x0000000c   Code   RO          219    .text.USBD_FS_LangIDStrDescriptor  usbd_desc.o
    0x08004e4c   0x08004e4c   0x00000020   Code   RO          221    .text.USBD_FS_ManufacturerStrDescriptor  usbd_desc.o
    0x08004e6c   0x08004e6c   0x00000024   Code   RO          223    .text.USBD_FS_ProductStrDescriptor  usbd_desc.o
    0x08004e90   0x08004e90   0x00000034   Code   RO          225    .text.USBD_FS_SerialStrDescriptor  usbd_desc.o
    0x08004ec4   0x08004ec4   0x0000003e   Code   RO         2702    .text.USBD_GetString  usbd_ctlreq.o
    0x08004f02   0x08004f02   0x00000002   PAD
    0x08004f04   0x08004f04   0x00000018   Code   RO          300    .text.USBD_Get_USB_Status  usbd_conf.o
    0x08004f1c   0x08004f1c   0x0000002a   Code   RO         2644    .text.USBD_Init     usbd_core.o
    0x08004f46   0x08004f46   0x00000012   Code   RO          314    .text.USBD_LL_ClearStallEP  usbd_conf.o
    0x08004f58   0x08004f58   0x00000012   Code   RO          308    .text.USBD_LL_CloseEP  usbd_conf.o
    0x08004f6a   0x08004f6a   0x000000be   Code   RO         2664    .text.USBD_LL_DataInStage  usbd_core.o
    0x08005028   0x08005028   0x0000007e   Code   RO         2662    .text.USBD_LL_DataOutStage  usbd_core.o
    0x080050a6   0x080050a6   0x00000004   Code   RO         2680    .text.USBD_LL_DevConnected  usbd_core.o
    0x080050aa   0x080050aa   0x00000016   Code   RO         2682    .text.USBD_LL_DevDisconnected  usbd_core.o
    0x080050c0   0x080050c0   0x00000008   Code   RO          324    .text.USBD_LL_GetRxDataSize  usbd_conf.o
    0x080050c8   0x080050c8   0x00000060   Code   RO          296    .text.USBD_LL_Init  usbd_conf.o
    0x08005128   0x08005128   0x00000020   Code   RO          316    .text.USBD_LL_IsStallEP  usbd_conf.o
    0x08005148   0x08005148   0x00000004   Code   RO         2676    .text.USBD_LL_IsoINIncomplete  usbd_core.o
    0x0800514c   0x0800514c   0x00000004   Code   RO         2678    .text.USBD_LL_IsoOUTIncomplete  usbd_core.o
    0x08005150   0x08005150   0x00000018   Code   RO          306    .text.USBD_LL_OpenEP  usbd_conf.o
    0x08005168   0x08005168   0x00000012   Code   RO          322    .text.USBD_LL_PrepareReceive  usbd_conf.o
    0x0800517a   0x0800517a   0x00000050   Code   RO         2666    .text.USBD_LL_Reset  usbd_core.o
    0x080051ca   0x080051ca   0x00000014   Code   RO         2672    .text.USBD_LL_Resume  usbd_core.o
    0x080051de   0x080051de   0x00000018   Code   RO         2674    .text.USBD_LL_SOF   usbd_core.o
    0x080051f6   0x080051f6   0x00000006   Code   RO         2668    .text.USBD_LL_SetSpeed  usbd_core.o
    0x080051fc   0x080051fc   0x00000012   Code   RO          318    .text.USBD_LL_SetUSBAddress  usbd_conf.o
    0x0800520e   0x0800520e   0x00000056   Code   RO         2660    .text.USBD_LL_SetupStage  usbd_core.o
    0x08005264   0x08005264   0x00000012   Code   RO          312    .text.USBD_LL_StallEP  usbd_conf.o
    0x08005276   0x08005276   0x00000012   Code   RO          302    .text.USBD_LL_Start  usbd_conf.o
    0x08005288   0x08005288   0x00000012   Code   RO         2670    .text.USBD_LL_Suspend  usbd_core.o
    0x0800529a   0x0800529a   0x00000012   Code   RO          320    .text.USBD_LL_Transmit  usbd_conf.o
    0x080052ac   0x080052ac   0x00000016   Code   RO         2700    .text.USBD_ParseSetupRequest  usbd_ctlreq.o
    0x080052c2   0x080052c2   0x0000000e   Code   RO         2648    .text.USBD_RegisterClass  usbd_core.o
    0x080052d0   0x080052d0   0x0000001a   Code   RO         2656    .text.USBD_SetClassConfig  usbd_core.o
    0x080052ea   0x080052ea   0x0000000a   Code   RO         2650    .text.USBD_Start    usbd_core.o
    0x080052f4   0x080052f4   0x00000270   Code   RO         2692    .text.USBD_StdDevReq  usbd_ctlreq.o
    0x08005564   0x08005564   0x0000013e   Code   RO         2698    .text.USBD_StdEPReq  usbd_ctlreq.o
    0x080056a2   0x080056a2   0x0000004c   Code   RO         2696    .text.USBD_StdItfReq  usbd_ctlreq.o
    0x080056ee   0x080056ee   0x00000002   PAD
    0x080056f0   0x080056f0   0x0000007c   Code   RO         1006    .text.USB_ActivateEndpoint  stm32f2xx_ll_usb.o
    0x0800576c   0x0800576c   0x00000036   Code   RO         1048    .text.USB_ActivateSetup  stm32f2xx_ll_usb.o
    0x080057a2   0x080057a2   0x00000002   PAD
    0x080057a4   0x080057a4   0x0000006c   Code   RO          984    .text.USB_CoreInit  stm32f2xx_ll_usb.o
    0x08005810   0x08005810   0x00000030   Code   RO          986    .text.USB_CoreReset  stm32f2xx_ll_usb.o
    0x08005840   0x08005840   0x00000070   Code   RO         1010    .text.USB_DeactivateEndpoint  stm32f2xx_ll_usb.o
    0x080058b0   0x080058b0   0x00000018   Code   RO         1030    .text.USB_DevConnect  stm32f2xx_ll_usb.o
    0x080058c8   0x080058c8   0x00000018   Code   RO         1032    .text.USB_DevDisconnect  stm32f2xx_ll_usb.o
    0x080058e0   0x080058e0   0x000001ac   Code   RO          996    .text.USB_DevInit   stm32f2xx_ll_usb.o
    0x08005a8c   0x08005a8c   0x0000000c   Code   RO          992    .text.USB_DisableGlobalInt  stm32f2xx_ll_usb.o
    0x08005a98   0x08005a98   0x000000e8   Code   RO         1018    .text.USB_EP0StartXfer  stm32f2xx_ll_usb.o
    0x08005b80   0x08005b80   0x00000058   Code   RO         1050    .text.USB_EP0_OutStart  stm32f2xx_ll_usb.o
    0x08005bd8   0x08005bd8   0x00000030   Code   RO         1024    .text.USB_EPClearStall  stm32f2xx_ll_usb.o
    0x08005c08   0x08005c08   0x00000036   Code   RO         1022    .text.USB_EPSetStall  stm32f2xx_ll_usb.o
    0x08005c3e   0x08005c3e   0x00000002   PAD
    0x08005c40   0x08005c40   0x0000015c   Code   RO         1014    .text.USB_EPStartXfer  stm32f2xx_ll_usb.o
    0x08005d9c   0x08005d9c   0x0000000c   Code   RO          990    .text.USB_EnableGlobalInt  stm32f2xx_ll_usb.o
    0x08005da8   0x08005da8   0x0000001c   Code   RO         1002    .text.USB_FlushRxFifo  stm32f2xx_ll_usb.o
    0x08005dc4   0x08005dc4   0x00000020   Code   RO         1000    .text.USB_FlushTxFifo  stm32f2xx_ll_usb.o
    0x08005de4   0x08005de4   0x0000001c   Code   RO         1004    .text.USB_GetDevSpeed  stm32f2xx_ll_usb.o
    0x08005e00   0x08005e00   0x00000008   Code   RO         1046    .text.USB_GetMode   stm32f2xx_ll_usb.o
    0x08005e08   0x08005e08   0x0000000e   Code   RO         1038    .text.USB_ReadDevAllInEpInterrupt  stm32f2xx_ll_usb.o
    0x08005e16   0x08005e16   0x0000000e   Code   RO         1036    .text.USB_ReadDevAllOutEpInterrupt  stm32f2xx_ll_usb.o
    0x08005e24   0x08005e24   0x00000024   Code   RO         1042    .text.USB_ReadDevInEPInterrupt  stm32f2xx_ll_usb.o
    0x08005e48   0x08005e48   0x00000010   Code   RO         1040    .text.USB_ReadDevOutEPInterrupt  stm32f2xx_ll_usb.o
    0x08005e58   0x08005e58   0x00000008   Code   RO         1034    .text.USB_ReadInterrupts  stm32f2xx_ll_usb.o
    0x08005e60   0x08005e60   0x0000001a   Code   RO         1020    .text.USB_ReadPacket  stm32f2xx_ll_usb.o
    0x08005e7a   0x08005e7a   0x0000002e   Code   RO          994    .text.USB_SetCurrentMode  stm32f2xx_ll_usb.o
    0x08005ea8   0x08005ea8   0x00000020   Code   RO         1028    .text.USB_SetDevAddress  stm32f2xx_ll_usb.o
    0x08005ec8   0x08005ec8   0x000000f0   Code   RO          988    .text.USB_SetTurnaroundTime  stm32f2xx_ll_usb.o
    0x08005fb8   0x08005fb8   0x00000022   Code   RO         1016    .text.USB_WritePacket  stm32f2xx_ll_usb.o
    0x08005fda   0x08005fda   0x00000002   Code   RO           70    .text.UsageFault_Handler  stm32f2xx_it.o
    0x08005fdc   0x08005fdc   0x00000024   Code   RO          561    .text.__NVIC_SetPriority  stm32f2xx_hal_cortex.o
    0x08006000   0x08006000   0x0000001c   Code   RO         2448    .text.cyclic_timer  timeouts.o
    0x0800601c   0x0800601c   0x00000048   Code   RO         2306    .text.do_memp_free_pool  memp.o
    0x08006064   0x08006064   0x00000054   Code   RO         2300    .text.do_memp_malloc_pool  memp.o
    0x080060b8   0x080060b8   0x0000002c   Code   RO         2516    .text.etharp_cleanup_netif  etharp.o
    0x080060e4   0x080060e4   0x00000198   Code   RO         2520    .text.etharp_find_entry  etharp.o
    0x0800627c   0x0800627c   0x00000020   Code   RO         2512    .text.etharp_free_entry  etharp.o
    0x0800629c   0x0800629c   0x00000148   Code   RO         2524    .text.etharp_input  etharp.o
    0x080063e4   0x080063e4   0x0000011c   Code   RO         2528    .text.etharp_output  etharp.o
    0x08006500   0x08006500   0x000000ac   Code   RO         2530    .text.etharp_output_to_arp_index  etharp.o
    0x080065ac   0x080065ac   0x00000144   Code   RO         2532    .text.etharp_query  etharp.o
    0x080066f0   0x080066f0   0x00000104   Code   RO         2526    .text.etharp_raw    etharp.o
    0x080067f4   0x080067f4   0x0000000c   Code   RO         2514    .text.etharp_request  etharp.o
    0x08006800   0x08006800   0x00000024   Code   RO         2534    .text.etharp_request_dst  etharp.o
    0x08006824   0x08006824   0x00000064   Code   RO         2510    .text.etharp_tmr    etharp.o
    0x08006888   0x08006888   0x00000094   Code   RO         2175    .text.ethernet_input  ethernet.o
    0x0800691c   0x0800691c   0x000000d0   Code   RO         2177    .text.ethernet_output  ethernet.o
    0x080069ec   0x080069ec   0x00000160   Code   RO          343    .text.ethernetif_init  ethernetif.o
    0x08006b4c   0x08006b4c   0x000000d0   Code   RO          341    .text.ethernetif_input  ethernetif.o
    0x08006c1c   0x08006c1c   0x00000002   Code   RO          355    .text.ethernetif_notify_conn_changed  ethernetif.o
    0x08006c1e   0x08006c1e   0x00000002   PAD
    0x08006c20   0x08006c20   0x000000ac   Code   RO          353    .text.ethernetif_update_config  ethernetif.o
    0x08006ccc   0x08006ccc   0x00000008   Code   RO         2549    .text.icmp_dest_unreach  icmp.o
    0x08006cd4   0x08006cd4   0x0000018c   Code   RO         2547    .text.icmp_input    icmp.o
    0x08006e60   0x08006e60   0x000000b0   Code   RO         2551    .text.icmp_send_response  icmp.o
    0x08006f10   0x08006f10   0x00000008   Code   RO         2553    .text.icmp_time_exceeded  icmp.o
    0x08006f18   0x08006f18   0x0000002c   Code   RO         2585    .text.ip4_addr_isbroadcast_u32  ip4_addr.o
    0x08006f44   0x08006f44   0x0000021c   Code   RO         2618    .text.ip4_frag      ip4_frag.o
    0x08007160   0x08007160   0x0000017c   Code   RO         2567    .text.ip4_input     ip4.o
    0x080072dc   0x080072dc   0x0000001e   Code   RO         2569    .text.ip4_output_if  ip4.o
    0x080072fa   0x080072fa   0x00000002   PAD
    0x080072fc   0x080072fc   0x00000104   Code   RO         2571    .text.ip4_output_if_src  ip4.o
    0x08007400   0x08007400   0x000003c4   Code   RO         2612    .text.ip4_reass     ip4_frag.o
    0x080077c4   0x080077c4   0x00000058   Code   RO         2565    .text.ip4_route     ip4.o
    0x0800781c   0x0800781c   0x00000030   Code   RO         2620    .text.ip_frag_free_pbuf_custom_ref  ip4_frag.o
    0x0800784c   0x0800784c   0x00000058   Code   RO         2616    .text.ip_reass_dequeue_datagram  ip4_frag.o
    0x080078a4   0x080078a4   0x00000134   Code   RO         2610    .text.ip_reass_free_complete_datagram  ip4_frag.o
    0x080079d8   0x080079d8   0x00000070   Code   RO         2614    .text.ip_reass_remove_oldest_datagram  ip4_frag.o
    0x08007a48   0x08007a48   0x0000002c   Code   RO         2608    .text.ip_reass_tmr  ip4_frag.o
    0x08007a74   0x08007a74   0x0000003c   Code   RO         2622    .text.ipfrag_free_pbuf_custom  ip4_frag.o
    0x08007ab0   0x08007ab0   0x000000a0   Code   RO          345    .text.low_level_output  ethernetif.o
    0x08007b50   0x08007b50   0x00000004   Code   RO         2215    .text.lwip_htons    def.o
    0x08007b54   0x08007b54   0x0000001a   Code   RO         2259    .text.lwip_init     init.o
    0x08007b6e   0x08007b6e   0x00000002   PAD
    0x08007b70   0x08007b70   0x000005d8   Code   RO           30    .text.main          main.o
    0x08008148   0x08008148   0x0000019c   Code   RO         2275    .text.mem_free      mem.o
    0x080082e4   0x080082e4   0x00000034   Code   RO         2273    .text.mem_init      mem.o
    0x08008318   0x08008318   0x00000180   Code   RO         2279    .text.mem_malloc    mem.o
    0x08008498   0x08008498   0x0000013c   Code   RO         2277    .text.mem_trim      mem.o
    0x080085d4   0x080085d4   0x00000040   Code   RO         2308    .text.memp_free     memp.o
    0x08008614   0x08008614   0x00000018   Code   RO         2296    .text.memp_init     memp.o
    0x0800862c   0x0800862c   0x00000026   Code   RO         2294    .text.memp_init_pool  memp.o
    0x08008652   0x08008652   0x00000002   PAD
    0x08008654   0x08008654   0x00000054   Code   RO         2302    .text.memp_malloc   memp.o
    0x080086a8   0x080086a8   0x000000e0   Code   RO         2342    .text.netif_add     netif.o
    0x08008788   0x08008788   0x00000002   Code   RO         2338    .text.netif_init    netif.o
    0x0800878a   0x0800878a   0x0000001a   Code   RO         2360    .text.netif_issue_reports  netif.o
    0x080087a4   0x080087a4   0x00000048   Code   RO         2344    .text.netif_set_addr  netif.o
    0x080087ec   0x080087ec   0x0000000c   Code   RO         2356    .text.netif_set_default  netif.o
    0x080087f8   0x080087f8   0x0000001a   Code   RO         2354    .text.netif_set_down  netif.o
    0x08008812   0x08008812   0x00000002   PAD
    0x08008814   0x08008814   0x0000003c   Code   RO         2346    .text.netif_set_ipaddr  netif.o
    0x08008850   0x08008850   0x00000006   Code   RO         2368    .text.netif_set_link_callback  netif.o
    0x08008856   0x08008856   0x0000001c   Code   RO         2362    .text.netif_set_up  netif.o
    0x08008872   0x08008872   0x00000002   PAD
    0x08008874   0x08008874   0x0000022c   Code   RO         2379    .text.pbuf_alloc    pbuf.o
    0x08008aa0   0x08008aa0   0x00000088   Code   RO         2383    .text.pbuf_alloced_custom  pbuf.o
    0x08008b28   0x08008b28   0x000000e0   Code   RO         2397    .text.pbuf_cat      pbuf.o
    0x08008c08   0x08008c08   0x00000012   Code   RO         2399    .text.pbuf_chain    pbuf.o
    0x08008c1a   0x08008c1a   0x0000000e   Code   RO         2393    .text.pbuf_clen     pbuf.o
    0x08008c28   0x08008c28   0x0000018c   Code   RO         2403    .text.pbuf_copy     pbuf.o
    0x08008db4   0x08008db4   0x00000110   Code   RO         2381    .text.pbuf_free     pbuf.o
    0x08008ec4   0x08008ec4   0x00000006   Code   RO         2387    .text.pbuf_header   pbuf.o
    0x08008eca   0x08008eca   0x00000006   Code   RO         2391    .text.pbuf_header_force  pbuf.o
    0x08008ed0   0x08008ed0   0x000000cc   Code   RO         2389    .text.pbuf_header_impl  pbuf.o
    0x08008f9c   0x08008f9c   0x00000144   Code   RO         2385    .text.pbuf_realloc  pbuf.o
    0x080090e0   0x080090e0   0x0000003c   Code   RO         2395    .text.pbuf_ref      pbuf.o
    0x0800911c   0x0800911c   0x00000050   Code   RO         2452    .text.sys_check_timeouts  timeouts.o
    0x0800916c   0x0800916c   0x00000004   Code   RO          349    .text.sys_now       ethernetif.o
    0x08009170   0x08009170   0x000000fc   Code   RO         2446    .text.sys_timeout   timeouts.o
    0x0800926c   0x0800926c   0x00000030   Code   RO         2444    .text.sys_timeouts_init  timeouts.o
    0x0800929c   0x0800929c   0x000000b0   Code   RO         2481    .text.udp_bind      udp.o
    0x0800934c   0x0800934c   0x0000004c   Code   RO         2483    .text.udp_connect   udp.o
    0x08009398   0x08009398   0x00000010   Code   RO         2485    .text.udp_disconnect  udp.o
    0x080093a8   0x080093a8   0x00000034   Code   RO           11    .text.udp_echoserver_init  udp_echoserver.o
    0x080093dc   0x080093dc   0x0000004c   Code   RO           13    .text.udp_echoserver_receive_callback  udp_echoserver.o
    0x08009428   0x08009428   0x00000002   Code   RO         2469    .text.udp_init      udp.o
    0x0800942a   0x0800942a   0x00000002   PAD
    0x0800942c   0x0800942c   0x00000138   Code   RO         2471    .text.udp_input     udp.o
    0x08009564   0x08009564   0x0000002c   Code   RO         2495    .text.udp_netif_ip_addr_changed  udp.o
    0x08009590   0x08009590   0x0000001c   Code   RO         2491    .text.udp_new       udp.o
    0x080095ac   0x080095ac   0x00000006   Code   RO         2487    .text.udp_recv      udp.o
    0x080095b2   0x080095b2   0x00000010   Code   RO         2473    .text.udp_send      udp.o
    0x080095c2   0x080095c2   0x0000002e   Code   RO         2475    .text.udp_sendto    udp.o
    0x080095f0   0x080095f0   0x00000030   Code   RO         2477    .text.udp_sendto_if  udp.o
    0x08009620   0x08009620   0x000000ec   Code   RO         2479    .text.udp_sendto_if_src  udp.o
    0x0800970c   0x0800970c   0x00000020   Code   RO         2949    i.__0printf$6       mc_w.l(printf6.o)
    0x0800972c   0x0800972c   0x00000028   Code   RO         2951    i.__0sprintf$6      mc_w.l(printf6.o)
    0x08009754   0x08009754   0x00000008   Code   RO         3112    i.__aeabi_errno_addr  mc_w.l(errno.o)
    0x0800975c   0x0800975c   0x0000000e   Code   RO         3174    i.__scatterload_copy  mc_w.l(handlers.o)
    0x0800976a   0x0800976a   0x00000002   Code   RO         3175    i.__scatterload_null  mc_w.l(handlers.o)
    0x0800976c   0x0800976c   0x0000000e   Code   RO         3176    i.__scatterload_zeroinit  mc_w.l(handlers.o)
    0x0800977a   0x0800977a   0x00000002   PAD
    0x0800977c   0x0800977c   0x000002f0   Code   RO         2956    i._printf_core      mc_w.l(printf6.o)
    0x08009a6c   0x08009a6c   0x00000024   Code   RO         2957    i._printf_post_padding  mc_w.l(printf6.o)
    0x08009a90   0x08009a90   0x0000002e   Code   RO         2958    i._printf_pre_padding  mc_w.l(printf6.o)
    0x08009abe   0x08009abe   0x0000000a   Code   RO         2960    i._sputc            mc_w.l(printf6.o)
    0x08009ac8   0x08009ac8   0x00000012   Code   RO         3099    i.fputc             mc_w.l(fputc.o)
    0x08009ada   0x08009ada   0x00000002   PAD
    0x08009adc   0x08009adc   0x00000050   Code   RO         3055    i.free              mc_w.l(malloc.o)
    0x08009b2c   0x08009b2c   0x0000006c   Code   RO         3056    i.malloc            mc_w.l(malloc.o)
    0x08009b98   0x08009b98   0x00000081   Data   RO         3138    .constdata          mc_w.l(ctype_o.o)
    0x08009c19   0x08009c19   0x00000003   PAD
    0x08009c1c   0x08009c1c   0x00000004   Data   RO         3139    .constdata          mc_w.l(ctype_o.o)
    0x08009c20   0x08009c20   0x00000010   Data   RO         1963    .rodata.AHBPrescTable  system_stm32f2xx.o
    0x08009c30   0x08009c30   0x00000008   Data   RO         1964    .rodata.APBPrescTable  system_stm32f2xx.o
    0x08009c38   0x08009c38   0x00000014   Data   RO         2141    .rodata.SD_Driver   sd_diskio.o
    0x08009c4c   0x08009c4c   0x00000006   Data   RO         2179    .rodata.ethbroadcast  ethernet.o
    0x08009c52   0x08009c52   0x00000006   Data   RO         2180    .rodata.ethzero     ethernet.o
    0x08009c58   0x08009c58   0x00000004   Data   RO         2597    .rodata.ip_addr_any  ip4_addr.o
    0x08009c5c   0x08009c5c   0x00000010   Data   RO         2458    .rodata.lwip_cyclic_timers  timeouts.o
    0x08009c6c   0x08009c6c   0x0000000c   Data   RO         2318    .rodata.memp_FRAG_PBUF  memp.o
    0x08009c78   0x08009c78   0x0000000c   Data   RO         2324    .rodata.memp_PBUF   memp.o
    0x08009c84   0x08009c84   0x0000000c   Data   RO         2327    .rodata.memp_PBUF_POOL  memp.o
    0x08009c90   0x08009c90   0x0000000c   Data   RO         2315    .rodata.memp_REASSDATA  memp.o
    0x08009c9c   0x08009c9c   0x0000000c   Data   RO         2321    .rodata.memp_SYS_TIMEOUT  memp.o
    0x08009ca8   0x08009ca8   0x0000000c   Data   RO         2312    .rodata.memp_UDP_PCB  memp.o
    0x08009cb4   0x08009cb4   0x00000018   Data   RO         2328    .rodata.memp_pools  memp.o
    0x08009ccc   0x08009ccc   0x00000028   Data   RO         2181    .rodata.str1.1      ethernet.o
    0x08009cf4   0x08009cf4   0x00000097   Data   RO         2284    .rodata.str1.1      mem.o
    0x08009d8b   0x08009d8b   0x00000030   Data   RO         2329    .rodata.str1.1      memp.o
    0x08009dbb   0x08009dbb   0x00000095   Data   RO         2429    .rodata.str1.1      pbuf.o
    0x08009e50   0x08009e50   0x0000002f   Data   RO         2498    .rodata.str1.1      udp.o
    0x08009e7f   0x08009e7f   0x000000a8   Data   RO         2537    .rodata.str1.1      etharp.o
    0x08009f27   0x08009f27   0x00000035   Data   RO         2555    .rodata.str1.1      icmp.o
    0x08009f5c   0x08009f5c   0x00000040   Data   RO         2575    .rodata.str1.1      ip4.o
    0x08009f9c   0x08009f9c   0x00000039   Data   RO         2624    .rodata.str1.1      ip4_frag.o
    0x08009fd5   0x08009fd5   0x00000003   PAD
    0x08009fd8   0x08009fd8   0x00000020   Data   RO         3173    Region$$Table       anon$$obj.o


    Execution Region RW_IRAM1 (Exec base: 0x20000000, Load base: 0x08009ff8, Size: 0x00007d28, Max: 0x00020000, ABSOLUTE, COMPRESSED[0x00000128])

    Exec Addr    Load Addr    Size         Type   Attr      Idx    E Section Name        Object

    0x20000000   COMPRESSED   0x00000004   Data   RW         3103    .data               mc_w.l(stdout.o)
    0x20000004   COMPRESSED   0x00000004   Data   RW         3110    .data               mc_w.l(mvars.o)
    0x20000008   COMPRESSED   0x00000004   Data   RW         3111    .data               mc_w.l(mvars.o)
    0x2000000c   COMPRESSED   0x00000004   Data   RW         3115    .data               mc_w.l(errno.o)
    0x20000010   COMPRESSED   0x00000008   Data   RW          500    .data..L_MergedGlobals  stm32f2xx_hal.o
    0x20000018   COMPRESSED   0x0000001c   Data   RW          233    .data.FS_Desc       usbd_desc.o
    0x20000034   COMPRESSED   0x00000083   Data   RW          256    .data.Manual        usbd_cdc_if.o
    0x200000b7   COMPRESSED   0x00000001   Data   RW         2142    .data.Stat          sd_diskio.o
    0x200000b8   COMPRESSED   0x00000004   Data   RW         1962    .data.SystemCoreClock  system_stm32f2xx.o
    0x200000bc   COMPRESSED   0x00000038   Data   RW         2765    .data.USBD_CDC      usbd_cdc.o
    0x200000f4   COMPRESSED   0x00000043   Data   RW         2767    .data.USBD_CDC_CfgFSDesc  usbd_cdc.o
    0x20000137   COMPRESSED   0x00000001   PAD
    0x20000138   COMPRESSED   0x00000043   Data   RW         2766    .data.USBD_CDC_CfgHSDesc  usbd_cdc.o
    0x2000017b   COMPRESSED   0x00000001   PAD
    0x2000017c   COMPRESSED   0x0000000a   Data   RW         2769    .data.USBD_CDC_DeviceQualifierDesc  usbd_cdc.o
    0x20000186   COMPRESSED   0x00000002   PAD
    0x20000188   COMPRESSED   0x00000043   Data   RW         2768    .data.USBD_CDC_OtherSpeedCfgDesc  usbd_cdc.o
    0x200001cb   COMPRESSED   0x00000001   PAD
    0x200001cc   COMPRESSED   0x00000012   Data   RW          234    .data.USBD_FS_DeviceDesc  usbd_desc.o
    0x200001de   COMPRESSED   0x00000002   PAD
    0x200001e0   COMPRESSED   0x00000010   Data   RW          257    .data.USBD_Interface_fops_FS  usbd_cdc_if.o
    0x200001f0   COMPRESSED   0x00000004   Data   RW          235    .data.USBD_LangIDDesc  usbd_desc.o
    0x200001f4   COMPRESSED   0x0000001a   Data   RW          236    .data.USBD_StringSerial  usbd_desc.o
    0x2000020e   COMPRESSED   0x00000002   PAD
    0x20000210   COMPRESSED   0x00000004   Data   RW           37    .data.encoderTargetCount  main.o
    0x20000214   COMPRESSED   0x00000002   Data   RW         2499    .data.udp_port      udp.o
    0x20000216   COMPRESSED   0x00000002   PAD
    0x20000218        -       0x00000002   Zero   RW           15    .bss..L_MergedGlobals  udp_echoserver.o
    0x2000021a   COMPRESSED   0x00000002   PAD
    0x2000021c        -       0x0000005c   Zero   RW           53    .bss..L_MergedGlobals  main.o
    0x20000278        -       0x00000005   Zero   RW          200    .bss..L_MergedGlobals  fatfs.o
    0x2000027d   COMPRESSED   0x00000003   PAD
    0x20000280        -       0x0000004c   Zero   RW          361    .bss..L_MergedGlobals  ethernetif.o
    0x200002cc        -       0x0000004c   Zero   RW          382    .bss..L_MergedGlobals  lwip.o
    0x20000318        -       0x0000000c   Zero   RW         2285    .bss..L_MergedGlobals  mem.o
    0x20000324        -       0x0000000c   Zero   RW         2370    .bss..L_MergedGlobals  netif.o
    0x20000330        -       0x00000008   Zero   RW         2460    .bss..L_MergedGlobals  timeouts.o
    0x20000338        -       0x00000008   Zero   RW         2625    .bss..L_MergedGlobals  ip4_frag.o
    0x20000340        -       0x00000002   Zero   RW           36    .bss.B_PLS_CNT      main.o
    0x20000342   COMPRESSED   0x00000002   PAD
    0x20000344        -       0x00000080   Zero   RW          357    .bss.DMARxDscrTab   ethernetif.o
    0x200003c4        -       0x00000080   Zero   RW          358    .bss.DMATxDscrTab   ethernetif.o
    0x20000444        -       0x000017d0   Zero   RW          359    .bss.Rx_Buff        ethernetif.o
    0x20001c14        -       0x000017d0   Zero   RW          360    .bss.Tx_Buff        ethernetif.o
    0x200033e4        -       0x000000c8   Zero   RW          258    .bss.URxbuf         usbd_cdc_if.o
    0x200034ac        -       0x00000001   Zero   RW         2704    .bss.USBD_SetConfig.cfgidx  usbd_ctlreq.o
    0x200034ad   COMPRESSED   0x00000003   PAD
    0x200034b0        -       0x00000200   Zero   RW          237    .bss.USBD_StrDesc   usbd_desc.o
    0x200036b0        -       0x000000c8   Zero   RW           44    .bss.UTxbuf         main.o
    0x20003778        -       0x0000012c   Zero   RW          260    .bss.UserRxBufferFS  usbd_cdc_if.o
    0x200038a4        -       0x0000012c   Zero   RW          261    .bss.UserTxBufferFS  usbd_cdc_if.o
    0x200039d0        -       0x000000f0   Zero   RW         2536    .bss.arp_table      etharp.o
    0x20003ac0        -       0x00000004   Zero   RW          259    .bss.bufptr         usbd_cdc_if.o
    0x20003ac4        -       0x0000000c   Zero   RW         2121    .bss.disk           ff_gen_drv.o
    0x20003ad0        -       0x00000001   Zero   RW         2538    .bss.etharp_cached_entry  etharp.o
    0x20003ad1   COMPRESSED   0x00000003   PAD
    0x20003ad4        -       0x000002c4   Zero   RW          210    .bss.hUsbDeviceFS   usb_device.o
    0x20003d98        -       0x00000048   Zero   RW           41    .bss.hadc1          main.o
    0x20003de0        -       0x00000060   Zero   RW           42    .bss.hdma_adc1      main.o
    0x20003e40        -       0x00000060   Zero   RW           46    .bss.hdma_sdio_rx   main.o
    0x20003ea0        -       0x00000060   Zero   RW           47    .bss.hdma_sdio_tx   main.o
    0x20003f00        -       0x00000060   Zero   RW           49    .bss.hdma_spi2_rx   main.o
    0x20003f60        -       0x00000060   Zero   RW           50    .bss.hdma_spi2_tx   main.o
    0x20003fc0        -       0x00000400   Zero   RW          328    .bss.hpcd_USB_OTG_FS  usbd_conf.o
    0x200043c0        -       0x00000084   Zero   RW           45    .bss.hsd            main.o
    0x20004444        -       0x00000058   Zero   RW           48    .bss.hspi2          main.o
    0x2000449c        -       0x00000040   Zero   RW           51    .bss.huart3         main.o
    0x200044dc        -       0x00000018   Zero   RW         2267    .bss.ip_data        ip.o
    0x200044f4        -       0x00000002   Zero   RW         2576    .bss.ip_id          ip4.o
    0x200044f6        -       0x0000016b   Zero   RW         2316    .bss.memp_memory_FRAG_PBUF_base  memp.o
    0x20004661        -       0x00002603   Zero   RW         2325    .bss.memp_memory_PBUF_POOL_base  memp.o
    0x20006c64        -       0x00000103   Zero   RW         2322    .bss.memp_memory_PBUF_base  memp.o
    0x20006d67        -       0x000000a3   Zero   RW         2313    .bss.memp_memory_REASSDATA_base  memp.o
    0x20006e0a        -       0x00000023   Zero   RW         2319    .bss.memp_memory_SYS_TIMEOUT_base  memp.o
    0x20006e2d        -       0x00000083   Zero   RW         2310    .bss.memp_memory_UDP_PCB_base  memp.o
    0x20006eb0        -       0x00000004   Zero   RW         2317    .bss.memp_tab_FRAG_PBUF  memp.o
    0x20006eb4        -       0x00000004   Zero   RW         2323    .bss.memp_tab_PBUF  memp.o
    0x20006eb8        -       0x00000004   Zero   RW         2326    .bss.memp_tab_PBUF_POOL  memp.o
    0x20006ebc        -       0x00000004   Zero   RW         2314    .bss.memp_tab_REASSDATA  memp.o
    0x20006ec0        -       0x00000004   Zero   RW         2320    .bss.memp_tab_SYS_TIMEOUT  memp.o
    0x20006ec4        -       0x00000004   Zero   RW         2311    .bss.memp_tab_UDP_PCB  memp.o
    0x20006ec8        -       0x00000653   Zero   RW         2283    .bss.ram_heap       mem.o
    0x2000751b   COMPRESSED   0x00000001   PAD
    0x2000751c        -       0x00000004   Zero   RW         2497    .bss.udp_pcbs       udp.o
    0x20007520        -       0x00000004   Zero   RW          499    .bss.uwTick         stm32f2xx_hal.o
    0x20007524   COMPRESSED   0x00000004   PAD
    0x20007528        -       0x00000400   Zero   RW            2    HEAP                startup_stm32f207xx.o
    0x20007928        -       0x00000400   Zero   RW            1    STACK               startup_stm32f207xx.o


==============================================================================

Image component sizes


      Code (inc. data)   RO Data    RW Data    ZI Data      Debug   Object Name

       172          4          0          0          0       6731   bsp_driver_sd.o
         4          0          0          0          0       2785   def.o
      2000        344        168          0        241      10934   etharp.o
       356        116         52          0          0       3437   ethernet.o
      1226        140          0          0      12524      14364   ethernetif.o
        24          8          0          0          5       1826   fatfs.o
        24          4          0          0          0       1179   fatfs_platform.o
        70          4          0          0         12       2498   ff_gen_drv.o
       588        172         53          0          0       4929   icmp.o
        26          0          0          0          0        467   init.o
         0          0          0          0         24       2227   ip.o
       758         80         64          0          2       5681   ip4.o
        44          0          4          0          0       4666   ip4_addr.o
      2164        448         57          0          8      10732   ip4_frag.o
       152         24          0          0         76       2803   lwip.o
      1674        232          0          4       1130      17236   main.o
      1164        368        151          0       1631       3566   mem.o
       366        156        144          0      10706       3877   memp.o
       456        124          0          0         12       6390   netif.o
      2216        788        149          0          0      13340   pbuf.o
       224         16         20          1          0       3216   sd_diskio.o
        36          8        388          0       2048        776   startup_stm32f207xx.o
       184         20          0          8          4       7336   stm32f2xx_hal.o
       876         24          0          0          0      10085   stm32f2xx_hal_adc.o
         2          0          0          0          0       8497   stm32f2xx_hal_adc_ex.o
       192         28          0          0          0      10277   stm32f2xx_hal_cortex.o
       732         20          0          0          0       8911   stm32f2xx_hal_dma.o
      2184         72          0          0          0      15930   stm32f2xx_hal_eth.o
       440         28          0          0          0       4975   stm32f2xx_hal_gpio.o
      1104         68          0          0          0      13317   stm32f2xx_hal_msp.o
      2434          4          0          0          0      13515   stm32f2xx_hal_pcd.o
        72          0          0          0          0       4103   stm32f2xx_hal_pcd_ex.o
      1152         48          0          0          0       7619   stm32f2xx_hal_rcc.o
      2998         28          0          0          0      23519   stm32f2xx_hal_sd.o
       398          4          0          0          0      20268   stm32f2xx_hal_spi.o
       436         44          0          0          0      37860   stm32f2xx_hal_tim.o
        58          0          0          0          0      14406   stm32f2xx_hal_tim_ex.o
       304          4          0          0          0      16984   stm32f2xx_hal_uart.o
       224         44          0          0          0       3587   stm32f2xx_it.o
      1656         20          0          0          0      13145   stm32f2xx_ll_sdmmc.o
       208         44          0          0          0      12890   stm32f2xx_ll_tim.o
      2278        124          0          0          0      21785   stm32f2xx_ll_usb.o
        64         16         24          4          0       2643   system_stm32f2xx.o
       408        140         16          0          8       3806   timeouts.o
      1006        100         47          2          4       8754   udp.o
       128         12          0          0          2       2322   udp_echoserver.o
        80         16          0          0        708       2815   usb_device.o
       718         24          0        267          0       9706   usbd_cdc.o
       496        112          0        147        804       3940   usbd_cdc_if.o
       652         20          0          0       1024      14641   usbd_conf.o
       690          0          0          0          0       7013   usbd_core.o
      1124         38          0          0          1       7674   usbd_ctlreq.o
       260         72          0         76        512       3372   usbd_desc.o
       128          0          0          0          0       4213   usbd_ioreq.o

    ----------------------------------------------------------------------
     37488       4210       1372        520      31504     463568   Object Totals
         0          0         32          0          0          0   (incl. Generated)
        58          0          3         11         18          0   (incl. Padding)

    ----------------------------------------------------------------------

      Code (inc. data)   RO Data    RW Data    ZI Data      Debug   Library Member Name

        86          0          0          0          0          0   __dczerorl2.o
        28          0          0          0          0         68   _chval.o
       158          0          0          0          0         92   _strtoul.o
        26          0          0          0          0         80   atoi.o
         8          4        133          0          0         68   ctype_o.o
         0          0          0          0          0          0   entry.o
         0          0          0          0          0          0   entry10a.o
         0          0          0          0          0          0   entry11a.o
         8          4          0          0          0          0   entry2.o
         4          0          0          0          0          0   entry5.o
         0          0          0          0          0          0   entry7b.o
         0          0          0          0          0          0   entry8b.o
         8          4          0          0          0          0   entry9a.o
         8          4          0          4          0         68   errno.o
        18          0          0          0          0         80   fputc.o
        30          0          0          0          0          0   handlers.o
        36          8          0          0          0         68   init.o
         0          0          0          0          0          0   iusesemip.o
        30          0          0          0          0         68   llshl.o
        32          0          0          0          0         68   llushr.o
       188         20          0          0          0        160   malloc.o
        26          0          0          0          0         80   memcmp.o
        36          0          0          0          0         68   memcpya.o
        36          0          0          0          0        108   memseta.o
         0          0          0          8          0          0   mvars.o
       916         20          0          0          0        504   printf6.o
         0          0          0          0          0          0   semi.o
         0          0          0          4          0          0   stdout.o
        14          0          0          0          0         68   strlen.o
       112          0          0          0          0         88   strtol.o
        44          0          0          0          0         80   uidiv.o
        98          0          0          0          0         92   uldiv.o

    ----------------------------------------------------------------------
      1956         64        136         16          0       1908   Library Totals
         6          0          3          0          0          0   (incl. Padding)

    ----------------------------------------------------------------------

      Code (inc. data)   RO Data    RW Data    ZI Data      Debug   Library Name

      1950         64        133         16          0       1908   mc_w.l

    ----------------------------------------------------------------------
      1956         64        136         16          0       1908   Library Totals

    ----------------------------------------------------------------------

==============================================================================


      Code (inc. data)   RO Data    RW Data    ZI Data      Debug   

     39444       4274       1508        536      31504     463904   Grand Totals
     39444       4274       1508        296      31504     463904   ELF Image Totals (compressed)
     39444       4274       1508        296          0          0   ROM Totals

==============================================================================

    Total RO  Size (Code + RO Data)                40952 (  39.99kB)
    Total RW  Size (RW Data + ZI Data)             32040 (  31.29kB)
    Total ROM Size (Code + RO Data + RW Data)      41248 (  40.28kB)

==============================================================================

