core_cm3.h:1499:26:__NVIC_GetPriorityGrouping	4	static
core_cm3.h:1511:22:__NVIC_EnableIRQ	16	static
core_cm3.h:1639:22:__NVIC_SetPriority	16	static
core_cm3.h:1686:26:NVIC_EncodePriority	40	static
stm32f2xx_ll_tim.h:1048:22:LL_TIM_EnableCounter	16	static
stm32f2xx_ll_tim.h:1230:22:LL_TIM_DisableARRPreload	16	static
stm32f2xx_ll_tim.h:2602:22:LL_TIM_SetClockSource	16	static
stm32f2xx_ll_tim.h:2648:22:LL_TIM_SetTriggerOutput	16	static
stm32f2xx_ll_tim.h:2714:22:LL_TIM_DisableMasterSlaveMode	16	static
stm32f2xx_ll_tim.h:3058:22:LL_TIM_ClearFlag_UPDATE	16	static
stm32f2xx_ll_tim.h:3329:22:LL_TIM_EnableIT_UPDATE	16	static
stm32f2xx_ll_bus.h:882:22:LL_APB1_GRP1_EnableClock	24	static
main.c:141:6:HAL_GPIO_EXTI_Callback	16	static
main.c:190:6:can_transmit	16	static
main.c:197:6:cam_conf	16	static
main.c:226:6:cam_act	8	static
main.c:235:6:cds_print	16	static
main.c:268:7:diameter	16	static
main.c:273:7:n_of_rot_to_photo_dist	16	static
main.c:278:5:tgt_pls_cnt	16	static
main.c:290:5:main	32	static
main.c:413:6:SystemClock_Config	80	static
main.c:456:13:MX_ADC1_Init	24	static
main.c:531:13:MX_CAN1_Init	48	static
main.c:594:13:MX_SDIO_SD_Init	4	static
main.c:622:13:MX_SPI2_Init	8	static
main.c:660:13:MX_TIM3_Init	32	static
main.c:701:13:MX_TIM8_Init	56	static
main.c:753:13:MX_USART2_UART_Init	8	static
main.c:786:13:MX_USART3_UART_Init	8	static
main.c:817:13:MX_DMA_Init	16	static
main.c:854:13:MX_GPIO_Init	64	static
main.c:951:6:Error_Handler	4	static
