core_cm3.h:1499:26:__NVIC_GetPriorityGrouping	4	static
core_cm3.h:1511:22:__NVIC_EnableIRQ	16	static
core_cm3.h:1639:22:__NVIC_SetPriority	16	static
core_cm3.h:1686:26:NVIC_EncodePriority	40	static
stm32f2xx_ll_tim.h:1048:22:LL_TIM_EnableCounter	16	static
stm32f2xx_ll_tim.h:1230:22:LL_TIM_DisableARRPreload	16	static
stm32f2xx_ll_tim.h:2602:22:LL_TIM_SetClockSource	16	static
stm32f2xx_ll_tim.h:2648:22:LL_TIM_SetTriggerOutput	16	static
stm32f2xx_ll_tim.h:2714:22:LL_TIM_DisableMasterSlaveMode	16	static
stm32f2xx_ll_tim.h:3058:22:LL_TIM_ClearFlag_UPDATE	16	static
stm32f2xx_ll_tim.h:3329:22:LL_TIM_EnableIT_UPDATE	16	static
stm32f2xx_ll_bus.h:882:22:LL_APB1_GRP1_EnableClock	24	static
main.c:141:6:HAL_GPIO_EXTI_Callback	16	static
main.c:203:6:can_transmit	16	static
main.c:210:6:cam_conf	16	static
main.c:239:6:cam_act	8	static
main.c:248:6:cds_print	16	static
main.c:281:7:diameter	16	static
main.c:286:7:rotation_for_shoot	16	static
main.c:291:5:target_pulse_cnt	16	static
main.c:303:5:main	16	static
main.c:428:6:SystemClock_Config	80	static
main.c:471:13:MX_ADC1_Init	24	static
main.c:546:13:MX_CAN1_Init	48	static
main.c:609:13:MX_SDIO_SD_Init	4	static
main.c:637:13:MX_SPI2_Init	8	static
main.c:675:13:MX_TIM3_Init	32	static
main.c:716:13:MX_TIM8_Init	56	static
main.c:768:13:MX_USART2_UART_Init	8	static
main.c:801:13:MX_USART3_UART_Init	8	static
main.c:832:13:MX_DMA_Init	16	static
main.c:869:13:MX_GPIO_Init	64	static
main.c:966:6:Error_Handler	4	static
