stm32f2xx_ll_tim.h:1059:22:LL_TIM_DisableCounter	16	static
stm32f2xx_ll_tim.h:3058:22:LL_TIM_ClearFlag_UPDATE	16	static
stm32f2xx_it.c:82:6:NMI_Handler	4	static
stm32f2xx_it.c:95:6:HardFault_Handler	4	static
stm32f2xx_it.c:110:6:MemManage_Handler	4	static
stm32f2xx_it.c:125:6:BusFault_Handler	4	static
stm32f2xx_it.c:140:6:UsageFault_Handler	4	static
stm32f2xx_it.c:155:6:SVC_Handler	4	static
stm32f2xx_it.c:168:6:DebugMon_Handler	4	static
stm32f2xx_it.c:181:6:PendSV_Handler	4	static
stm32f2xx_it.c:194:6:SysTick_Handler	8	static
stm32f2xx_it.c:215:6:DMA1_Stream3_IRQHandler	8	static
stm32f2xx_it.c:229:6:DMA1_Stream4_IRQHandler	8	static
stm32f2xx_it.c:243:6:DMA1_Stream5_IRQHandler	8	static
stm32f2xx_it.c:257:6:DMA1_Stream6_IRQHandler	8	static
stm32f2xx_it.c:271:6:ADC_IRQHandler	8	static
stm32f2xx_it.c:285:6:CAN1_TX_IRQHandler	8	static
stm32f2xx_it.c:299:6:CAN1_RX0_IRQHandler	8	static
stm32f2xx_it.c:313:6:CAN1_RX1_IRQHandler	8	static
stm32f2xx_it.c:327:6:CAN1_SCE_IRQHandler	8	static
stm32f2xx_it.c:341:6:TIM3_IRQHandler	8	static
stm32f2xx_it.c:367:6:SPI2_IRQHandler	8	static
stm32f2xx_it.c:381:6:USART2_IRQHandler	8	static
stm32f2xx_it.c:395:6:EXTI15_10_IRQHandler	8	static
stm32f2xx_it.c:413:6:SDIO_IRQHandler	8	static
stm32f2xx_it.c:427:6:DMA2_Stream0_IRQHandler	8	static
stm32f2xx_it.c:441:6:DMA2_Stream3_IRQHandler	8	static
stm32f2xx_it.c:455:6:OTG_FS_IRQHandler	8	static
stm32f2xx_it.c:469:6:DMA2_Stream6_IRQHandler	8	static
