core_cm3.h:1499:26:__NVIC_GetPriorityGrouping	4	static
core_cm3.h:1511:22:__NVIC_EnableIRQ	16	static
core_cm3.h:1639:22:__NVIC_SetPriority	16	static
core_cm3.h:1686:26:NVIC_EncodePriority	40	static
stm32f2xx_ll_tim.h:1048:22:LL_TIM_EnableCounter	16	static
stm32f2xx_ll_tim.h:1230:22:LL_TIM_DisableARRPreload	16	static
stm32f2xx_ll_tim.h:2602:22:LL_TIM_SetClockSource	16	static
stm32f2xx_ll_tim.h:2648:22:LL_TIM_SetTriggerOutput	16	static
stm32f2xx_ll_tim.h:2714:22:LL_TIM_DisableMasterSlaveMode	16	static
stm32f2xx_ll_tim.h:3058:22:LL_TIM_ClearFlag_UPDATE	16	static
stm32f2xx_ll_tim.h:3329:22:LL_TIM_EnableIT_UPDATE	16	static
stm32f2xx_ll_bus.h:882:22:LL_APB1_GRP1_EnableClock	24	static
main.c:139:6:HAL_GPIO_EXTI_Callback	16	static
main.c:182:6:CAN_Transmit	16	static
main.c:189:6:Camera_Configuration	16	static
main.c:219:6:DSLR_Action	8	static
main.c:228:6:ADC_Print	16	static
main.c:259:7:diameter	24	static
main.c:264:7:rotationForShoot	16	static
main.c:269:5:targetPulseCount	16	static
main.c:275:6:SaveWheelParam	56	static
main.c:309:5:main	24	static
main.c:439:6:SystemClock_Config	80	static
main.c:482:13:MX_ADC1_Init	24	static
main.c:557:13:MX_CAN1_Init	48	static
main.c:620:13:MX_SDIO_SD_Init	4	static
main.c:648:13:MX_SPI2_Init	8	static
main.c:686:13:MX_TIM3_Init	32	static
main.c:727:13:MX_TIM8_Init	56	static
main.c:779:13:MX_USART2_UART_Init	8	static
main.c:812:13:MX_USART3_UART_Init	8	static
main.c:843:13:MX_DMA_Init	16	static
main.c:880:13:MX_GPIO_Init	64	static
main.c:977:6:Error_Handler	4	static
