main.c:575:13:MX_SDIO_SD_Init	0	static
main.c:835:13:MX_GPIO_Init	88	static
main.c:798:13:MX_DMA_Init	16	static
main.c:767:13:MX_USART3_UART_Init	8	static
main.c:734:13:MX_USART2_UART_Init	8	static
main.c:641:13:MX_TIM3_Init	32	static
main.c:437:13:MX_ADC1_Init	40	static
main.c:682:13:MX_TIM8_Init	64	static
main.c:603:13:MX_SPI2_Init	8	static
main.c:512:13:MX_CAN1_Init	56	static
main.c:146:6:HAL_GPIO_EXTI_Callback	8	static
main.c:189:6:CAN_Transmit	16	static
main.c:196:6:Camera_Configuration	16	static
main.c:225:6:DSLR_Action	8	static
main.c:234:6:ADC_Print	8	static
main.c:265:7:diameter	8	static
main.c:270:7:rotationForShoot	8	static
main.c:275:5:targetPulseCount	8	static
main.c:394:6:SystemClock_Config	88	static
main.c:287:5:main	16	static
main.c:932:6:Error_Handler	0	static
