stm32f2xx_it.c:83:6:NMI_Handler	0	static
stm32f2xx_it.c:96:6:HardFault_Handler	0	static
stm32f2xx_it.c:111:6:MemManage_Handler	0	static
stm32f2xx_it.c:126:6:BusFault_Handler	0	static
stm32f2xx_it.c:141:6:UsageFault_Handler	0	static
stm32f2xx_it.c:156:6:SVC_Handler	0	static
stm32f2xx_it.c:169:6:DebugMon_Handler	0	static
stm32f2xx_it.c:182:6:PendSV_Handler	0	static
stm32f2xx_it.c:195:6:SysTick_Handler	8	static
stm32f2xx_it.c:216:6:DMA1_Stream3_IRQHandler	8	static
stm32f2xx_it.c:230:6:DMA1_Stream4_IRQHandler	8	static
stm32f2xx_it.c:244:6:DMA1_Stream5_IRQHandler	8	static
stm32f2xx_it.c:258:6:DMA1_Stream6_IRQHandler	8	static
stm32f2xx_it.c:272:6:ADC_IRQHandler	8	static
stm32f2xx_it.c:286:6:CAN1_TX_IRQHandler	8	static
stm32f2xx_it.c:300:6:CAN1_RX0_IRQHandler	8	static
stm32f2xx_it.c:314:6:CAN1_RX1_IRQHandler	8	static
stm32f2xx_it.c:328:6:CAN1_SCE_IRQHandler	8	static
stm32f2xx_it.c:342:6:TIM3_IRQHandler	16	static
stm32f2xx_it.c:369:6:SPI2_IRQHandler	8	static
stm32f2xx_it.c:383:6:USART2_IRQHandler	8	static
stm32f2xx_it.c:397:6:EXTI15_10_IRQHandler	8	static
stm32f2xx_it.c:415:6:SDIO_IRQHandler	8	static
stm32f2xx_it.c:429:6:DMA2_Stream0_IRQHandler	8	static
stm32f2xx_it.c:443:6:DMA2_Stream3_IRQHandler	8	static
stm32f2xx_it.c:457:6:ETH_IRQHandler	8	static
stm32f2xx_it.c:471:6:ETH_WKUP_IRQHandler	8	static
stm32f2xx_it.c:485:6:OTG_FS_IRQHandler	8	static
stm32f2xx_it.c:499:6:DMA2_Stream6_IRQHandler	8	static
