stm32f2xx_hal_msp.c:77:6:HAL_MspInit	16	static
stm32f2xx_hal_msp.c:109:6:HAL_ADC_MspInit	48	static
stm32f2xx_hal_msp.c:167:6:HAL_ADC_MspDeInit	8	static
stm32f2xx_hal_msp.c:203:6:HAL_CAN_MspInit	40	static
stm32f2xx_hal_msp.c:248:6:HAL_CAN_MspDeInit	8	static
stm32f2xx_hal_msp.c:282:6:HAL_SD_MspInit	72	static
stm32f2xx_hal_msp.c:383:6:HAL_SD_MspDeInit	8	static
stm32f2xx_hal_msp.c:425:6:HAL_SPI_MspInit	64	static
stm32f2xx_hal_msp.c:510:6:HAL_SPI_MspDeInit	8	static
stm32f2xx_hal_msp.c:548:6:HAL_TIM_Encoder_MspInit	40	static
stm32f2xx_hal_msp.c:584:6:HAL_TIM_Encoder_MspDeInit	8	static
stm32f2xx_hal_msp.c:613:6:HAL_UART_MspInit	56	static
stm32f2xx_hal_msp.c:713:6:HAL_UART_MspDeInit	8	static
