core_cm3.h:1499:26:__NVIC_GetPriorityGrouping	4	static
core_cm3.h:1511:22:__NVIC_EnableIRQ	16	static
core_cm3.h:1639:22:__NVIC_SetPriority	16	static
core_cm3.h:1686:26:NVIC_EncodePriority	40	static
stm32f2xx_ll_tim.h:1047:22:LL_TIM_EnableCounter	16	static
stm32f2xx_ll_tim.h:1229:22:LL_TIM_DisableARRPreload	16	static
stm32f2xx_ll_tim.h:2601:22:LL_TIM_SetClockSource	16	static
stm32f2xx_ll_tim.h:2647:22:LL_TIM_SetTriggerOutput	16	static
stm32f2xx_ll_tim.h:2713:22:LL_TIM_DisableMasterSlaveMode	16	static
stm32f2xx_ll_tim.h:3057:22:LL_TIM_ClearFlag_UPDATE	16	static
stm32f2xx_ll_tim.h:3328:22:LL_TIM_EnableIT_UPDATE	16	static
stm32f2xx_ll_bus.h:882:22:LL_APB1_GRP1_EnableClock	24	static
main.c:102:6:FLIR_Action	8	static
main.c:107:6:ADC_Print	24	static
main.c:120:6:HAL_GPIO_EXTI_Callback	16	static
main.c:147:5:main	16	static
main.c:281:6:SystemClock_Config	80	static
main.c:324:13:MX_ADC1_Init	24	static
main.c:375:13:MX_SDIO_SD_Init	4	static
main.c:403:13:MX_SPI2_Init	8	static
main.c:441:13:MX_TIM3_Init	32	static
main.c:482:13:MX_TIM8_Init	56	static
main.c:534:13:MX_USART3_UART_Init	8	static
main.c:565:13:MX_DMA_Init	16	static
main.c:596:13:MX_GPIO_Init	64	static
main.c:697:6:Error_Handler	4	static
