stm32f2xx_ll_tim.h:1058:22:LL_TIM_DisableCounter	16	static
stm32f2xx_ll_tim.h:3057:22:LL_TIM_ClearFlag_UPDATE	16	static
stm32f2xx_it.c:79:6:NMI_Handler	4	static
stm32f2xx_it.c:92:6:HardFault_Handler	4	static
stm32f2xx_it.c:107:6:MemManage_Handler	4	static
stm32f2xx_it.c:122:6:BusFault_Handler	4	static
stm32f2xx_it.c:137:6:UsageFault_Handler	4	static
stm32f2xx_it.c:152:6:SVC_Handler	4	static
stm32f2xx_it.c:165:6:DebugMon_Handler	4	static
stm32f2xx_it.c:178:6:PendSV_Handler	4	static
stm32f2xx_it.c:191:6:SysTick_Handler	8	static
stm32f2xx_it.c:212:6:DMA1_Stream3_IRQHandler	8	static
stm32f2xx_it.c:226:6:DMA1_Stream4_IRQHandler	8	static
stm32f2xx_it.c:240:6:ADC_IRQHandler	8	static
stm32f2xx_it.c:254:6:TIM3_IRQHandler	8	static
stm32f2xx_it.c:271:6:SPI2_IRQHandler	8	static
stm32f2xx_it.c:285:6:EXTI15_10_IRQHandler	8	static
stm32f2xx_it.c:303:6:SDIO_IRQHandler	8	static
stm32f2xx_it.c:317:6:DMA2_Stream0_IRQHandler	8	static
stm32f2xx_it.c:331:6:DMA2_Stream3_IRQHandler	8	static
stm32f2xx_it.c:345:6:ETH_IRQHandler	8	static
stm32f2xx_it.c:359:6:ETH_WKUP_IRQHandler	8	static
stm32f2xx_it.c:373:6:OTG_FS_IRQHandler	8	static
stm32f2xx_it.c:387:6:DMA2_Stream6_IRQHandler	8	static
