Archive member included to satisfy reference by file (symbol)

c:/st/stm32cubeide_1.5.1/stm32cubeide/plugins/com.st.stm32cube.ide.mcu.externaltools.gnu-tools-for-stm32.7-2018-q2-update.win32_1.5.0.202011040924/tools/bin/../lib/gcc/arm-none-eabi/7.3.1/../../../../arm-none-eabi/lib/thumb/v7-m\libc_nano.a(lib_a-atoi.o)
                              Core/Src/main.o (atoi)
c:/st/stm32cubeide_1.5.1/stm32cubeide/plugins/com.st.stm32cube.ide.mcu.externaltools.gnu-tools-for-stm32.7-2018-q2-update.win32_1.5.0.202011040924/tools/bin/../lib/gcc/arm-none-eabi/7.3.1/../../../../arm-none-eabi/lib/thumb/v7-m\libc_nano.a(lib_a-errno.o)
                              Core/Src/syscalls.o (__errno)
c:/st/stm32cubeide_1.5.1/stm32cubeide/plugins/com.st.stm32cube.ide.mcu.externaltools.gnu-tools-for-stm32.7-2018-q2-update.win32_1.5.0.202011040924/tools/bin/../lib/gcc/arm-none-eabi/7.3.1/../../../../arm-none-eabi/lib/thumb/v7-m\libc_nano.a(lib_a-exit.o)
                              c:/st/stm32cubeide_1.5.1/stm32cubeide/plugins/com.st.stm32cube.ide.mcu.externaltools.gnu-tools-for-stm32.7-2018-q2-update.win32_1.5.0.202011040924/tools/bin/../lib/gcc/arm-none-eabi/7.3.1/../../../../arm-none-eabi/lib/thumb/v7-m/crt0.o (exit)
c:/st/stm32cubeide_1.5.1/stm32cubeide/plugins/com.st.stm32cube.ide.mcu.externaltools.gnu-tools-for-stm32.7-2018-q2-update.win32_1.5.0.202011040924/tools/bin/../lib/gcc/arm-none-eabi/7.3.1/../../../../arm-none-eabi/lib/thumb/v7-m\libc_nano.a(lib_a-impure.o)
                              c:/st/stm32cubeide_1.5.1/stm32cubeide/plugins/com.st.stm32cube.ide.mcu.externaltools.gnu-tools-for-stm32.7-2018-q2-update.win32_1.5.0.202011040924/tools/bin/../lib/gcc/arm-none-eabi/7.3.1/../../../../arm-none-eabi/lib/thumb/v7-m\libc_nano.a(lib_a-exit.o) (_global_impure_ptr)
c:/st/stm32cubeide_1.5.1/stm32cubeide/plugins/com.st.stm32cube.ide.mcu.externaltools.gnu-tools-for-stm32.7-2018-q2-update.win32_1.5.0.202011040924/tools/bin/../lib/gcc/arm-none-eabi/7.3.1/../../../../arm-none-eabi/lib/thumb/v7-m\libc_nano.a(lib_a-init.o)
                              c:/st/stm32cubeide_1.5.1/stm32cubeide/plugins/com.st.stm32cube.ide.mcu.externaltools.gnu-tools-for-stm32.7-2018-q2-update.win32_1.5.0.202011040924/tools/bin/../lib/gcc/arm-none-eabi/7.3.1/../../../../arm-none-eabi/lib/thumb/v7-m/crt0.o (__libc_init_array)
c:/st/stm32cubeide_1.5.1/stm32cubeide/plugins/com.st.stm32cube.ide.mcu.externaltools.gnu-tools-for-stm32.7-2018-q2-update.win32_1.5.0.202011040924/tools/bin/../lib/gcc/arm-none-eabi/7.3.1/../../../../arm-none-eabi/lib/thumb/v7-m\libc_nano.a(lib_a-malloc.o)
                              Middlewares/ST/STM32_USB_Device_Library/Class/CDC/Src/usbd_cdc.o (malloc)
c:/st/stm32cubeide_1.5.1/stm32cubeide/plugins/com.st.stm32cube.ide.mcu.externaltools.gnu-tools-for-stm32.7-2018-q2-update.win32_1.5.0.202011040924/tools/bin/../lib/gcc/arm-none-eabi/7.3.1/../../../../arm-none-eabi/lib/thumb/v7-m\libc_nano.a(lib_a-memset.o)
                              c:/st/stm32cubeide_1.5.1/stm32cubeide/plugins/com.st.stm32cube.ide.mcu.externaltools.gnu-tools-for-stm32.7-2018-q2-update.win32_1.5.0.202011040924/tools/bin/../lib/gcc/arm-none-eabi/7.3.1/../../../../arm-none-eabi/lib/thumb/v7-m/crt0.o (memset)
c:/st/stm32cubeide_1.5.1/stm32cubeide/plugins/com.st.stm32cube.ide.mcu.externaltools.gnu-tools-for-stm32.7-2018-q2-update.win32_1.5.0.202011040924/tools/bin/../lib/gcc/arm-none-eabi/7.3.1/../../../../arm-none-eabi/lib/thumb/v7-m\libc_nano.a(lib_a-nano-freer.o)
                              c:/st/stm32cubeide_1.5.1/stm32cubeide/plugins/com.st.stm32cube.ide.mcu.externaltools.gnu-tools-for-stm32.7-2018-q2-update.win32_1.5.0.202011040924/tools/bin/../lib/gcc/arm-none-eabi/7.3.1/../../../../arm-none-eabi/lib/thumb/v7-m\libc_nano.a(lib_a-malloc.o) (_free_r)
c:/st/stm32cubeide_1.5.1/stm32cubeide/plugins/com.st.stm32cube.ide.mcu.externaltools.gnu-tools-for-stm32.7-2018-q2-update.win32_1.5.0.202011040924/tools/bin/../lib/gcc/arm-none-eabi/7.3.1/../../../../arm-none-eabi/lib/thumb/v7-m\libc_nano.a(lib_a-nano-mallocr.o)
                              c:/st/stm32cubeide_1.5.1/stm32cubeide/plugins/com.st.stm32cube.ide.mcu.externaltools.gnu-tools-for-stm32.7-2018-q2-update.win32_1.5.0.202011040924/tools/bin/../lib/gcc/arm-none-eabi/7.3.1/../../../../arm-none-eabi/lib/thumb/v7-m\libc_nano.a(lib_a-malloc.o) (_malloc_r)
c:/st/stm32cubeide_1.5.1/stm32cubeide/plugins/com.st.stm32cube.ide.mcu.externaltools.gnu-tools-for-stm32.7-2018-q2-update.win32_1.5.0.202011040924/tools/bin/../lib/gcc/arm-none-eabi/7.3.1/../../../../arm-none-eabi/lib/thumb/v7-m\libc_nano.a(lib_a-nano-vfprintf_float.o)
                              (_printf_float)
c:/st/stm32cubeide_1.5.1/stm32cubeide/plugins/com.st.stm32cube.ide.mcu.externaltools.gnu-tools-for-stm32.7-2018-q2-update.win32_1.5.0.202011040924/tools/bin/../lib/gcc/arm-none-eabi/7.3.1/../../../../arm-none-eabi/lib/thumb/v7-m\libc_nano.a(lib_a-nano-vfprintf_i.o)
[...]
Memory Configuration

Name             Origin             Length             Attributes
RAM              0x0000000020000000 0x0000000000020000 xrw
FLASH            0x0000000008000000 0x0000000000100000 xr
*default*        0x0000000000000000 0xffffffffffffffff

Linker script and memory map

LOAD c:/st/stm32cubeide_1.5.1/stm32cubeide/plugins/com.st.stm32cube.ide.mcu.externaltools.gnu-tools-for-stm32.7-2018-q2-update.win32_1.5.0.202011040924/tools/bin/../lib/gcc/arm-none-eabi/7.3.1/thumb/v7-m/crti.o
LOAD c:/st/stm32cubeide_1.5.1/stm32cubeide/plugins/com.st.stm32cube.ide.mcu.externaltools.gnu-tools-for-stm32.7-2018-q2-update.win32_1.5.0.202011040924/tools/bin/../lib/gcc/arm-none-eabi/7.3.1/thumb/v7-m/crtbegin.o
LOAD c:/st/stm32cubeide_1.5.1/stm32cubeide/plugins/com.st.stm32cube.ide.mcu.externaltools.gnu-tools-for-stm32.7-2018-q2-update.win32_1.5.0.202011040924/tools/bin/../lib/gcc/arm-none-eabi/7.3.1/../../../../arm-none-eabi/lib/thumb/v7-m/crt0.o
LOAD Core/Src/main.o
LOAD Core/Src/stm32f2xx_hal_msp.o
LOAD Core/Src/stm32f2xx_it.o
LOAD Core/Src/syscalls.o
LOAD Core/Src/sysmem.o
LOAD Core/Src/system_stm32f2xx.o
LOAD Core/Startup/startup_stm32f207zgtx.o
LOAD Drivers/STM32F2xx_HAL_Driver/Src/stm32f2xx_hal.o
LOAD Drivers/STM32F2xx_HAL_Driver/Src/stm32f2xx_hal_adc.o
LOAD Drivers/STM32F2xx_HAL_Driver/Src/stm32f2xx_hal_adc_ex.o
LOAD Drivers/STM32F2xx_HAL_Driver/Src/stm32f2xx_hal_can.o
LOAD Drivers/STM32F2xx_HAL_Driver/Src/stm32f2xx_hal_cortex.o
LOAD Drivers/STM32F2xx_HAL_Driver/Src/stm32f2xx_hal_dma.o
LOAD Drivers/STM32F2xx_HAL_Driver/Src/stm32f2xx_hal_dma_ex.o
LOAD Drivers/STM32F2xx_HAL_Driver/Src/stm32f2xx_hal_exti.o
LOAD Drivers/STM32F2xx_HAL_Driver/Src/stm32f2xx_hal_flash.o
LOAD Drivers/STM32F2xx_HAL_Driver/Src/stm32f2xx_hal_flash_ex.o
LOAD Drivers/STM32F2xx_HAL_Driver/Src/stm32f2xx_hal_gpio.o
LOAD Drivers/STM32F2xx_HAL_Driver/Src/stm32f2xx_hal_pcd.o
LOAD Drivers/STM32F2xx_HAL_Driver/Src/stm32f2xx_hal_pcd_ex.o
LOAD Drivers/STM32F2xx_HAL_Driver/Src/stm32f2xx_hal_pwr.o
LOAD Drivers/STM32F2xx_HAL_Driver/Src/stm32f2xx_hal_pwr_ex.o
LOAD Drivers/STM32F2xx_HAL_Driver/Src/stm32f2xx_hal_rcc.o
LOAD Drivers/STM32F2xx_HAL_Driver/Src/stm32f2xx_hal_rcc_ex.o
LOAD Drivers/STM32F2xx_HAL_Driver/Src/stm32f2xx_hal_sd.o
LOAD Drivers/STM32F2xx_HAL_Driver/Src/stm32f2xx_hal_spi.o
LOAD Drivers/STM32F2xx_HAL_Driver/Src/stm32f2xx_hal_tim.o
LOAD Drivers/STM32F2xx_HAL_Driver/Src/stm32f2xx_hal_tim_ex.o
LOAD Drivers/STM32F2xx_HAL_Driver/Src/stm32f2xx_hal_uart.o
LOAD Drivers/STM32F2xx_HAL_Driver/Src/stm32f2xx_ll_dma.o
LOAD Drivers/STM32F2xx_HAL_Driver/Src/stm32f2xx_ll_exti.o
LOAD Drivers/STM32F2xx_HAL_Driver/Src/stm32f2xx_ll_gpio.o
LOAD Drivers/STM32F2xx_HAL_Driver/Src/stm32f2xx_ll_rcc.o
LOAD Drivers/STM32F2xx_HAL_Driver/Src/stm32f2xx_ll_sdmmc.o
LOAD Drivers/STM32F2xx_HAL_Driver/Src/stm32f2xx_ll_tim.o
LOAD Drivers/STM32F2xx_HAL_Driver/Src/stm32f2xx_ll_usb.o
LOAD Drivers/STM32F2xx_HAL_Driver/Src/stm32f2xx_ll_utils.o
LOAD FATFS/App/fatfs.o
LOAD FATFS/Target/bsp_driver_sd.o
LOAD FATFS/Target/fatfs_platform.o
LOAD Middlewares/ST/STM32_USB_Device_Library/Class/CDC/Src/usbd_cdc.o
LOAD Middlewares/ST/STM32_USB_Device_Library/Core/Src/usbd_core.o
LOAD Middlewares/ST/STM32_USB_Device_Library/Core/Src/usbd_ctlreq.o
LOAD Middlewares/ST/STM32_USB_Device_Library/Core/Src/usbd_ioreq.o
LOAD Middlewares/Third_Party/FatFs/src/diskio.o
LOAD Middlewares/Third_Party/FatFs/src/ff.o
LOAD Middlewares/Third_Party/FatFs/src/ff_gen_drv.o
LOAD Middlewares/Third_Party/FatFs/src/drivers/sd_diskio.o
LOAD Middlewares/Third_Party/FatFs/src/option/cc949.o
LOAD Middlewares/Third_Party/FatFs/src/option/syscall.o
LOAD USB_DEVICE/App/usb_device.o
LOAD USB_DEVICE/App/usbd_cdc_if.o
LOAD USB_DEVICE/App/usbd_desc.o
LOAD USB_DEVICE/Target/usbd_conf.o
START GROUP
LOAD c:/st/stm32cubeide_1.5.1/stm32cubeide/plugins/com.st.stm32cube.ide.mcu.externaltools.gnu-tools-for-stm32.7-2018-q2-update.win32_1.5.0.202011040924/tools/bin/../lib/gcc/arm-none-eabi/7.3.1/../../../../arm-none-eabi/lib/thumb/v7-m\libc_nano.a
LOAD c:/st/stm32cubeide_1.5.1/stm32cubeide/plugins/com.st.stm32cube.ide.mcu.externaltools.gnu-tools-for-stm32.7-2018-q2-update.win32_1.5.0.202011040924/tools/bin/../lib/gcc/arm-none-eabi/7.3.1/../../../../arm-none-eabi/lib/thumb/v7-m\libm.a
END GROUP
START GROUP
LOAD c:/st/stm32cubeide_1.5.1/stm32cubeide/plugins/com.st.stm32cube.ide.mcu.externaltools.gnu-tools-for-stm32.7-2018-q2-update.win32_1.5.0.202011040924/tools/bin/../lib/gcc/arm-none-eabi/7.3.1/thumb/v7-m\libgcc.a
LOAD c:/st/stm32cubeide_1.5.1/stm32cubeide/plugins/com.st.stm32cube.ide.mcu.externaltools.gnu-tools-for-stm32.7-2018-q2-update.win32_1.5.0.202011040924/tools/bin/../lib/gcc/arm-none-eabi/7.3.1/../../../../arm-none-eabi/lib/thumb/v7-m\libc_nano.a
END GROUP
START GROUP
LOAD c:/st/stm32cubeide_1.5.1/stm32cubeide/plugins/com.st.stm32cube.ide.mcu.externaltools.gnu-tools-for-stm32.7-2018-q2-update.win32_1.5.0.202011040924/tools/bin/../lib/gcc/arm-none-eabi/7.3.1/thumb/v7-m\libgcc.a
LOAD c:/st/stm32cubeide_1.5.1/stm32cubeide/plugins/com.st.stm32cube.ide.mcu.externaltools.gnu-tools-for-stm32.7-2018-q2-update.win32_1.5.0.202011040924/tools/bin/../lib/gcc/arm-none-eabi/7.3.1/../../../../arm-none-eabi/lib/thumb/v7-m\libc_nano.a
LOAD c:/st/stm32cubeide_1.5.1/stm32cubeide/plugins/com.st.stm32cube.ide.mcu.externaltools.gnu-tools-for-stm32.7-2018-q2-update.win32_1.5.0.202011040924/tools/bin/../lib/gcc/arm-none-eabi/7.3.1/../../../../arm-none-eabi/lib/thumb/v7-m\libnosys.a
END GROUP
START GROUP
LOAD c:/st/stm32cubeide_1.5.1/stm32cubeide/plugins/com.st.stm32cube.ide.mcu.externaltools.gnu-tools-for-stm32.7-2018-q2-update.win32_1.5.0.202011040924/tools/bin/../lib/gcc/arm-none-eabi/7.3.1/thumb/v7-m\libgcc.a
LOAD c:/st/stm32cubeide_1.5.1/stm32cubeide/plugins/com.st.stm32cube.ide.mcu.externaltools.gnu-tools-for-stm32.7-2018-q2-update.win32_1.5.0.202011040924/tools/bin/../lib/gcc/arm-none-eabi/7.3.1/../../../../arm-none-eabi/lib/thumb/v7-m\libc_nano.a
LOAD c:/st/stm32cubeide_1.5.1/stm32cubeide/plugins/com.st.stm32cube.ide.mcu.externaltools.gnu-tools-for-stm32.7-2018-q2-update.win32_1.5.0.202011040924/tools/bin/../lib/gcc/arm-none-eabi/7.3.1/../../../../arm-none-eabi/lib/thumb/v7-m\libnosys.a
END GROUP
LOAD c:/st/stm32cubeide_1.5.1/stm32cubeide/plugins/com.st.stm32cube.ide.mcu.externaltools.gnu-tools-for-stm32.7-2018-q2-update.win32_1.5.0.202011040924/tools/bin/../lib/gcc/arm-none-eabi/7.3.1/thumb/v7-m/crtend.o
LOAD c:/st/stm32cubeide_1.5.1/stm32cubeide/plugins/com.st.stm32cube.ide.mcu.externaltools.gnu-tools-for-stm32.7-2018-q2-update.win32_1.5.0.202011040924/tools/bin/../lib/gcc/arm-none-eabi/7.3.1/thumb/v7-m/crtn.o
                0x0000000020020000                _estack = (ORIGIN (RAM) + LENGTH (RAM))
                0x0000000000000400                _Min_Heap_Size = 0x400
                0x0000000000000400                _Min_Stack_Size = 0x400

.isr_vector     0x0000000008000000      0x184
                0x0000000008000000                . = ALIGN (0x4)
 *(.isr_vector)
 .isr_vector    0x0000000008000000      0x184 Core/Startup/startup_stm32f207zgtx.o
                0x0000000008000000                g_pfnVectors
                0x0000000008000184                . = ALIGN (0x4)

.text           0x0000000008000188     0xfe10
                0x0000000008000188                . = ALIGN (0x4)
 *(.text)
 .text          0x0000000008000188       0x40 c:/st/stm32cubeide_1.5.1/stm32cubeide/plugins/com.st.stm32cube.ide.mcu.externaltools.gnu-tools-for-stm32.7-2018-q2-update.win32_1.5.0.202011040924/tools/bin/../lib/gcc/arm-none-eabi/7.3.1/thumb/v7-m/crtbegin.o
 .text          0x00000000080001c8       0x10 c:/st/stm32cubeide_1.5.1/stm32cubeide/plugins/com.st.stm32cube.ide.mcu.externaltools.gnu-tools-for-stm32.7-2018-q2-update.win32_1.5.0.202011040924/tools/bin/../lib/gcc/arm-none-eabi/7.3.1/../../../../arm-none-eabi/lib/thumb/v7-m\libc_nano.a(lib_a-strlen.o)
                0x00000000080001c8                strlen
 .text          0x00000000080001d8      0x378 c:/st/stm32cubeide_1.5.1/stm32cubeide/plugins/com.st.stm32cube.ide.mcu.externaltools.gnu-tools-for-stm32.7-2018-q2-update.win32_1.5.0.202011040924/tools/bin/../lib/gcc/arm-none-eabi/7.3.1/thumb/v7-m\libgcc.a(_arm_addsubdf3.o)
                0x00000000080001d8                __aeabi_drsub
                0x00000000080001e0                __aeabi_dsub
                0x00000000080001e0                __subdf3
                0x00000000080001e4                __aeabi_dadd
                0x00000000080001e4                __adddf3
                0x000000000800045c                __floatunsidf
                0x000000000800045c                __aeabi_ui2d
                0x000000000800047c                __floatsidf
                0x000000000800047c                __aeabi_i2d
                0x00000000080004a0                __aeabi_f2d
                0x00000000080004a0                __extendsfdf2
                0x00000000080004e4                __floatundidf
                0x00000000080004e4                __aeabi_ul2d
                0x00000000080004f4                __floatdidf
                0x00000000080004f4                __aeabi_l2d
 .text          0x0000000008000550      0x424 c:/st/stm32cubeide_1.5.1/stm32cubeide/plugins/com.st.stm32cube.ide.mcu.externaltools.gnu-tools-for-stm32.7-2018-q2-update.win32_1.5.0.202011040924/tools/bin/../lib/gcc/arm-none-eabi/7.3.1/thumb/v7-m\libgcc.a(_arm_muldivdf3.o)
                0x0000000008000550                __aeabi_dmul
                0x0000000008000550                __muldf3
                0x00000000080007a4                __divdf3
                0x00000000080007a4                __aeabi_ddiv
 .text          0x0000000008000974      0x110 c:/st/stm32cubeide_1.5.1/stm32cubeide/plugins/com.st.stm32cube.ide.mcu.externaltools.gnu-tools-for-stm32.7-2018-q2-update.win32_1.5.0.202011040924/tools/bin/../lib/gcc/arm-none-eabi/7.3.1/thumb/v7-m\libgcc.a(_arm_cmpdf2.o)
                0x0000000008000974                __gtdf2
                0x0000000008000974                __gedf2
                0x000000000800097c                __ltdf2
                0x000000000800097c                __ledf2
                0x0000000008000984                __nedf2
                0x0000000008000984                __eqdf2
                0x0000000008000984                __cmpdf2
                0x0000000008000a00                __aeabi_cdrcmple
                0x0000000008000a10                __aeabi_cdcmpeq
                0x0000000008000a10                __aeabi_cdcmple
                0x0000000008000a20                __aeabi_dcmpeq
                0x0000000008000a34                __aeabi_dcmplt
                0x0000000008000a48                __aeabi_dcmple
                0x0000000008000a5c                __aeabi_dcmpge
                0x0000000008000a70                __aeabi_dcmpgt
 .text          0x0000000008000a84       0x2c c:/st/stm32cubeide_1.5.1/stm32cubeide/plugins/com.st.stm32cube.ide.mcu.externaltools.gnu-tools-for-stm32.7-2018-q2-update.win32_1.5.0.202011040924/tools/bin/../lib/gcc/arm-none-eabi/7.3.1/thumb/v7-m\libgcc.a(_arm_unorddf2.o)
                0x0000000008000a84                __unorddf2
                0x0000000008000a84                __aeabi_dcmpun
 .text          0x0000000008000ab0       0x50 c:/st/stm32cubeide_1.5.1/stm32cubeide/plugins/com.st.stm32cube.ide.mcu.externaltools.gnu-tools-for-stm32.7-2018-q2-update.win32_1.5.0.202011040924/tools/bin/../lib/gcc/arm-none-eabi/7.3.1/thumb/v7-m\libgcc.a(_arm_fixdfsi.o)
                0x0000000008000ab0                __aeabi_d2iz
                0x0000000008000ab0                __fixdfsi
 .text          0x0000000008000b00       0x30 c:/st/stm32cubeide_1.5.1/stm32cubeide/plugins/com.st.stm32cube.ide.mcu.externaltools.gnu-tools-for-stm32.7-2018-q2-update.win32_1.5.0.202011040924/tools/bin/../lib/gcc/arm-none-eabi/7.3.1/thumb/v7-m\libgcc.a(_aeabi_uldivmod.o)
                0x0000000008000b00                __aeabi_uldivmod
 .text          0x0000000008000b30      0x2d0 c:/st/stm32cubeide_1.5.1/stm32cubeide/plugins/com.st.stm32cube.ide.mcu.externaltools.gnu-tools-for-stm32.7-2018-q2-update.win32_1.5.0.202011040924/tools/bin/../lib/gcc/arm-none-eabi/7.3.1/thumb/v7-m\libgcc.a(_udivmoddi4.o)
                0x0000000008000b30                __udivmoddi4
 .text          0x0000000008000e00        0x4 c:/st/stm32cubeide_1.5.1/stm32cubeide/plugins/com.st.stm32cube.ide.mcu.externaltools.gnu-tools-for-stm32.7-2018-q2-update.win32_1.5.0.202011040924/tools/bin/../lib/gcc/arm-none-eabi/7.3.1/thumb/v7-m\libgcc.a(_dvmd_tls.o)
                0x0000000008000e00                __aeabi_idiv0
                0x0000000008000e00                __aeabi_ldiv0
 *(.text*)
 .text.__NVIC_GetPriorityGrouping
                0x0000000008000e04       0x1c Core/Src/main.o
 .text.__NVIC_EnableIRQ
                0x0000000008000e20       0x38 Core/Src/main.o
 .text.__NVIC_SetPriority
                0x0000000008000e58       0x54 Core/Src/main.o
 .text.NVIC_EncodePriority
                0x0000000008000eac       0x64 Core/Src/main.o
 .text.LL_TIM_EnableCounter
                0x0000000008000f10       0x1e Core/Src/main.o
 .text.LL_TIM_DisableARRPreload
                0x0000000008000f2e       0x1e Core/Src/main.o
 .text.LL_TIM_SetClockSource
                0x0000000008000f4c       0x28 Core/Src/main.o
 .text.LL_TIM_SetTriggerOutput
                0x0000000008000f74       0x24 Core/Src/main.o
 .text.LL_TIM_DisableMasterSlaveMode
                0x0000000008000f98       0x1e Core/Src/main.o
 .text.LL_TIM_ClearFlag_UPDATE
                0x0000000008000fb6       0x1a Core/Src/main.o
 .text.LL_TIM_EnableIT_UPDATE
                0x0000000008000fd0       0x1e Core/Src/main.o
 *fill*         0x0000000008000fee        0x2 
 .text.LL_APB1_GRP1_EnableClock
                0x0000000008000ff0       0x30 Core/Src/main.o
 .text.HAL_GPIO_EXTI_Callback
                0x0000000008001020      0x114 Core/Src/main.o
                0x0000000008001020                HAL_GPIO_EXTI_Callback
 .text.CAN_Transmit
                0x0000000008001134       0x40 Core/Src/main.o
                0x0000000008001134                CAN_Transmit
 .text.DSLR_Action
                0x0000000008001174       0x40 Core/Src/main.o
                0x0000000008001174                DSLR_Action
 .text.SaveWheelParam
                0x00000000080011b4       0x8c Core/Src/main.o
                0x00000000080011b4                SaveWheelParam
 .text.main     0x0000000008001240      0x234 Core/Src/main.o
                0x0000000008001240                main
 .text.SystemClock_Config
                0x0000000008001474       0x8e Core/Src/main.o
                0x0000000008001474                SystemClock_Config
 *fill*         0x0000000008001502        0x2 
 .text.MX_ADC1_Init
                0x0000000008001504       0xf8 Core/Src/main.o
 .text.MX_CAN1_Init
                0x00000000080015fc       0xd4 Core/Src/main.o
 .text.MX_SDIO_SD_Init
                0x00000000080016d0       0x40 Core/Src/main.o
 .text.MX_SPI2_Init
                0x0000000008001710       0x6c Core/Src/main.o
 .text.MX_TIM3_Init
                0x000000000800177c       0x80 Core/Src/main.o
 .text.MX_TIM8_Init
                0x00000000080017fc       0xb0 Core/Src/main.o
 .text.MX_USART2_UART_Init
                0x00000000080018ac       0x54 Core/Src/main.o
 .text.MX_USART3_UART_Init
                0x0000000008001900       0x54 Core/Src/main.o
 .text.MX_DMA_Init
                0x0000000008001954       0xbc Core/Src/main.o
 .text.MX_GPIO_Init
                0x0000000008001a10      0x224 Core/Src/main.o
 .text.Error_Handler
                0x0000000008001c34        0xc Core/Src/main.o
                0x0000000008001c34                Error_Handler
 .text.HAL_MspInit
                0x0000000008001c40       0x88 Core/Src/stm32f2xx_hal_msp.o
                0x0000000008001c40                HAL_MspInit
 .text.HAL_ADC_MspInit
                0x0000000008001cc8      0x100 Core/Src/stm32f2xx_hal_msp.o
                0x0000000008001cc8                HAL_ADC_MspInit
 .text.HAL_CAN_MspInit
                0x0000000008001dc8       0xd0 Core/Src/stm32f2xx_hal_msp.o
                0x0000000008001dc8                HAL_CAN_MspInit
 .text.HAL_SD_MspInit
                0x0000000008001e98      0x200 Core/Src/stm32f2xx_hal_msp.o
                0x0000000008001e98                HAL_SD_MspInit
 .text.HAL_SPI_MspInit
                0x0000000008002098      0x1a8 Core/Src/stm32f2xx_hal_msp.o
                0x0000000008002098                HAL_SPI_MspInit
 .text.HAL_TIM_Encoder_MspInit
                0x0000000008002240       0x90 Core/Src/stm32f2xx_hal_msp.o
                0x0000000008002240                HAL_TIM_Encoder_MspInit
 .text.HAL_UART_MspInit
                0x00000000080022d0      0x1d4 Core/Src/stm32f2xx_hal_msp.o
                0x00000000080022d0                HAL_UART_MspInit
 .text.LL_TIM_DisableCounter
                0x00000000080024a4       0x1e Core/Src/stm32f2xx_it.o
 .text.LL_TIM_ClearFlag_UPDATE
                0x00000000080024c2       0x1a Core/Src/stm32f2xx_it.o
 .text.NMI_Handler
                0x00000000080024dc        0xc Core/Src/stm32f2xx_it.o
                0x00000000080024dc                NMI_Handler
 .text.HardFault_Handler
                0x00000000080024e8        0x6 Core/Src/stm32f2xx_it.o
                0x00000000080024e8                HardFault_Handler
 .text.MemManage_Handler
                0x00000000080024ee        0x6 Core/Src/stm32f2xx_it.o
                0x00000000080024ee                MemManage_Handler
 .text.BusFault_Handler
                0x00000000080024f4        0x6 Core/Src/stm32f2xx_it.o
                0x00000000080024f4                BusFault_Handler
 .text.UsageFault_Handler
                0x00000000080024fa        0x6 Core/Src/stm32f2xx_it.o
                0x00000000080024fa                UsageFault_Handler
 .text.SVC_Handler
                0x0000000008002500        0xc Core/Src/stm32f2xx_it.o
                0x0000000008002500                SVC_Handler
 .text.DebugMon_Handler
                0x000000000800250c        0xc Core/Src/stm32f2xx_it.o
                0x000000000800250c                DebugMon_Handler
 .text.PendSV_Handler
                0x0000000008002518        0xc Core/Src/stm32f2xx_it.o
                0x0000000008002518                PendSV_Handler
 .text.SysTick_Handler
                0x0000000008002524        0xc Core/Src/stm32f2xx_it.o
                0x0000000008002524                SysTick_Handler
 .text.DMA1_Stream3_IRQHandler
                0x0000000008002530       0x14 Core/Src/stm32f2xx_it.o
                0x0000000008002530                DMA1_Stream3_IRQHandler
 .text.DMA1_Stream4_IRQHandler
                0x0000000008002544       0x14 Core/Src/stm32f2xx_it.o
                0x0000000008002544                DMA1_Stream4_IRQHandler
 .text.DMA1_Stream5_IRQHandler
                0x0000000008002558       0x14 Core/Src/stm32f2xx_it.o
                0x0000000008002558                DMA1_Stream5_IRQHandler
 .text.DMA1_Stream6_IRQHandler
                0x000000000800256c       0x14 Core/Src/stm32f2xx_it.o
                0x000000000800256c                DMA1_Stream6_IRQHandler
 .text.ADC_IRQHandler
                0x0000000008002580       0x14 Core/Src/stm32f2xx_it.o
                0x0000000008002580                ADC_IRQHandler
 .text.CAN1_TX_IRQHandler
                0x0000000008002594       0x14 Core/Src/stm32f2xx_it.o
                0x0000000008002594                CAN1_TX_IRQHandler
 .text.CAN1_RX0_IRQHandler
                0x00000000080025a8       0x14 Core/Src/stm32f2xx_it.o
                0x00000000080025a8                CAN1_RX0_IRQHandler
 .text.CAN1_RX1_IRQHandler
                0x00000000080025bc       0x14 Core/Src/stm32f2xx_it.o
                0x00000000080025bc                CAN1_RX1_IRQHandler
 .text.CAN1_SCE_IRQHandler
                0x00000000080025d0       0x14 Core/Src/stm32f2xx_it.o
                0x00000000080025d0                CAN1_SCE_IRQHandler
 .text.TIM3_IRQHandler
                0x00000000080025e4       0x30 Core/Src/stm32f2xx_it.o
                0x00000000080025e4                TIM3_IRQHandler
 .text.SPI2_IRQHandler
                0x0000000008002614       0x14 Core/Src/stm32f2xx_it.o
                0x0000000008002614                SPI2_IRQHandler
 .text.USART2_IRQHandler
                0x0000000008002628       0x14 Core/Src/stm32f2xx_it.o
                0x0000000008002628                USART2_IRQHandler
 .text.EXTI15_10_IRQHandler
                0x000000000800263c       0x30 Core/Src/stm32f2xx_it.o
                0x000000000800263c                EXTI15_10_IRQHandler
 .text.SDIO_IRQHandler
                0x000000000800266c       0x14 Core/Src/stm32f2xx_it.o
                0x000000000800266c                SDIO_IRQHandler
 .text.DMA2_Stream0_IRQHandler
                0x0000000008002680       0x14 Core/Src/stm32f2xx_it.o
                0x0000000008002680                DMA2_Stream0_IRQHandler
 .text.DMA2_Stream3_IRQHandler
                0x0000000008002694       0x14 Core/Src/stm32f2xx_it.o
                0x0000000008002694                DMA2_Stream3_IRQHandler
 .text.OTG_FS_IRQHandler
                0x00000000080026a8       0x14 Core/Src/stm32f2xx_it.o
                0x00000000080026a8                OTG_FS_IRQHandler
 .text.DMA2_Stream6_IRQHandler
                0x00000000080026bc       0x14 Core/Src/stm32f2xx_it.o
                0x00000000080026bc                DMA2_Stream6_IRQHandler
 .text._sbrk    0x00000000080026d0       0x6c Core/Src/sysmem.o
                0x00000000080026d0                _sbrk
 .text.SystemInit
                0x000000000800273c       0x5c Core/Src/system_stm32f2xx.o
                0x000000000800273c                SystemInit
 .text.Reset_Handler
                0x0000000008002798       0x50 Core/Startup/startup_stm32f207zgtx.o
                0x0000000008002798                Reset_Handler
 .text.Default_Handler
                0x00000000080027e8        0x2 Core/Startup/startup_stm32f207zgtx.o
                0x00000000080027e8                RTC_Alarm_IRQHandler
                0x00000000080027e8                HASH_RNG_IRQHandler
                0x00000000080027e8                EXTI2_IRQHandler
                0x00000000080027e8                TIM8_CC_IRQHandler
                0x00000000080027e8                TIM1_CC_IRQHandler
                0x00000000080027e8                DMA2_Stream5_IRQHandler
                0x00000000080027e8                PVD_IRQHandler
                0x00000000080027e8                TAMP_STAMP_IRQHandler
                0x00000000080027e8                CAN2_RX1_IRQHandler
                0x00000000080027e8                EXTI3_IRQHandler
                0x00000000080027e8                TIM8_TRG_COM_TIM14_IRQHandler
                0x00000000080027e8                TIM1_UP_TIM10_IRQHandler
                0x00000000080027e8                TIM8_UP_TIM13_IRQHandler
                0x00000000080027e8                I2C3_ER_IRQHandler
                0x00000000080027e8                EXTI0_IRQHandler
                0x00000000080027e8                I2C2_EV_IRQHandler
                0x00000000080027e8                DMA1_Stream2_IRQHandler
                0x00000000080027e8                OTG_HS_WKUP_IRQHandler
                0x00000000080027e8                CAN2_SCE_IRQHandler
                0x00000000080027e8                DMA2_Stream2_IRQHandler
                0x00000000080027e8                SPI1_IRQHandler
                0x00000000080027e8                TIM6_DAC_IRQHandler
                0x00000000080027e8                TIM1_BRK_TIM9_IRQHandler
                0x00000000080027e8                DCMI_IRQHandler
                0x00000000080027e8                CAN2_RX0_IRQHandler
                0x00000000080027e8                USART6_IRQHandler
                0x00000000080027e8                USART3_IRQHandler
                0x00000000080027e8                UART5_IRQHandler
                0x00000000080027e8                TIM4_IRQHandler
                0x00000000080027e8                I2C1_EV_IRQHandler
                0x00000000080027e8                DMA1_Stream1_IRQHandler
                0x00000000080027e8                UART4_IRQHandler
                0x00000000080027e8                RCC_IRQHandler
                0x00000000080027e8                TIM8_BRK_TIM12_IRQHandler
                0x00000000080027e8                Default_Handler
                0x00000000080027e8                DMA1_Stream7_IRQHandler
                0x00000000080027e8                TIM7_IRQHandler
                0x00000000080027e8                CAN2_TX_IRQHandler
                0x00000000080027e8                TIM5_IRQHandler
                0x00000000080027e8                DMA2_Stream7_IRQHandler
                0x00000000080027e8                I2C3_EV_IRQHandler
                0x00000000080027e8                EXTI9_5_IRQHandler
                0x00000000080027e8                RTC_WKUP_IRQHandler
                0x00000000080027e8                ETH_WKUP_IRQHandler
                0x00000000080027e8                OTG_HS_EP1_IN_IRQHandler
                0x00000000080027e8                DMA1_Stream0_IRQHandler
                0x00000000080027e8                EXTI4_IRQHandler
                0x00000000080027e8                FSMC_IRQHandler
                0x00000000080027e8                ETH_IRQHandler
                0x00000000080027e8                OTG_HS_EP1_OUT_IRQHandler
                0x00000000080027e8                WWDG_IRQHandler
                0x00000000080027e8                TIM2_IRQHandler
                0x00000000080027e8                OTG_FS_WKUP_IRQHandler
                0x00000000080027e8                TIM1_TRG_COM_TIM11_IRQHandler
                0x00000000080027e8                OTG_HS_IRQHandler
                0x00000000080027e8                EXTI1_IRQHandler
                0x00000000080027e8                I2C2_ER_IRQHandler
                0x00000000080027e8                DMA2_Stream1_IRQHandler
                0x00000000080027e8                FLASH_IRQHandler
                0x00000000080027e8                DMA2_Stream4_IRQHandler
                0x00000000080027e8                USART1_IRQHandler
                0x00000000080027e8                SPI3_IRQHandler
                0x00000000080027e8                I2C1_ER_IRQHandler
 *fill*         0x00000000080027ea        0x2 
 .text.HAL_Init
                0x00000000080027ec       0x44 Drivers/STM32F2xx_HAL_Driver/Src/stm32f2xx_hal.o
                0x00000000080027ec                HAL_Init
 .text.HAL_InitTick
                0x0000000008002830       0x60 Drivers/STM32F2xx_HAL_Driver/Src/stm32f2xx_hal.o
                0x0000000008002830                HAL_InitTick
 .text.HAL_IncTick
                0x0000000008002890       0x24 Drivers/STM32F2xx_HAL_Driver/Src/stm32f2xx_hal.o
                0x0000000008002890                HAL_IncTick
 .text.HAL_GetTick
                0x00000000080028b4       0x14 Drivers/STM32F2xx_HAL_Driver/Src/stm32f2xx_hal.o
                0x00000000080028b4                HAL_GetTick
 .text.HAL_Delay
                0x00000000080028c8       0x44 Drivers/STM32F2xx_HAL_Driver/Src/stm32f2xx_hal.o
                0x00000000080028c8                HAL_Delay
 .text.HAL_ADC_Init
                0x000000000800290c       0x86 Drivers/STM32F2xx_HAL_Driver/Src/stm32f2xx_hal_adc.o
                0x000000000800290c                HAL_ADC_Init
 .text.HAL_ADC_IRQHandler
                0x0000000008002992      0x282 Drivers/STM32F2xx_HAL_Driver/Src/stm32f2xx_hal_adc.o
                0x0000000008002992                HAL_ADC_IRQHandler
 .text.HAL_ADC_ConvCpltCallback
                0x0000000008002c14       0x12 Drivers/STM32F2xx_HAL_Driver/Src/stm32f2xx_hal_adc.o
                0x0000000008002c14                HAL_ADC_ConvCpltCallback
 .text.HAL_ADC_LevelOutOfWindowCallback
                0x0000000008002c26       0x12 Drivers/STM32F2xx_HAL_Driver/Src/stm32f2xx_hal_adc.o
                0x0000000008002c26                HAL_ADC_LevelOutOfWindowCallback
 .text.HAL_ADC_ErrorCallback
                0x0000000008002c38       0x12 Drivers/STM32F2xx_HAL_Driver/Src/stm32f2xx_hal_adc.o
                0x0000000008002c38                HAL_ADC_ErrorCallback
 *fill*         0x0000000008002c4a        0x2 
 .text.HAL_ADC_ConfigChannel
                0x0000000008002c4c      0x240 Drivers/STM32F2xx_HAL_Driver/Src/stm32f2xx_hal_adc.o
                0x0000000008002c4c                HAL_ADC_ConfigChannel
 .text.ADC_Init
                0x0000000008002e8c      0x20c Drivers/STM32F2xx_HAL_Driver/Src/stm32f2xx_hal_adc.o
 .text.HAL_ADCEx_InjectedConvCpltCallback
                0x0000000008003098       0x12 Drivers/STM32F2xx_HAL_Driver/Src/stm32f2xx_hal_adc_ex.o
                0x0000000008003098                HAL_ADCEx_InjectedConvCpltCallback
 .text.HAL_CAN_Init
                0x00000000080030aa      0x1f6 Drivers/STM32F2xx_HAL_Driver/Src/stm32f2xx_hal_can.o
                0x00000000080030aa                HAL_CAN_Init
 .text.HAL_CAN_ConfigFilter
                0x00000000080032a0      0x1c0 Drivers/STM32F2xx_HAL_Driver/Src/stm32f2xx_hal_can.o
                0x00000000080032a0                HAL_CAN_ConfigFilter
 .text.HAL_CAN_Start
                0x0000000008003460       0x88 Drivers/STM32F2xx_HAL_Driver/Src/stm32f2xx_hal_can.o
                0x0000000008003460                HAL_CAN_Start
 .text.HAL_CAN_AddTxMessage
                0x00000000080034e8      0x1b4 Drivers/STM32F2xx_HAL_Driver/Src/stm32f2xx_hal_can.o
                0x00000000080034e8                HAL_CAN_AddTxMessage
 .text.HAL_CAN_GetTxMailboxesFreeLevel
                0x000000000800369c       0x68 Drivers/STM32F2xx_HAL_Driver/Src/stm32f2xx_hal_can.o
                0x000000000800369c                HAL_CAN_GetTxMailboxesFreeLevel
 .text.HAL_CAN_ActivateNotification
                0x0000000008003704       0x4a Drivers/STM32F2xx_HAL_Driver/Src/stm32f2xx_hal_can.o
                0x0000000008003704                HAL_CAN_ActivateNotification
 .text.HAL_CAN_IRQHandler
                0x000000000800374e      0x362 Drivers/STM32F2xx_HAL_Driver/Src/stm32f2xx_hal_can.o
                0x000000000800374e                HAL_CAN_IRQHandler
 .text.HAL_CAN_TxMailbox0CompleteCallback
                0x0000000008003ab0       0x12 Drivers/STM32F2xx_HAL_Driver/Src/stm32f2xx_hal_can.o
                0x0000000008003ab0                HAL_CAN_TxMailbox0CompleteCallback
 .text.HAL_CAN_TxMailbox1CompleteCallback
                0x0000000008003ac2       0x12 Drivers/STM32F2xx_HAL_Driver/Src/stm32f2xx_hal_can.o
                0x0000000008003ac2                HAL_CAN_TxMailbox1CompleteCallback
 .text.HAL_CAN_TxMailbox2CompleteCallback
                0x0000000008003ad4       0x12 Drivers/STM32F2xx_HAL_Driver/Src/stm32f2xx_hal_can.o
                0x0000000008003ad4                HAL_CAN_TxMailbox2CompleteCallback
 .text.HAL_CAN_TxMailbox0AbortCallback
                0x0000000008003ae6       0x12 Drivers/STM32F2xx_HAL_Driver/Src/stm32f2xx_hal_can.o
                0x0000000008003ae6                HAL_CAN_TxMailbox0AbortCallback
 .text.HAL_CAN_TxMailbox1AbortCallback
                0x0000000008003af8       0x12 Drivers/STM32F2xx_HAL_Driver/Src/stm32f2xx_hal_can.o
                0x0000000008003af8                HAL_CAN_TxMailbox1AbortCallback
 .text.HAL_CAN_TxMailbox2AbortCallback
                0x0000000008003b0a       0x12 Drivers/STM32F2xx_HAL_Driver/Src/stm32f2xx_hal_can.o
                0x0000000008003b0a                HAL_CAN_TxMailbox2AbortCallback
 .text.HAL_CAN_RxFifo0MsgPendingCallback
                0x0000000008003b1c       0x12 Drivers/STM32F2xx_HAL_Driver/Src/stm32f2xx_hal_can.o
                0x0000000008003b1c                HAL_CAN_RxFifo0MsgPendingCallback
 .text.HAL_CAN_RxFifo0FullCallback
                0x0000000008003b2e       0x12 Drivers/STM32F2xx_HAL_Driver/Src/stm32f2xx_hal_can.o
                0x0000000008003b2e                HAL_CAN_RxFifo0FullCallback
 .text.HAL_CAN_RxFifo1MsgPendingCallback
                0x0000000008003b40       0x12 Drivers/STM32F2xx_HAL_Driver/Src/stm32f2xx_hal_can.o
                0x0000000008003b40                HAL_CAN_RxFifo1MsgPendingCallback
 .text.HAL_CAN_RxFifo1FullCallback
                0x0000000008003b52       0x12 Drivers/STM32F2xx_HAL_Driver/Src/stm32f2xx_hal_can.o
                0x0000000008003b52                HAL_CAN_RxFifo1FullCallback
 .text.HAL_CAN_SleepCallback
                0x0000000008003b64       0x12 Drivers/STM32F2xx_HAL_Driver/Src/stm32f2xx_hal_can.o
                0x0000000008003b64                HAL_CAN_SleepCallback
 .text.HAL_CAN_WakeUpFromRxMsgCallback
                0x0000000008003b76       0x12 Drivers/STM32F2xx_HAL_Driver/Src/stm32f2xx_hal_can.o
                0x0000000008003b76                HAL_CAN_WakeUpFromRxMsgCallback
 .text.HAL_CAN_ErrorCallback
                0x0000000008003b88       0x12 Drivers/STM32F2xx_HAL_Driver/Src/stm32f2xx_hal_can.o
                0x0000000008003b88                HAL_CAN_ErrorCallback
 *fill*         0x0000000008003b9a        0x2 
 .text.__NVIC_SetPriorityGrouping
                0x0000000008003b9c       0x48 Drivers/STM32F2xx_HAL_Driver/Src/stm32f2xx_hal_cortex.o
 .text.__NVIC_GetPriorityGrouping
                0x0000000008003be4       0x1c Drivers/STM32F2xx_HAL_Driver/Src/stm32f2xx_hal_cortex.o
 .text.__NVIC_EnableIRQ
                0x0000000008003c00       0x38 Drivers/STM32F2xx_HAL_Driver/Src/stm32f2xx_hal_cortex.o
 .text.__NVIC_SetPriority
                0x0000000008003c38       0x54 Drivers/STM32F2xx_HAL_Driver/Src/stm32f2xx_hal_cortex.o
 .text.NVIC_EncodePriority
                0x0000000008003c8c       0x64 Drivers/STM32F2xx_HAL_Driver/Src/stm32f2xx_hal_cortex.o
 .text.SysTick_Config
                0x0000000008003cf0       0x44 Drivers/STM32F2xx_HAL_Driver/Src/stm32f2xx_hal_cortex.o
 .text.HAL_NVIC_SetPriorityGrouping
                0x0000000008003d34       0x16 Drivers/STM32F2xx_HAL_Driver/Src/stm32f2xx_hal_cortex.o
                0x0000000008003d34                HAL_NVIC_SetPriorityGrouping
 .text.HAL_NVIC_SetPriority
                0x0000000008003d4a       0x38 Drivers/STM32F2xx_HAL_Driver/Src/stm32f2xx_hal_cortex.o
                0x0000000008003d4a                HAL_NVIC_SetPriority
 .text.HAL_NVIC_EnableIRQ
                0x0000000008003d82       0x1c Drivers/STM32F2xx_HAL_Driver/Src/stm32f2xx_hal_cortex.o
                0x0000000008003d82                HAL_NVIC_EnableIRQ
 .text.HAL_SYSTICK_Config
                0x0000000008003d9e       0x18 Drivers/STM32F2xx_HAL_Driver/Src/stm32f2xx_hal_cortex.o
                0x0000000008003d9e                HAL_SYSTICK_Config
 *fill*         0x0000000008003db6        0x2 
 .text.HAL_DMA_Init
                0x0000000008003db8      0x15c Drivers/STM32F2xx_HAL_Driver/Src/stm32f2xx_hal_dma.o
                0x0000000008003db8                HAL_DMA_Init
 .text.HAL_DMA_Abort_IT
                0x0000000008003f14       0x42 Drivers/STM32F2xx_HAL_Driver/Src/stm32f2xx_hal_dma.o
                0x0000000008003f14                HAL_DMA_Abort_IT
 *fill*         0x0000000008003f56        0x2 
 .text.HAL_DMA_IRQHandler
                0x0000000008003f58      0x314 Drivers/STM32F2xx_HAL_Driver/Src/stm32f2xx_hal_dma.o
                0x0000000008003f58                HAL_DMA_IRQHandler
 .text.DMA_CalcBaseAndBitshift
                0x000000000800426c       0x68 Drivers/STM32F2xx_HAL_Driver/Src/stm32f2xx_hal_dma.o
 .text.DMA_CheckFifoParam
                0x00000000080042d4       0xf4 Drivers/STM32F2xx_HAL_Driver/Src/stm32f2xx_hal_dma.o
 .text.HAL_FLASH_Program
                0x00000000080043c8       0xa8 Drivers/STM32F2xx_HAL_Driver/Src/stm32f2xx_hal_flash.o
                0x00000000080043c8                HAL_FLASH_Program
 .text.HAL_FLASH_Unlock
                0x0000000008004470       0x44 Drivers/STM32F2xx_HAL_Driver/Src/stm32f2xx_hal_flash.o
                0x0000000008004470                HAL_FLASH_Unlock
 .text.HAL_FLASH_Lock
                0x00000000080044b4       0x20 Drivers/STM32F2xx_HAL_Driver/Src/stm32f2xx_hal_flash.o
                0x00000000080044b4                HAL_FLASH_Lock
 .text.FLASH_WaitForLastOperation
                0x00000000080044d4       0x80 Drivers/STM32F2xx_HAL_Driver/Src/stm32f2xx_hal_flash.o
                0x00000000080044d4                FLASH_WaitForLastOperation
 .text.FLASH_Program_DoubleWord
                0x0000000008004554       0x60 Drivers/STM32F2xx_HAL_Driver/Src/stm32f2xx_hal_flash.o
 .text.FLASH_Program_Word
                0x00000000080045b4       0x44 Drivers/STM32F2xx_HAL_Driver/Src/stm32f2xx_hal_flash.o
 .text.FLASH_Program_HalfWord
                0x00000000080045f8       0x44 Drivers/STM32F2xx_HAL_Driver/Src/stm32f2xx_hal_flash.o
 .text.FLASH_Program_Byte
                0x000000000800463c       0x40 Drivers/STM32F2xx_HAL_Driver/Src/stm32f2xx_hal_flash.o
 .text.FLASH_SetErrorCode
                0x000000000800467c       0xac Drivers/STM32F2xx_HAL_Driver/Src/stm32f2xx_hal_flash.o
 .text.HAL_FLASHEx_Erase
                0x0000000008004728       0xe0 Drivers/STM32F2xx_HAL_Driver/Src/stm32f2xx_hal_flash_ex.o
                0x0000000008004728                HAL_FLASHEx_Erase
 .text.FLASH_Erase_Sector
                0x0000000008004808       0xa4 Drivers/STM32F2xx_HAL_Driver/Src/stm32f2xx_hal_flash_ex.o
                0x0000000008004808                FLASH_Erase_Sector
 .text.FLASH_FlushCaches
                0x00000000080048ac       0x88 Drivers/STM32F2xx_HAL_Driver/Src/stm32f2xx_hal_flash_ex.o
                0x00000000080048ac                FLASH_FlushCaches
 .text.FLASH_MassErase
                0x0000000008004934       0x44 Drivers/STM32F2xx_HAL_Driver/Src/stm32f2xx_hal_flash_ex.o
 .text.HAL_GPIO_Init
                0x0000000008004978      0x33c Drivers/STM32F2xx_HAL_Driver/Src/stm32f2xx_hal_gpio.o
                0x0000000008004978                HAL_GPIO_Init
 .text.HAL_GPIO_ReadPin
                0x0000000008004cb4       0x2e Drivers/STM32F2xx_HAL_Driver/Src/stm32f2xx_hal_gpio.o
                0x0000000008004cb4                HAL_GPIO_ReadPin
 .text.HAL_GPIO_WritePin
                0x0000000008004ce2       0x30 Drivers/STM32F2xx_HAL_Driver/Src/stm32f2xx_hal_gpio.o
                0x0000000008004ce2                HAL_GPIO_WritePin
 .text.HAL_GPIO_TogglePin
                0x0000000008004d12       0x32 Drivers/STM32F2xx_HAL_Driver/Src/stm32f2xx_hal_gpio.o
                0x0000000008004d12                HAL_GPIO_TogglePin
 .text.HAL_GPIO_EXTI_IRQHandler
                0x0000000008004d44       0x30 Drivers/STM32F2xx_HAL_Driver/Src/stm32f2xx_hal_gpio.o
                0x0000000008004d44                HAL_GPIO_EXTI_IRQHandler
 .text.HAL_PCD_Init
                0x0000000008004d74      0x23a Drivers/STM32F2xx_HAL_Driver/Src/stm32f2xx_hal_pcd.o
                0x0000000008004d74                HAL_PCD_Init
 .text.HAL_PCD_Start
                0x0000000008004fae       0x44 Drivers/STM32F2xx_HAL_Driver/Src/stm32f2xx_hal_pcd.o
                0x0000000008004fae                HAL_PCD_Start
 .text.HAL_PCD_IRQHandler
                0x0000000008004ff2      0x748 Drivers/STM32F2xx_HAL_Driver/Src/stm32f2xx_hal_pcd.o
                0x0000000008004ff2                HAL_PCD_IRQHandler
 .text.HAL_PCD_SetAddress
                0x000000000800573a       0x4a Drivers/STM32F2xx_HAL_Driver/Src/stm32f2xx_hal_pcd.o
                0x000000000800573a                HAL_PCD_SetAddress
 .text.HAL_PCD_EP_Open
                0x0000000008005784       0xd0 Drivers/STM32F2xx_HAL_Driver/Src/stm32f2xx_hal_pcd.o
                0x0000000008005784                HAL_PCD_EP_Open
 .text.HAL_PCD_EP_Close
                0x0000000008005854       0x94 Drivers/STM32F2xx_HAL_Driver/Src/stm32f2xx_hal_pcd.o
                0x0000000008005854                HAL_PCD_EP_Close
 .text.HAL_PCD_EP_Receive
                0x00000000080058e8       0x96 Drivers/STM32F2xx_HAL_Driver/Src/stm32f2xx_hal_pcd.o
                0x00000000080058e8                HAL_PCD_EP_Receive
 .text.HAL_PCD_EP_GetRxCount
                0x000000000800597e       0x2e Drivers/STM32F2xx_HAL_Driver/Src/stm32f2xx_hal_pcd.o
                0x000000000800597e                HAL_PCD_EP_GetRxCount
 .text.HAL_PCD_EP_Transmit
                0x00000000080059ac       0x94 Drivers/STM32F2xx_HAL_Driver/Src/stm32f2xx_hal_pcd.o
                0x00000000080059ac                HAL_PCD_EP_Transmit
 .text.HAL_PCD_EP_SetStall
                0x0000000008005a40       0xc8 Drivers/STM32F2xx_HAL_Driver/Src/stm32f2xx_hal_pcd.o
                0x0000000008005a40                HAL_PCD_EP_SetStall
 .text.HAL_PCD_EP_ClrStall
                0x0000000008005b08       0xac Drivers/STM32F2xx_HAL_Driver/Src/stm32f2xx_hal_pcd.o
                0x0000000008005b08                HAL_PCD_EP_ClrStall
 .text.PCD_WriteEmptyTxFifo
                0x0000000008005bb4      0x11a Drivers/STM32F2xx_HAL_Driver/Src/stm32f2xx_hal_pcd.o
 *fill*         0x0000000008005cce        0x2 
 .text.PCD_EP_OutXfrComplete_int
                0x0000000008005cd0      0x218 Drivers/STM32F2xx_HAL_Driver/Src/stm32f2xx_hal_pcd.o
 .text.PCD_EP_OutSetupPacket_int
                0x0000000008005ee8       0x8c Drivers/STM32F2xx_HAL_Driver/Src/stm32f2xx_hal_pcd.o
 .text.HAL_PCDEx_SetTxFiFo
                0x0000000008005f74       0x8c Drivers/STM32F2xx_HAL_Driver/Src/stm32f2xx_hal_pcd_ex.o
                0x0000000008005f74                HAL_PCDEx_SetTxFiFo
 .text.HAL_PCDEx_SetRxFiFo
                0x0000000008006000       0x20 Drivers/STM32F2xx_HAL_Driver/Src/stm32f2xx_hal_pcd_ex.o
                0x0000000008006000                HAL_PCDEx_SetRxFiFo
 .text.HAL_RCC_OscConfig
                0x0000000008006020      0x4a0 Drivers/STM32F2xx_HAL_Driver/Src/stm32f2xx_hal_rcc.o
                0x0000000008006020                HAL_RCC_OscConfig
 .text.HAL_RCC_ClockConfig
                0x00000000080064c0      0x1d8 Drivers/STM32F2xx_HAL_Driver/Src/stm32f2xx_hal_rcc.o
                0x00000000080064c0                HAL_RCC_ClockConfig
 .text.HAL_RCC_GetSysClockFreq
                0x0000000008006698      0x1b0 Drivers/STM32F2xx_HAL_Driver/Src/stm32f2xx_hal_rcc.o
                0x0000000008006698                HAL_RCC_GetSysClockFreq
 .text.HAL_RCC_GetHCLKFreq
                0x0000000008006848       0x14 Drivers/STM32F2xx_HAL_Driver/Src/stm32f2xx_hal_rcc.o
                0x0000000008006848                HAL_RCC_GetHCLKFreq
 .text.HAL_RCC_GetPCLK1Freq
                0x000000000800685c       0x44 Drivers/STM32F2xx_HAL_Driver/Src/stm32f2xx_hal_rcc.o
                0x000000000800685c                HAL_RCC_GetPCLK1Freq
 .text.HAL_RCC_GetPCLK2Freq
                0x00000000080068a0       0x44 Drivers/STM32F2xx_HAL_Driver/Src/stm32f2xx_hal_rcc.o
                0x00000000080068a0                HAL_RCC_GetPCLK2Freq
 .text.HAL_SD_Init
                0x00000000080068e4       0x60 Drivers/STM32F2xx_HAL_Driver/Src/stm32f2xx_hal_sd.o
                0x00000000080068e4                HAL_SD_Init
 .text.HAL_SD_InitCard
                0x0000000008006944       0xc0 Drivers/STM32F2xx_HAL_Driver/Src/stm32f2xx_hal_sd.o
                0x0000000008006944                HAL_SD_InitCard
 .text.HAL_SD_ReadBlocks
                0x0000000008006a04      0x3f4 Drivers/STM32F2xx_HAL_Driver/Src/stm32f2xx_hal_sd.o
                0x0000000008006a04                HAL_SD_ReadBlocks
 .text.HAL_SD_WriteBlocks
                0x0000000008006df8      0x344 Drivers/STM32F2xx_HAL_Driver/Src/stm32f2xx_hal_sd.o
                0x0000000008006df8                HAL_SD_WriteBlocks
 .text.HAL_SD_IRQHandler
                0x000000000800713c      0x2f0 Drivers/STM32F2xx_HAL_Driver/Src/stm32f2xx_hal_sd.o
                0x000000000800713c                HAL_SD_IRQHandler
 .text.HAL_SD_ErrorCallback
                0x000000000800742c       0x12 Drivers/STM32F2xx_HAL_Driver/Src/stm32f2xx_hal_sd.o
                0x000000000800742c                HAL_SD_ErrorCallback
 *fill*         0x000000000800743e        0x2 
 .text.HAL_SD_GetCardCSD
                0x0000000008007440      0x348 Drivers/STM32F2xx_HAL_Driver/Src/stm32f2xx_hal_sd.o
                0x0000000008007440                HAL_SD_GetCardCSD
 .text.HAL_SD_GetCardInfo
                0x0000000008007788       0x56 Drivers/STM32F2xx_HAL_Driver/Src/stm32f2xx_hal_sd.o
                0x0000000008007788                HAL_SD_GetCardInfo
 *fill*         0x00000000080077de        0x2 
 .text.HAL_SD_ConfigWideBusOperation
                0x00000000080077e0       0xf8 Drivers/STM32F2xx_HAL_Driver/Src/stm32f2xx_hal_sd.o
                0x00000000080077e0                HAL_SD_ConfigWideBusOperation
 .text.HAL_SD_GetCardState
                0x00000000080078d8       0x40 Drivers/STM32F2xx_HAL_Driver/Src/stm32f2xx_hal_sd.o
                0x00000000080078d8                HAL_SD_GetCardState
 .text.SD_DMATxAbort
                0x0000000008007918       0x6e Drivers/STM32F2xx_HAL_Driver/Src/stm32f2xx_hal_sd.o
 .text.SD_DMARxAbort
                0x0000000008007986       0x6e Drivers/STM32F2xx_HAL_Driver/Src/stm32f2xx_hal_sd.o
 .text.SD_InitCard
                0x00000000080079f4      0x19a Drivers/STM32F2xx_HAL_Driver/Src/stm32f2xx_hal_sd.o
 *fill*         0x0000000008007b8e        0x2 
 .text.SD_PowerON
                0x0000000008007b90      0x11c Drivers/STM32F2xx_HAL_Driver/Src/stm32f2xx_hal_sd.o
 .text.SD_SendStatus
                0x0000000008007cac       0x50 Drivers/STM32F2xx_HAL_Driver/Src/stm32f2xx_hal_sd.o
 .text.SD_WideBus_Enable
                0x0000000008007cfc       0x96 Drivers/STM32F2xx_HAL_Driver/Src/stm32f2xx_hal_sd.o
 .text.SD_WideBus_Disable
                0x0000000008007d92       0x96 Drivers/STM32F2xx_HAL_Driver/Src/stm32f2xx_hal_sd.o
 .text.SD_FindSCR
                0x0000000008007e28      0x194 Drivers/STM32F2xx_HAL_Driver/Src/stm32f2xx_hal_sd.o
 .text.SD_Read_IT
                0x0000000008007fbc       0xa2 Drivers/STM32F2xx_HAL_Driver/Src/stm32f2xx_hal_sd.o
 .text.SD_Write_IT
                0x000000000800805e       0xaa Drivers/STM32F2xx_HAL_Driver/Src/stm32f2xx_hal_sd.o
 .text.HAL_SPI_Init
                0x0000000008008108      0x112 Drivers/STM32F2xx_HAL_Driver/Src/stm32f2xx_hal_spi.o
                0x0000000008008108                HAL_SPI_Init
 *fill*         0x000000000800821a        0x2 
 .text.HAL_SPI_IRQHandler
                0x000000000800821c      0x200 Drivers/STM32F2xx_HAL_Driver/Src/stm32f2xx_hal_spi.o
                0x000000000800821c                HAL_SPI_IRQHandler
 .text.HAL_SPI_ErrorCallback
                0x000000000800841c       0x12 Drivers/STM32F2xx_HAL_Driver/Src/stm32f2xx_hal_spi.o
                0x000000000800841c                HAL_SPI_ErrorCallback
 .text.SPI_DMAAbortOnError
                0x000000000800842e       0x28 Drivers/STM32F2xx_HAL_Driver/Src/stm32f2xx_hal_spi.o
 .text.HAL_TIM_Encoder_Init
                0x0000000008008456      0x14c Drivers/STM32F2xx_HAL_Driver/Src/stm32f2xx_hal_tim.o
                0x0000000008008456                HAL_TIM_Encoder_Init
 .text.HAL_TIM_Encoder_Start
                0x00000000080085a2      0x11a Drivers/STM32F2xx_HAL_Driver/Src/stm32f2xx_hal_tim.o
                0x00000000080085a2                HAL_TIM_Encoder_Start
 .text.TIM_Base_SetConfig
                0x00000000080086bc      0x13c Drivers/STM32F2xx_HAL_Driver/Src/stm32f2xx_hal_tim.o
                0x00000000080086bc                TIM_Base_SetConfig
 .text.TIM_CCxChannelCmd
                0x00000000080087f8       0x48 Drivers/STM32F2xx_HAL_Driver/Src/stm32f2xx_hal_tim.o
                0x00000000080087f8                TIM_CCxChannelCmd
 .text.HAL_TIMEx_MasterConfigSynchronization
                0x0000000008008840       0xf4 Drivers/STM32F2xx_HAL_Driver/Src/stm32f2xx_hal_tim_ex.o
                0x0000000008008840                HAL_TIMEx_MasterConfigSynchronization
 .text.HAL_UART_Init
                0x0000000008008934       0x9a Drivers/STM32F2xx_HAL_Driver/Src/stm32f2xx_hal_uart.o
                0x0000000008008934                HAL_UART_Init
 *fill*         0x00000000080089ce        0x2 
 .text.HAL_UART_IRQHandler
                0x00000000080089d0      0x200 Drivers/STM32F2xx_HAL_Driver/Src/stm32f2xx_hal_uart.o
                0x00000000080089d0                HAL_UART_IRQHandler
 .text.HAL_UART_TxCpltCallback
                0x0000000008008bd0       0x12 Drivers/STM32F2xx_HAL_Driver/Src/stm32f2xx_hal_uart.o
                0x0000000008008bd0                HAL_UART_TxCpltCallback
 .text.HAL_UART_RxCpltCallback
                0x0000000008008be2       0x12 Drivers/STM32F2xx_HAL_Driver/Src/stm32f2xx_hal_uart.o
                0x0000000008008be2                HAL_UART_RxCpltCallback
 .text.HAL_UART_ErrorCallback
                0x0000000008008bf4       0x12 Drivers/STM32F2xx_HAL_Driver/Src/stm32f2xx_hal_uart.o
                0x0000000008008bf4                HAL_UART_ErrorCallback
 .text.UART_EndRxTransfer
                0x0000000008008c06       0x3a Drivers/STM32F2xx_HAL_Driver/Src/stm32f2xx_hal_uart.o
 .text.UART_DMAAbortOnError
                0x0000000008008c40       0x28 Drivers/STM32F2xx_HAL_Driver/Src/stm32f2xx_hal_uart.o
 .text.UART_Transmit_IT
                0x0000000008008c68       0x9e Drivers/STM32F2xx_HAL_Driver/Src/stm32f2xx_hal_uart.o
 .text.UART_EndTransmit_IT
                0x0000000008008d06       0x30 Drivers/STM32F2xx_HAL_Driver/Src/stm32f2xx_hal_uart.o
 .text.UART_Receive_IT
                0x0000000008008d36      0x100 Drivers/STM32F2xx_HAL_Driver/Src/stm32f2xx_hal_uart.o
 *fill*         0x0000000008008e36        0x2 
 .text.UART_SetConfig
                0x0000000008008e38      0x1d4 Drivers/STM32F2xx_HAL_Driver/Src/stm32f2xx_hal_uart.o
 .text.SDIO_Init
                0x000000000800900c       0x54 Drivers/STM32F2xx_HAL_Driver/Src/stm32f2xx_ll_sdmmc.o
                0x000000000800900c                SDIO_Init
 .text.SDIO_ReadFIFO
                0x0000000008009060       0x18 Drivers/STM32F2xx_HAL_Driver/Src/stm32f2xx_ll_sdmmc.o
                0x0000000008009060                SDIO_ReadFIFO
 .text.SDIO_WriteFIFO
                0x0000000008009078       0x20 Drivers/STM32F2xx_HAL_Driver/Src/stm32f2xx_ll_sdmmc.o
                0x0000000008009078                SDIO_WriteFIFO
 .text.SDIO_PowerState_ON
                0x0000000008009098       0x1e Drivers/STM32F2xx_HAL_Driver/Src/stm32f2xx_ll_sdmmc.o
                0x0000000008009098                SDIO_PowerState_ON
 .text.SDIO_GetPowerState
                0x00000000080090b6       0x1a Drivers/STM32F2xx_HAL_Driver/Src/stm32f2xx_ll_sdmmc.o
                0x00000000080090b6                SDIO_GetPowerState
 .text.SDIO_SendCommand
                0x00000000080090d0       0x52 Drivers/STM32F2xx_HAL_Driver/Src/stm32f2xx_ll_sdmmc.o
                0x00000000080090d0                SDIO_SendCommand
 .text.SDIO_GetCommandResponse
                0x0000000008009122       0x18 Drivers/STM32F2xx_HAL_Driver/Src/stm32f2xx_ll_sdmmc.o
                0x0000000008009122                SDIO_GetCommandResponse
 .text.SDIO_GetResponse
                0x000000000800913a       0x24 Drivers/STM32F2xx_HAL_Driver/Src/stm32f2xx_ll_sdmmc.o
                0x000000000800913a                SDIO_GetResponse
 .text.SDIO_ConfigData
                0x000000000800915e       0x56 Drivers/STM32F2xx_HAL_Driver/Src/stm32f2xx_ll_sdmmc.o
                0x000000000800915e                SDIO_ConfigData
 .text.SDMMC_CmdBlockLength
                0x00000000080091b4       0x44 Drivers/STM32F2xx_HAL_Driver/Src/stm32f2xx_ll_sdmmc.o
                0x00000000080091b4                SDMMC_CmdBlockLength
 .text.SDMMC_CmdReadSingleBlock
                0x00000000080091f8       0x44 Drivers/STM32F2xx_HAL_Driver/Src/stm32f2xx_ll_sdmmc.o
                0x00000000080091f8                SDMMC_CmdReadSingleBlock
 .text.SDMMC_CmdReadMultiBlock
                0x000000000800923c       0x44 Drivers/STM32F2xx_HAL_Driver/Src/stm32f2xx_ll_sdmmc.o
                0x000000000800923c                SDMMC_CmdReadMultiBlock
 .text.SDMMC_CmdWriteSingleBlock
                0x0000000008009280       0x44 Drivers/STM32F2xx_HAL_Driver/Src/stm32f2xx_ll_sdmmc.o
                0x0000000008009280                SDMMC_CmdWriteSingleBlock
 .text.SDMMC_CmdWriteMultiBlock
                0x00000000080092c4       0x44 Drivers/STM32F2xx_HAL_Driver/Src/stm32f2xx_ll_sdmmc.o
                0x00000000080092c4                SDMMC_CmdWriteMultiBlock
 .text.SDMMC_CmdStopTransfer
                0x0000000008009308       0x44 Drivers/STM32F2xx_HAL_Driver/Src/stm32f2xx_ll_sdmmc.o
                0x0000000008009308                SDMMC_CmdStopTransfer
 .text.SDMMC_CmdSelDesel
                0x000000000800934c       0x46 Drivers/STM32F2xx_HAL_Driver/Src/stm32f2xx_ll_sdmmc.o
                0x000000000800934c                SDMMC_CmdSelDesel
 .text.SDMMC_CmdGoIdleState
                0x0000000008009392       0x3c Drivers/STM32F2xx_HAL_Driver/Src/stm32f2xx_ll_sdmmc.o
                0x0000000008009392                SDMMC_CmdGoIdleState
 .text.SDMMC_CmdOperCond
                0x00000000080093ce       0x3e Drivers/STM32F2xx_HAL_Driver/Src/stm32f2xx_ll_sdmmc.o
                0x00000000080093ce                SDMMC_CmdOperCond
 .text.SDMMC_CmdAppCommand
                0x000000000800940c       0x44 Drivers/STM32F2xx_HAL_Driver/Src/stm32f2xx_ll_sdmmc.o
                0x000000000800940c                SDMMC_CmdAppCommand
 .text.SDMMC_CmdAppOperCommand
                0x0000000008009450       0x46 Drivers/STM32F2xx_HAL_Driver/Src/stm32f2xx_ll_sdmmc.o
                0x0000000008009450                SDMMC_CmdAppOperCommand
 .text.SDMMC_CmdBusWidth
                0x0000000008009496       0x44 Drivers/STM32F2xx_HAL_Driver/Src/stm32f2xx_ll_sdmmc.o
                0x0000000008009496                SDMMC_CmdBusWidth
 .text.SDMMC_CmdSendSCR
                0x00000000080094da       0x42 Drivers/STM32F2xx_HAL_Driver/Src/stm32f2xx_ll_sdmmc.o
                0x00000000080094da                SDMMC_CmdSendSCR
 .text.SDMMC_CmdSendCID
                0x000000000800951c       0x3c Drivers/STM32F2xx_HAL_Driver/Src/stm32f2xx_ll_sdmmc.o
                0x000000000800951c                SDMMC_CmdSendCID
 .text.SDMMC_CmdSendCSD
                0x0000000008009558       0x3e Drivers/STM32F2xx_HAL_Driver/Src/stm32f2xx_ll_sdmmc.o
                0x0000000008009558                SDMMC_CmdSendCSD
 .text.SDMMC_CmdSetRelAdd
                0x0000000008009596       0x42 Drivers/STM32F2xx_HAL_Driver/Src/stm32f2xx_ll_sdmmc.o
                0x0000000008009596                SDMMC_CmdSetRelAdd
 .text.SDMMC_CmdSendStatus
                0x00000000080095d8       0x44 Drivers/STM32F2xx_HAL_Driver/Src/stm32f2xx_ll_sdmmc.o
                0x00000000080095d8                SDMMC_CmdSendStatus
 .text.SDMMC_GetCmdError
                0x000000000800961c       0x50 Drivers/STM32F2xx_HAL_Driver/Src/stm32f2xx_ll_sdmmc.o
 .text.SDMMC_GetCmdResp1
                0x000000000800966c      0x1d8 Drivers/STM32F2xx_HAL_Driver/Src/stm32f2xx_ll_sdmmc.o
 .text.SDMMC_GetCmdResp2
                0x0000000008009844       0x8c Drivers/STM32F2xx_HAL_Driver/Src/stm32f2xx_ll_sdmmc.o
 .text.SDMMC_GetCmdResp3
                0x00000000080098d0       0x74 Drivers/STM32F2xx_HAL_Driver/Src/stm32f2xx_ll_sdmmc.o
 .text.SDMMC_GetCmdResp6
                0x0000000008009944       0xe8 Drivers/STM32F2xx_HAL_Driver/Src/stm32f2xx_ll_sdmmc.o
 .text.SDMMC_GetCmdResp7
                0x0000000008009a2c       0x98 Drivers/STM32F2xx_HAL_Driver/Src/stm32f2xx_ll_sdmmc.o
 .text.LL_TIM_SetPrescaler
                0x0000000008009ac4       0x1a Drivers/STM32F2xx_HAL_Driver/Src/stm32f2xx_ll_tim.o
 .text.LL_TIM_SetAutoReload
                0x0000000008009ade       0x1a Drivers/STM32F2xx_HAL_Driver/Src/stm32f2xx_ll_tim.o
 .text.LL_TIM_SetRepetitionCounter
                0x0000000008009af8       0x1a Drivers/STM32F2xx_HAL_Driver/Src/stm32f2xx_ll_tim.o
 .text.LL_TIM_GenerateEvent_UPDATE
                0x0000000008009b12       0x1e Drivers/STM32F2xx_HAL_Driver/Src/stm32f2xx_ll_tim.o
 .text.LL_TIM_Init
                0x0000000008009b30      0x134 Drivers/STM32F2xx_HAL_Driver/Src/stm32f2xx_ll_tim.o
                0x0000000008009b30                LL_TIM_Init
 .text.USB_CoreInit
                0x0000000008009c64       0xae Drivers/STM32F2xx_HAL_Driver/Src/stm32f2xx_ll_usb.o
                0x0000000008009c64                USB_CoreInit
 *fill*         0x0000000008009d12        0x2 
 .text.USB_SetTurnaroundTime
                0x0000000008009d14      0x144 Drivers/STM32F2xx_HAL_Driver/Src/stm32f2xx_ll_usb.o
                0x0000000008009d14                USB_SetTurnaroundTime
 .text.USB_EnableGlobalInt
                0x0000000008009e58       0x20 Drivers/STM32F2xx_HAL_Driver/Src/stm32f2xx_ll_usb.o
                0x0000000008009e58                USB_EnableGlobalInt
 .text.USB_DisableGlobalInt
                0x0000000008009e78       0x20 Drivers/STM32F2xx_HAL_Driver/Src/stm32f2xx_ll_usb.o
                0x0000000008009e78                USB_DisableGlobalInt
 .text.USB_SetCurrentMode
                0x0000000008009e98       0x54 Drivers/STM32F2xx_HAL_Driver/Src/stm32f2xx_ll_usb.o
                0x0000000008009e98                USB_SetCurrentMode
 .text.USB_DevInit
                0x0000000008009eec      0x2c8 Drivers/STM32F2xx_HAL_Driver/Src/stm32f2xx_ll_usb.o
                0x0000000008009eec                USB_DevInit
 .text.USB_FlushTxFifo
                0x000000000800a1b4       0x48 Drivers/STM32F2xx_HAL_Driver/Src/stm32f2xx_ll_usb.o
                0x000000000800a1b4                USB_FlushTxFifo
 .text.USB_FlushRxFifo
                0x000000000800a1fc       0x40 Drivers/STM32F2xx_HAL_Driver/Src/stm32f2xx_ll_usb.o
                0x000000000800a1fc                USB_FlushRxFifo
 .text.USB_SetDevSpeed
                0x000000000800a23c       0x30 Drivers/STM32F2xx_HAL_Driver/Src/stm32f2xx_ll_usb.o
                0x000000000800a23c                USB_SetDevSpeed
 .text.USB_GetDevSpeed
                0x000000000800a26c       0x48 Drivers/STM32F2xx_HAL_Driver/Src/stm32f2xx_ll_usb.o
                0x000000000800a26c                USB_GetDevSpeed
 .text.USB_ActivateEndpoint
                0x000000000800a2b4      0x10c Drivers/STM32F2xx_HAL_Driver/Src/stm32f2xx_ll_usb.o
                0x000000000800a2b4                USB_ActivateEndpoint
 .text.USB_DeactivateEndpoint
                0x000000000800a3c0      0x1b8 Drivers/STM32F2xx_HAL_Driver/Src/stm32f2xx_ll_usb.o
                0x000000000800a3c0                USB_DeactivateEndpoint
 .text.USB_EPStartXfer
                0x000000000800a578      0x488 Drivers/STM32F2xx_HAL_Driver/Src/stm32f2xx_ll_usb.o
                0x000000000800a578                USB_EPStartXfer
 .text.USB_EP0StartXfer
                0x000000000800aa00      0x2a4 Drivers/STM32F2xx_HAL_Driver/Src/stm32f2xx_ll_usb.o
                0x000000000800aa00                USB_EP0StartXfer
 .text.USB_WritePacket
                0x000000000800aca4       0x68 Drivers/STM32F2xx_HAL_Driver/Src/stm32f2xx_ll_usb.o
                0x000000000800aca4                USB_WritePacket
 .text.USB_ReadPacket
                0x000000000800ad0c       0x50 Drivers/STM32F2xx_HAL_Driver/Src/stm32f2xx_ll_usb.o
                0x000000000800ad0c                USB_ReadPacket
 .text.USB_EPSetStall
                0x000000000800ad5c       0xda Drivers/STM32F2xx_HAL_Driver/Src/stm32f2xx_ll_usb.o
                0x000000000800ad5c                USB_EPSetStall
 .text.USB_EPClearStall
                0x000000000800ae36       0xca Drivers/STM32F2xx_HAL_Driver/Src/stm32f2xx_ll_usb.o
                0x000000000800ae36                USB_EPClearStall
 .text.USB_SetDevAddress
                0x000000000800af00       0x4a Drivers/STM32F2xx_HAL_Driver/Src/stm32f2xx_ll_usb.o
                0x000000000800af00                USB_SetDevAddress
 .text.USB_DevConnect
                0x000000000800af4a       0x40 Drivers/STM32F2xx_HAL_Driver/Src/stm32f2xx_ll_usb.o
                0x000000000800af4a                USB_DevConnect
 .text.USB_DevDisconnect
                0x000000000800af8a       0x40 Drivers/STM32F2xx_HAL_Driver/Src/stm32f2xx_ll_usb.o
                0x000000000800af8a                USB_DevDisconnect
 .text.USB_ReadInterrupts
                0x000000000800afca       0x24 Drivers/STM32F2xx_HAL_Driver/Src/stm32f2xx_ll_usb.o
                0x000000000800afca                USB_ReadInterrupts
 .text.USB_ReadDevAllOutEpInterrupt
                0x000000000800afee       0x32 Drivers/STM32F2xx_HAL_Driver/Src/stm32f2xx_ll_usb.o
                0x000000000800afee                USB_ReadDevAllOutEpInterrupt
 .text.USB_ReadDevAllInEpInterrupt
                0x000000000800b020       0x32 Drivers/STM32F2xx_HAL_Driver/Src/stm32f2xx_ll_usb.o
                0x000000000800b020                USB_ReadDevAllInEpInterrupt
 .text.USB_ReadDevOutEPInterrupt
                0x000000000800b052       0x3a Drivers/STM32F2xx_HAL_Driver/Src/stm32f2xx_ll_usb.o
                0x000000000800b052                USB_ReadDevOutEPInterrupt
 .text.USB_ReadDevInEPInterrupt
                0x000000000800b08c       0x5a Drivers/STM32F2xx_HAL_Driver/Src/stm32f2xx_ll_usb.o
                0x000000000800b08c                USB_ReadDevInEPInterrupt
 .text.USB_GetMode
                0x000000000800b0e6       0x1a Drivers/STM32F2xx_HAL_Driver/Src/stm32f2xx_ll_usb.o
                0x000000000800b0e6                USB_GetMode
 .text.USB_ActivateSetup
                0x000000000800b100       0x44 Drivers/STM32F2xx_HAL_Driver/Src/stm32f2xx_ll_usb.o
                0x000000000800b100                USB_ActivateSetup
 .text.USB_EP0_OutStart
                0x000000000800b144       0xb8 Drivers/STM32F2xx_HAL_Driver/Src/stm32f2xx_ll_usb.o
                0x000000000800b144                USB_EP0_OutStart
 .text.USB_CoreReset
                0x000000000800b1fc       0x64 Drivers/STM32F2xx_HAL_Driver/Src/stm32f2xx_ll_usb.o
 .text.MX_FATFS_Init
                0x000000000800b260       0x24 FATFS/App/fatfs.o
                0x000000000800b260                MX_FATFS_Init
 .text.BSP_SD_Init
                0x000000000800b284       0x4c FATFS/Target/bsp_driver_sd.o
                0x000000000800b284                BSP_SD_Init
 .text.BSP_SD_ReadBlocks
                0x000000000800b2d0       0x3c FATFS/Target/bsp_driver_sd.o
                0x000000000800b2d0                BSP_SD_ReadBlocks
 .text.BSP_SD_WriteBlocks
                0x000000000800b30c       0x3c FATFS/Target/bsp_driver_sd.o
                0x000000000800b30c                BSP_SD_WriteBlocks
 .text.BSP_SD_GetCardState
                0x000000000800b348       0x20 FATFS/Target/bsp_driver_sd.o
                0x000000000800b348                BSP_SD_GetCardState
 .text.BSP_SD_GetCardInfo
                0x000000000800b368       0x1c FATFS/Target/bsp_driver_sd.o
                0x000000000800b368                BSP_SD_GetCardInfo
 .text.HAL_SD_AbortCallback
                0x000000000800b384       0x14 FATFS/Target/bsp_driver_sd.o
                0x000000000800b384                HAL_SD_AbortCallback
 .text.HAL_SD_TxCpltCallback
                0x000000000800b398       0x14 FATFS/Target/bsp_driver_sd.o
                0x000000000800b398                HAL_SD_TxCpltCallback
 .text.HAL_SD_RxCpltCallback
                0x000000000800b3ac       0x14 FATFS/Target/bsp_driver_sd.o
                0x000000000800b3ac                HAL_SD_RxCpltCallback
 .text.BSP_SD_AbortCallback
                0x000000000800b3c0        0xc FATFS/Target/bsp_driver_sd.o
                0x000000000800b3c0                BSP_SD_AbortCallback
 .text.BSP_SD_WriteCpltCallback
                0x000000000800b3cc        0xc FATFS/Target/bsp_driver_sd.o
                0x000000000800b3cc                BSP_SD_WriteCpltCallback
 .text.BSP_SD_ReadCpltCallback
                0x000000000800b3d8        0xc FATFS/Target/bsp_driver_sd.o
                0x000000000800b3d8                BSP_SD_ReadCpltCallback
 .text.BSP_SD_IsDetected
                0x000000000800b3e4       0x24 FATFS/Target/bsp_driver_sd.o
                0x000000000800b3e4                BSP_SD_IsDetected
 .text.BSP_PlatformIsDetected
                0x000000000800b408       0x2c FATFS/Target/fatfs_platform.o
                0x000000000800b408                BSP_PlatformIsDetected
 .text.USBD_CDC_Init
                0x000000000800b434      0x118 Middlewares/ST/STM32_USB_Device_Library/Class/CDC/Src/usbd_cdc.o
 .text.USBD_CDC_DeInit
                0x000000000800b54c       0x6e Middlewares/ST/STM32_USB_Device_Library/Class/CDC/Src/usbd_cdc.o
 .text.USBD_CDC_Setup
                0x000000000800b5ba      0x140 Middlewares/ST/STM32_USB_Device_Library/Class/CDC/Src/usbd_cdc.o
 .text.USBD_CDC_DataIn
                0x000000000800b6fa       0xa6 Middlewares/ST/STM32_USB_Device_Library/Class/CDC/Src/usbd_cdc.o
 .text.USBD_CDC_DataOut
                0x000000000800b7a0       0x56 Middlewares/ST/STM32_USB_Device_Library/Class/CDC/Src/usbd_cdc.o
 .text.USBD_CDC_EP0_RxReady
                0x000000000800b7f6       0x50 Middlewares/ST/STM32_USB_Device_Library/Class/CDC/Src/usbd_cdc.o
 *fill*         0x000000000800b846        0x2 
 .text.USBD_CDC_GetFSCfgDesc
                0x000000000800b848       0x20 Middlewares/ST/STM32_USB_Device_Library/Class/CDC/Src/usbd_cdc.o
 .text.USBD_CDC_GetHSCfgDesc
                0x000000000800b868       0x20 Middlewares/ST/STM32_USB_Device_Library/Class/CDC/Src/usbd_cdc.o
 .text.USBD_CDC_GetOtherSpeedCfgDesc
                0x000000000800b888       0x20 Middlewares/ST/STM32_USB_Device_Library/Class/CDC/Src/usbd_cdc.o
 .text.USBD_CDC_GetDeviceQualifierDescriptor
                0x000000000800b8a8       0x20 Middlewares/ST/STM32_USB_Device_Library/Class/CDC/Src/usbd_cdc.o
                0x000000000800b8a8                USBD_CDC_GetDeviceQualifierDescriptor
 .text.USBD_CDC_RegisterInterface
                0x000000000800b8c8       0x2c Middlewares/ST/STM32_USB_Device_Library/Class/CDC/Src/usbd_cdc.o
                0x000000000800b8c8                USBD_CDC_RegisterInterface
 .text.USBD_CDC_SetTxBuffer
                0x000000000800b8f4       0x32 Middlewares/ST/STM32_USB_Device_Library/Class/CDC/Src/usbd_cdc.o
                0x000000000800b8f4                USBD_CDC_SetTxBuffer
 .text.USBD_CDC_SetRxBuffer
                0x000000000800b926       0x26 Middlewares/ST/STM32_USB_Device_Library/Class/CDC/Src/usbd_cdc.o
                0x000000000800b926                USBD_CDC_SetRxBuffer
 .text.USBD_CDC_TransmitPacket
                0x000000000800b94c       0x5e Middlewares/ST/STM32_USB_Device_Library/Class/CDC/Src/usbd_cdc.o
                0x000000000800b94c                USBD_CDC_TransmitPacket
 .text.USBD_CDC_ReceivePacket
                0x000000000800b9aa       0x54 Middlewares/ST/STM32_USB_Device_Library/Class/CDC/Src/usbd_cdc.o
                0x000000000800b9aa                USBD_CDC_ReceivePacket
 .text.USBD_Init
                0x000000000800b9fe       0x56 Middlewares/ST/STM32_USB_Device_Library/Core/Src/usbd_core.o
                0x000000000800b9fe                USBD_Init
 .text.USBD_RegisterClass
                0x000000000800ba54       0x32 Middlewares/ST/STM32_USB_Device_Library/Core/Src/usbd_core.o
                0x000000000800ba54                USBD_RegisterClass
 .text.USBD_Start
                0x000000000800ba86       0x18 Middlewares/ST/STM32_USB_Device_Library/Core/Src/usbd_core.o
                0x000000000800ba86                USBD_Start
 .text.USBD_RunTestMode
                0x000000000800ba9e       0x14 Middlewares/ST/STM32_USB_Device_Library/Core/Src/usbd_core.o
                0x000000000800ba9e                USBD_RunTestMode
 .text.USBD_SetClassConfig
                0x000000000800bab2       0x3e Middlewares/ST/STM32_USB_Device_Library/Core/Src/usbd_core.o
                0x000000000800bab2                USBD_SetClassConfig
 .text.USBD_ClrClassConfig
                0x000000000800baf0       0x26 Middlewares/ST/STM32_USB_Device_Library/Core/Src/usbd_core.o
                0x000000000800baf0                USBD_ClrClassConfig
 .text.USBD_LL_SetupStage
                0x000000000800bb16       0x96 Middlewares/ST/STM32_USB_Device_Library/Core/Src/usbd_core.o
                0x000000000800bb16                USBD_LL_SetupStage
 .text.USBD_LL_DataOutStage
                0x000000000800bbac       0xe2 Middlewares/ST/STM32_USB_Device_Library/Core/Src/usbd_core.o
                0x000000000800bbac                USBD_LL_DataOutStage
 .text.USBD_LL_DataInStage
                0x000000000800bc8e      0x14a Middlewares/ST/STM32_USB_Device_Library/Core/Src/usbd_core.o
                0x000000000800bc8e                USBD_LL_DataInStage
 .text.USBD_LL_Reset
                0x000000000800bdd8       0x82 Middlewares/ST/STM32_USB_Device_Library/Core/Src/usbd_core.o
                0x000000000800bdd8                USBD_LL_Reset
 .text.USBD_LL_SetSpeed
                0x000000000800be5a       0x1e Middlewares/ST/STM32_USB_Device_Library/Core/Src/usbd_core.o
                0x000000000800be5a                USBD_LL_SetSpeed
 .text.USBD_LL_Suspend
                0x000000000800be78       0x28 Middlewares/ST/STM32_USB_Device_Library/Core/Src/usbd_core.o
                0x000000000800be78                USBD_LL_Suspend
 .text.USBD_LL_Resume
                0x000000000800bea0       0x2a Middlewares/ST/STM32_USB_Device_Library/Core/Src/usbd_core.o
                0x000000000800bea0                USBD_LL_Resume
 .text.USBD_LL_SOF
                0x000000000800beca       0x34 Middlewares/ST/STM32_USB_Device_Library/Core/Src/usbd_core.o
                0x000000000800beca                USBD_LL_SOF
 .text.USBD_LL_IsoINIncomplete
                0x000000000800befe       0x18 Middlewares/ST/STM32_USB_Device_Library/Core/Src/usbd_core.o
                0x000000000800befe                USBD_LL_IsoINIncomplete
 .text.USBD_LL_IsoOUTIncomplete
                0x000000000800bf16       0x18 Middlewares/ST/STM32_USB_Device_Library/Core/Src/usbd_core.o
                0x000000000800bf16                USBD_LL_IsoOUTIncomplete
 .text.USBD_LL_DevConnected
                0x000000000800bf2e       0x14 Middlewares/ST/STM32_USB_Device_Library/Core/Src/usbd_core.o
                0x000000000800bf2e                USBD_LL_DevConnected
 .text.USBD_LL_DevDisconnected
                0x000000000800bf42       0x2e Middlewares/ST/STM32_USB_Device_Library/Core/Src/usbd_core.o
                0x000000000800bf42                USBD_LL_DevDisconnected
 .text.USBD_StdDevReq
                0x000000000800bf70       0xd4 Middlewares/ST/STM32_USB_Device_Library/Core/Src/usbd_ctlreq.o
                0x000000000800bf70                USBD_StdDevReq
 .text.USBD_StdItfReq
                0x000000000800c044       0x8c Middlewares/ST/STM32_USB_Device_Library/Core/Src/usbd_ctlreq.o
                0x000000000800c044                USBD_StdItfReq
 .text.USBD_StdEPReq
                0x000000000800c0d0      0x2ba Middlewares/ST/STM32_USB_Device_Library/Core/Src/usbd_ctlreq.o
                0x000000000800c0d0                USBD_StdEPReq
 *fill*         0x000000000800c38a        0x2 
 .text.USBD_GetDescriptor
                0x000000000800c38c      0x2d0 Middlewares/ST/STM32_USB_Device_Library/Core/Src/usbd_ctlreq.o
 .text.USBD_SetAddress
                0x000000000800c65c       0x84 Middlewares/ST/STM32_USB_Device_Library/Core/Src/usbd_ctlreq.o
 .text.USBD_SetConfig
                0x000000000800c6e0      0x11c Middlewares/ST/STM32_USB_Device_Library/Core/Src/usbd_ctlreq.o
 .text.USBD_GetConfig
                0x000000000800c7fc       0x68 Middlewares/ST/STM32_USB_Device_Library/Core/Src/usbd_ctlreq.o
 .text.USBD_GetStatus
                0x000000000800c864       0x66 Middlewares/ST/STM32_USB_Device_Library/Core/Src/usbd_ctlreq.o
 .text.USBD_SetFeature
                0x000000000800c8ca       0x28 Middlewares/ST/STM32_USB_Device_Library/Core/Src/usbd_ctlreq.o
 .text.USBD_ClrFeature
                0x000000000800c8f2       0x42 Middlewares/ST/STM32_USB_Device_Library/Core/Src/usbd_ctlreq.o
 .text.USBD_ParseSetupRequest
                0x000000000800c934       0x78 Middlewares/ST/STM32_USB_Device_Library/Core/Src/usbd_ctlreq.o
                0x000000000800c934                USBD_ParseSetupRequest
 .text.USBD_CtlError
                0x000000000800c9ac       0x22 Middlewares/ST/STM32_USB_Device_Library/Core/Src/usbd_ctlreq.o
                0x000000000800c9ac                USBD_CtlError
 .text.USBD_GetString
                0x000000000800c9ce       0x84 Middlewares/ST/STM32_USB_Device_Library/Core/Src/usbd_ctlreq.o
                0x000000000800c9ce                USBD_GetString
 .text.USBD_GetLen
                0x000000000800ca52       0x2e Middlewares/ST/STM32_USB_Device_Library/Core/Src/usbd_ctlreq.o
 .text.USBD_CtlSendData
                0x000000000800ca80       0x38 Middlewares/ST/STM32_USB_Device_Library/Core/Src/usbd_ioreq.o
                0x000000000800ca80                USBD_CtlSendData
 .text.USBD_CtlContinueSendData
                0x000000000800cab8       0x24 Middlewares/ST/STM32_USB_Device_Library/Core/Src/usbd_ioreq.o
                0x000000000800cab8                USBD_CtlContinueSendData
 .text.USBD_CtlPrepareRx
                0x000000000800cadc       0x3c Middlewares/ST/STM32_USB_Device_Library/Core/Src/usbd_ioreq.o
                0x000000000800cadc                USBD_CtlPrepareRx
 .text.USBD_CtlContinueRx
                0x000000000800cb18       0x24 Middlewares/ST/STM32_USB_Device_Library/Core/Src/usbd_ioreq.o
                0x000000000800cb18                USBD_CtlContinueRx
 .text.USBD_CtlSendStatus
                0x000000000800cb3c       0x26 Middlewares/ST/STM32_USB_Device_Library/Core/Src/usbd_ioreq.o
                0x000000000800cb3c                USBD_CtlSendStatus
 .text.USBD_CtlReceiveStatus
                0x000000000800cb62       0x26 Middlewares/ST/STM32_USB_Device_Library/Core/Src/usbd_ioreq.o
                0x000000000800cb62                USBD_CtlReceiveStatus
 .text.FATFS_LinkDriverEx
                0x000000000800cb88       0x94 Middlewares/Third_Party/FatFs/src/ff_gen_drv.o
                0x000000000800cb88                FATFS_LinkDriverEx
 .text.FATFS_LinkDriver
                0x000000000800cc1c       0x1e Middlewares/Third_Party/FatFs/src/ff_gen_drv.o
                0x000000000800cc1c                FATFS_LinkDriver
 *fill*         0x000000000800cc3a        0x2 
 .text.SD_initialize
                0x000000000800cc3c       0x3c Middlewares/Third_Party/FatFs/src/drivers/sd_diskio.o
                0x000000000800cc3c                SD_initialize
 .text.SD_status
                0x000000000800cc78       0x3c Middlewares/Third_Party/FatFs/src/drivers/sd_diskio.o
                0x000000000800cc78                SD_status
 .text.SD_read  0x000000000800ccb4       0x5c Middlewares/Third_Party/FatFs/src/drivers/sd_diskio.o
                0x000000000800ccb4                SD_read
 .text.SD_write
                0x000000000800cd10       0x5c Middlewares/Third_Party/FatFs/src/drivers/sd_diskio.o
                0x000000000800cd10                SD_write
 .text.SD_ioctl
                0x000000000800cd6c       0xac Middlewares/Third_Party/FatFs/src/drivers/sd_diskio.o
                0x000000000800cd6c                SD_ioctl
 .text.MX_USB_DEVICE_Init
                0x000000000800ce18       0x60 USB_DEVICE/App/usb_device.o
                0x000000000800ce18                MX_USB_DEVICE_Init
 .text.LL_TIM_EnableCounter
                0x000000000800ce78       0x1e USB_DEVICE/App/usbd_cdc_if.o
 .text.LL_TIM_ClearFlag_UPDATE
                0x000000000800ce96       0x1a USB_DEVICE/App/usbd_cdc_if.o
 .text.LL_GPIO_ResetOutputPin
                0x000000000800ceb0       0x1c USB_DEVICE/App/usbd_cdc_if.o
 .text.CDC_Init_FS
                0x000000000800cecc       0x28 USB_DEVICE/App/usbd_cdc_if.o
 .text.CDC_DeInit_FS
                0x000000000800cef4        0xe USB_DEVICE/App/usbd_cdc_if.o
 *fill*         0x000000000800cf02        0x2 
 .text.CDC_Control_FS
                0x000000000800cf04       0xe4 USB_DEVICE/App/usbd_cdc_if.o
 .text.CDC_Receive_FS
                0x000000000800cfe8      0x4d0 USB_DEVICE/App/usbd_cdc_if.o
 .text.CDC_Transmit_FS
                0x000000000800d4b8       0x4c USB_DEVICE/App/usbd_cdc_if.o
                0x000000000800d4b8                CDC_Transmit_FS
 .text.USBD_FS_DeviceDescriptor
                0x000000000800d504       0x24 USB_DEVICE/App/usbd_desc.o
                0x000000000800d504                USBD_FS_DeviceDescriptor
 .text.USBD_FS_LangIDStrDescriptor
                0x000000000800d528       0x24 USB_DEVICE/App/usbd_desc.o
                0x000000000800d528                USBD_FS_LangIDStrDescriptor
 .text.USBD_FS_ProductStrDescriptor
                0x000000000800d54c       0x3c USB_DEVICE/App/usbd_desc.o
                0x000000000800d54c                USBD_FS_ProductStrDescriptor
 .text.USBD_FS_ManufacturerStrDescriptor
                0x000000000800d588       0x28 USB_DEVICE/App/usbd_desc.o
                0x000000000800d588                USBD_FS_ManufacturerStrDescriptor
 .text.USBD_FS_SerialStrDescriptor
                0x000000000800d5b0       0x24 USB_DEVICE/App/usbd_desc.o
                0x000000000800d5b0                USBD_FS_SerialStrDescriptor
 .text.USBD_FS_ConfigStrDescriptor
                0x000000000800d5d4       0x3c USB_DEVICE/App/usbd_desc.o
                0x000000000800d5d4                USBD_FS_ConfigStrDescriptor
 .text.USBD_FS_InterfaceStrDescriptor
                0x000000000800d610       0x3c USB_DEVICE/App/usbd_desc.o
                0x000000000800d610                USBD_FS_InterfaceStrDescriptor
 .text.Get_SerialNum
                0x000000000800d64c       0x58 USB_DEVICE/App/usbd_desc.o
 .text.IntToUnicode
                0x000000000800d6a4       0x7a USB_DEVICE/App/usbd_desc.o
 *fill*         0x000000000800d71e        0x2 
 .text.HAL_PCD_MspInit
                0x000000000800d720       0xc4 USB_DEVICE/Target/usbd_conf.o
                0x000000000800d720                HAL_PCD_MspInit
 .text.HAL_PCD_SetupStageCallback
                0x000000000800d7e4       0x24 USB_DEVICE/Target/usbd_conf.o
                0x000000000800d7e4                HAL_PCD_SetupStageCallback
 .text.HAL_PCD_DataOutStageCallback
                0x000000000800d808       0x36 USB_DEVICE/Target/usbd_conf.o
                0x000000000800d808                HAL_PCD_DataOutStageCallback
 .text.HAL_PCD_DataInStageCallback
                0x000000000800d83e       0x34 USB_DEVICE/Target/usbd_conf.o
                0x000000000800d83e                HAL_PCD_DataInStageCallback
 .text.HAL_PCD_SOFCallback
                0x000000000800d872       0x1c USB_DEVICE/Target/usbd_conf.o
                0x000000000800d872                HAL_PCD_SOFCallback
 .text.HAL_PCD_ResetCallback
                0x000000000800d88e       0x50 USB_DEVICE/Target/usbd_conf.o
                0x000000000800d88e                HAL_PCD_ResetCallback
 *fill*         0x000000000800d8de        0x2 
 .text.HAL_PCD_SuspendCallback
                0x000000000800d8e0       0x4c USB_DEVICE/Target/usbd_conf.o
                0x000000000800d8e0                HAL_PCD_SuspendCallback
 .text.HAL_PCD_ResumeCallback
                0x000000000800d92c       0x1c USB_DEVICE/Target/usbd_conf.o
                0x000000000800d92c                HAL_PCD_ResumeCallback
 .text.HAL_PCD_ISOOUTIncompleteCallback
                0x000000000800d948       0x24 USB_DEVICE/Target/usbd_conf.o
                0x000000000800d948                HAL_PCD_ISOOUTIncompleteCallback
 .text.HAL_PCD_ISOINIncompleteCallback
                0x000000000800d96c       0x24 USB_DEVICE/Target/usbd_conf.o
                0x000000000800d96c                HAL_PCD_ISOINIncompleteCallback
 .text.HAL_PCD_ConnectCallback
                0x000000000800d990       0x1c USB_DEVICE/Target/usbd_conf.o
                0x000000000800d990                HAL_PCD_ConnectCallback
 .text.HAL_PCD_DisconnectCallback
                0x000000000800d9ac       0x1c USB_DEVICE/Target/usbd_conf.o
                0x000000000800d9ac                HAL_PCD_DisconnectCallback
 .text.USBD_LL_Init
                0x000000000800d9c8       0x94 USB_DEVICE/Target/usbd_conf.o
                0x000000000800d9c8                USBD_LL_Init
 .text.USBD_LL_Start
                0x000000000800da5c       0x36 USB_DEVICE/Target/usbd_conf.o
                0x000000000800da5c                USBD_LL_Start
 .text.USBD_LL_OpenEP
                0x000000000800da92       0x4c USB_DEVICE/Target/usbd_conf.o
                0x000000000800da92                USBD_LL_OpenEP
 .text.USBD_LL_CloseEP
                0x000000000800dade       0x3e USB_DEVICE/Target/usbd_conf.o
                0x000000000800dade                USBD_LL_CloseEP
 .text.USBD_LL_StallEP
                0x000000000800db1c       0x3e USB_DEVICE/Target/usbd_conf.o
                0x000000000800db1c                USBD_LL_StallEP
 .text.USBD_LL_ClearStallEP
                0x000000000800db5a       0x3e USB_DEVICE/Target/usbd_conf.o
                0x000000000800db5a                USBD_LL_ClearStallEP
 .text.USBD_LL_IsStallEP
                0x000000000800db98       0x56 USB_DEVICE/Target/usbd_conf.o
                0x000000000800db98                USBD_LL_IsStallEP
 .text.USBD_LL_SetUSBAddress
                0x000000000800dbee       0x3e USB_DEVICE/Target/usbd_conf.o
                0x000000000800dbee                USBD_LL_SetUSBAddress
 .text.USBD_LL_Transmit
                0x000000000800dc2c       0x46 USB_DEVICE/Target/usbd_conf.o
                0x000000000800dc2c                USBD_LL_Transmit
 .text.USBD_LL_PrepareReceive
                0x000000000800dc72       0x46 USB_DEVICE/Target/usbd_conf.o
                0x000000000800dc72                USBD_LL_PrepareReceive
 .text.USBD_LL_GetRxDataSize
                0x000000000800dcb8       0x26 USB_DEVICE/Target/usbd_conf.o
                0x000000000800dcb8                USBD_LL_GetRxDataSize
 *fill*         0x000000000800dcde        0x2 
 .text.USBD_Get_USB_Status
                0x000000000800dce0       0x58 USB_DEVICE/Target/usbd_conf.o
                0x000000000800dce0                USBD_Get_USB_Status
 .text.atoi     0x000000000800dd38        0x8 c:/st/stm32cubeide_1.5.1/stm32cubeide/plugins/com.st.stm32cube.ide.mcu.externaltools.gnu-tools-for-stm32.7-2018-q2-update.win32_1.5.0.202011040924/tools/bin/../lib/gcc/arm-none-eabi/7.3.1/../../../../arm-none-eabi/lib/thumb/v7-m\libc_nano.a(lib_a-atoi.o)
                0x000000000800dd38                atoi
 .text.__errno  0x000000000800dd40        0xc c:/st/stm32cubeide_1.5.1/stm32cubeide/plugins/com.st.stm32cube.ide.mcu.externaltools.gnu-tools-for-stm32.7-2018-q2-update.win32_1.5.0.202011040924/tools/bin/../lib/gcc/arm-none-eabi/7.3.1/../../../../arm-none-eabi/lib/thumb/v7-m\libc_nano.a(lib_a-errno.o)
                0x000000000800dd40                __errno
 .text.__libc_init_array
                0x000000000800dd4c       0x48 c:/st/stm32cubeide_1.5.1/stm32cubeide/plugins/com.st.stm32cube.ide.mcu.externaltools.gnu-tools-for-stm32.7-2018-q2-update.win32_1.5.0.202011040924/tools/bin/../lib/gcc/arm-none-eabi/7.3.1/../../../../arm-none-eabi/lib/thumb/v7-m\libc_nano.a(lib_a-init.o)
                0x000000000800dd4c                __libc_init_array
 .text.malloc   0x000000000800dd94       0x10 c:/st/stm32cubeide_1.5.1/stm32cubeide/plugins/com.st.stm32cube.ide.mcu.externaltools.gnu-tools-for-stm32.7-2018-q2-update.win32_1.5.0.202011040924/tools/bin/../lib/gcc/arm-none-eabi/7.3.1/../../../../arm-none-eabi/lib/thumb/v7-m\libc_nano.a(lib_a-malloc.o)
                0x000000000800dd94                malloc
 .text.free     0x000000000800dda4       0x10 c:/st/stm32cubeide_1.5.1/stm32cubeide/plugins/com.st.stm32cube.ide.mcu.externaltools.gnu-tools-for-stm32.7-2018-q2-update.win32_1.5.0.202011040924/tools/bin/../lib/gcc/arm-none-eabi/7.3.1/../../../../arm-none-eabi/lib/thumb/v7-m\libc_nano.a(lib_a-malloc.o)
                0x000000000800dda4                free
 .text.memset   0x000000000800ddb4       0x10 c:/st/stm32cubeide_1.5.1/stm32cubeide/plugins/com.st.stm32cube.ide.mcu.externaltools.gnu-tools-for-stm32.7-2018-q2-update.win32_1.5.0.202011040924/tools/bin/../lib/gcc/arm-none-eabi/7.3.1/../../../../arm-none-eabi/lib/thumb/v7-m\libc_nano.a(lib_a-memset.o)
                0x000000000800ddb4                memset
 .text._free_r  0x000000000800ddc4       0x98 c:/st/stm32cubeide_1.5.1/stm32cubeide/plugins/com.st.stm32cube.ide.mcu.externaltools.gnu-tools-for-stm32.7-2018-q2-update.win32_1.5.0.202011040924/tools/bin/../lib/gcc/arm-none-eabi/7.3.1/../../../../arm-none-eabi/lib/thumb/v7-m\libc_nano.a(lib_a-nano-freer.o)
                0x000000000800ddc4                _free_r
 .text._malloc_r
                0x000000000800de5c       0xb4 c:/st/stm32cubeide_1.5.1/stm32cubeide/plugins/com.st.stm32cube.ide.mcu.externaltools.gnu-tools-for-stm32.7-2018-q2-update.win32_1.5.0.202011040924/tools/bin/../lib/gcc/arm-none-eabi/7.3.1/../../../../arm-none-eabi/lib/thumb/v7-m\libc_nano.a(lib_a-nano-mallocr.o)
                0x000000000800de5c                _malloc_r
 .text.__cvt    0x000000000800df10       0xb8 c:/st/stm32cubeide_1.5.1/stm32cubeide/plugins/com.st.stm32cube.ide.mcu.externaltools.gnu-tools-for-stm32.7-2018-q2-update.win32_1.5.0.202011040924/tools/bin/../lib/gcc/arm-none-eabi/7.3.1/../../../../arm-none-eabi/lib/thumb/v7-m\libc_nano.a(lib_a-nano-vfprintf_float.o)
                0x000000000800df10                __cvt
 .text.__exponent
                0x000000000800dfc8       0x6a c:/st/stm32cubeide_1.5.1/stm32cubeide/plugins/com.st.stm32cube.ide.mcu.externaltools.gnu-tools-for-stm32.7-2018-q2-update.win32_1.5.0.202011040924/tools/bin/../lib/gcc/arm-none-eabi/7.3.1/../../../../arm-none-eabi/lib/thumb/v7-m\libc_nano.a(lib_a-nano-vfprintf_float.o)
                0x000000000800dfc8                __exponent
 *fill*         0x000000000800e032        0x2 
 .text._printf_float
                0x000000000800e034      0x46c c:/st/stm32cubeide_1.5.1/stm32cubeide/plugins/com.st.stm32cube.ide.mcu.externaltools.gnu-tools-for-stm32.7-2018-q2-update.win32_1.5.0.202011040924/tools/bin/../lib/gcc/arm-none-eabi/7.3.1/../../../../arm-none-eabi/lib/thumb/v7-m\libc_nano.a(lib_a-nano-vfprintf_float.o)
                0x000000000800e034                _printf_float
 .text._printf_common
                0x000000000800e4a0       0xec c:/st/stm32cubeide_1.5.1/stm32cubeide/plugins/com.st.stm32cube.ide.mcu.externaltools.gnu-tools-for-stm32.7-2018-q2-update.win32_1.5.0.202011040924/tools/bin/../lib/gcc/arm-none-eabi/7.3.1/../../../../arm-none-eabi/lib/thumb/v7-m\libc_nano.a(lib_a-nano-vfprintf_i.o)
                0x000000000800e4a0                _printf_common
 .text._printf_i
                0x000000000800e58c      0x224 c:/st/stm32cubeide_1.5.1/stm32cubeide/plugins/com.st.stm32cube.ide.mcu.externaltools.gnu-tools-for-stm32.7-2018-q2-update.win32_1.5.0.202011040924/tools/bin/../lib/gcc/arm-none-eabi/7.3.1/../../../../arm-none-eabi/lib/thumb/v7-m\libc_nano.a(lib_a-nano-vfprintf_i.o)
                0x000000000800e58c                _printf_i
 .text._sbrk_r  0x000000000800e7b0       0x20 c:/st/stm32cubeide_1.5.1/stm32cubeide/plugins/com.st.stm32cube.ide.mcu.externaltools.gnu-tools-for-stm32.7-2018-q2-update.win32_1.5.0.202011040924/tools/bin/../lib/gcc/arm-none-eabi/7.3.1/../../../../arm-none-eabi/lib/thumb/v7-m\libc_nano.a(lib_a-sbrkr.o)
                0x000000000800e7b0                _sbrk_r
 .text.sprintf  0x000000000800e7d0       0x40 c:/st/stm32cubeide_1.5.1/stm32cubeide/plugins/com.st.stm32cube.ide.mcu.externaltools.gnu-tools-for-stm32.7-2018-q2-update.win32_1.5.0.202011040924/tools/bin/../lib/gcc/arm-none-eabi/7.3.1/../../../../arm-none-eabi/lib/thumb/v7-m\libc_nano.a(lib_a-sprintf.o)
                0x000000000800e7d0                siprintf
                0x000000000800e7d0                sprintf
 .text.strncmp  0x000000000800e810       0x24 c:/st/stm32cubeide_1.5.1/stm32cubeide/plugins/com.st.stm32cube.ide.mcu.externaltools.gnu-tools-for-stm32.7-2018-q2-update.win32_1.5.0.202011040924/tools/bin/../lib/gcc/arm-none-eabi/7.3.1/../../../../arm-none-eabi/lib/thumb/v7-m\libc_nano.a(lib_a-strncmp.o)
                0x000000000800e810                strncmp
 .text._strtol_l.isra.0
                0x000000000800e834       0xf6 c:/st/stm32cubeide_1.5.1/stm32cubeide/plugins/com.st.stm32cube.ide.mcu.externaltools.gnu-tools-for-stm32.7-2018-q2-update.win32_1.5.0.202011040924/tools/bin/../lib/gcc/arm-none-eabi/7.3.1/../../../../arm-none-eabi/lib/thumb/v7-m\libc_nano.a(lib_a-strtol.o)
 *fill*         0x000000000800e92a        0x2 
 .text.strtol   0x000000000800e92c       0x2c c:/st/stm32cubeide_1.5.1/stm32cubeide/plugins/com.st.stm32cube.ide.mcu.externaltools.gnu-tools-for-stm32.7-2018-q2-update.win32_1.5.0.202011040924/tools/bin/../lib/gcc/arm-none-eabi/7.3.1/../../../../arm-none-eabi/lib/thumb/v7-m\libc_nano.a(lib_a-strtol.o)
                0x000000000800e92c                strtol
 .text.quorem   0x000000000800e958      0x11c c:/st/stm32cubeide_1.5.1/stm32cubeide/plugins/com.st.stm32cube.ide.mcu.externaltools.gnu-tools-for-stm32.7-2018-q2-update.win32_1.5.0.202011040924/tools/bin/../lib/gcc/arm-none-eabi/7.3.1/../../../../arm-none-eabi/lib/thumb/v7-m\libc_nano.a(lib_a-dtoa.o)
 *fill*         0x000000000800ea74        0x4 
 .text._dtoa_r  0x000000000800ea78      0xb68 c:/st/stm32cubeide_1.5.1/stm32cubeide/plugins/com.st.stm32cube.ide.mcu.externaltools.gnu-tools-for-stm32.7-2018-q2-update.win32_1.5.0.202011040924/tools/bin/../lib/gcc/arm-none-eabi/7.3.1/../../../../arm-none-eabi/lib/thumb/v7-m\libc_nano.a(lib_a-dtoa.o)
                0x000000000800ea78                _dtoa_r
 .text.__locale_ctype_ptr_l
                0x000000000800f5e0        0x6 c:/st/stm32cubeide_1.5.1/stm32cubeide/plugins/com.st.stm32cube.ide.mcu.externaltools.gnu-tools-for-stm32.7-2018-q2-update.win32_1.5.0.202011040924/tools/bin/../lib/gcc/arm-none-eabi/7.3.1/../../../../arm-none-eabi/lib/thumb/v7-m\libc_nano.a(lib_a-locale.o)
                0x000000000800f5e0                __locale_ctype_ptr_l
 *fill*         0x000000000800f5e6        0x2 
 .text._localeconv_r
                0x000000000800f5e8       0x1c c:/st/stm32cubeide_1.5.1/stm32cubeide/plugins/com.st.stm32cube.ide.mcu.externaltools.gnu-tools-for-stm32.7-2018-q2-update.win32_1.5.0.202011040924/tools/bin/../lib/gcc/arm-none-eabi/7.3.1/../../../../arm-none-eabi/lib/thumb/v7-m\libc_nano.a(lib_a-localeconv.o)
                0x000000000800f5e8                _localeconv_r
 .text.__ascii_mbtowc
                0x000000000800f604       0x24 c:/st/stm32cubeide_1.5.1/stm32cubeide/plugins/com.st.stm32cube.ide.mcu.externaltools.gnu-tools-for-stm32.7-2018-q2-update.win32_1.5.0.202011040924/tools/bin/../lib/gcc/arm-none-eabi/7.3.1/../../../../arm-none-eabi/lib/thumb/v7-m\libc_nano.a(lib_a-mbtowc_r.o)
                0x000000000800f604                __ascii_mbtowc
 .text.memchr   0x000000000800f628       0x1c c:/st/stm32cubeide_1.5.1/stm32cubeide/plugins/com.st.stm32cube.ide.mcu.externaltools.gnu-tools-for-stm32.7-2018-q2-update.win32_1.5.0.202011040924/tools/bin/../lib/gcc/arm-none-eabi/7.3.1/../../../../arm-none-eabi/lib/thumb/v7-m\libc_nano.a(lib_a-memchr-stub.o)
                0x000000000800f628                memchr
 .text.memcpy   0x000000000800f644       0x16 c:/st/stm32cubeide_1.5.1/stm32cubeide/plugins/com.st.stm32cube.ide.mcu.externaltools.gnu-tools-for-stm32.7-2018-q2-update.win32_1.5.0.202011040924/tools/bin/../lib/gcc/arm-none-eabi/7.3.1/../../../../arm-none-eabi/lib/thumb/v7-m\libc_nano.a(lib_a-memcpy-stub.o)
                0x000000000800f644                memcpy
 .text.__malloc_lock
                0x000000000800f65a        0x2 c:/st/stm32cubeide_1.5.1/stm32cubeide/plugins/com.st.stm32cube.ide.mcu.externaltools.gnu-tools-for-stm32.7-2018-q2-update.win32_1.5.0.202011040924/tools/bin/../lib/gcc/arm-none-eabi/7.3.1/../../../../arm-none-eabi/lib/thumb/v7-m\libc_nano.a(lib_a-mlock.o)
                0x000000000800f65a                __malloc_lock
 .text.__malloc_unlock
                0x000000000800f65c        0x2 c:/st/stm32cubeide_1.5.1/stm32cubeide/plugins/com.st.stm32cube.ide.mcu.externaltools.gnu-tools-for-stm32.7-2018-q2-update.win32_1.5.0.202011040924/tools/bin/../lib/gcc/arm-none-eabi/7.3.1/../../../../arm-none-eabi/lib/thumb/v7-m\libc_nano.a(lib_a-mlock.o)
                0x000000000800f65c                __malloc_unlock
 .text._Balloc  0x000000000800f65e       0x68 c:/st/stm32cubeide_1.5.1/stm32cubeide/plugins/com.st.stm32cube.ide.mcu.externaltools.gnu-tools-for-stm32.7-2018-q2-update.win32_1.5.0.202011040924/tools/bin/../lib/gcc/arm-none-eabi/7.3.1/../../../../arm-none-eabi/lib/thumb/v7-m\libc_nano.a(lib_a-mprec.o)
                0x000000000800f65e                _Balloc
 .text._Bfree   0x000000000800f6c6       0x2e c:/st/stm32cubeide_1.5.1/stm32cubeide/plugins/com.st.stm32cube.ide.mcu.externaltools.gnu-tools-for-stm32.7-2018-q2-update.win32_1.5.0.202011040924/tools/bin/../lib/gcc/arm-none-eabi/7.3.1/../../../../arm-none-eabi/lib/thumb/v7-m\libc_nano.a(lib_a-mprec.o)
                0x000000000800f6c6                _Bfree
 .text.__multadd
                0x000000000800f6f4       0x76 c:/st/stm32cubeide_1.5.1/stm32cubeide/plugins/com.st.stm32cube.ide.mcu.externaltools.gnu-tools-for-stm32.7-2018-q2-update.win32_1.5.0.202011040924/tools/bin/../lib/gcc/arm-none-eabi/7.3.1/../../../../arm-none-eabi/lib/thumb/v7-m\libc_nano.a(lib_a-mprec.o)
                0x000000000800f6f4                __multadd
 .text.__hi0bits
                0x000000000800f76a       0x3e c:/st/stm32cubeide_1.5.1/stm32cubeide/plugins/com.st.stm32cube.ide.mcu.externaltools.gnu-tools-for-stm32.7-2018-q2-update.win32_1.5.0.202011040924/tools/bin/../lib/gcc/arm-none-eabi/7.3.1/../../../../arm-none-eabi/lib/thumb/v7-m\libc_nano.a(lib_a-mprec.o)
                0x000000000800f76a                __hi0bits
 .text.__lo0bits
                0x000000000800f7a8       0x5e c:/st/stm32cubeide_1.5.1/stm32cubeide/plugins/com.st.stm32cube.ide.mcu.externaltools.gnu-tools-for-stm32.7-2018-q2-update.win32_1.5.0.202011040924/tools/bin/../lib/gcc/arm-none-eabi/7.3.1/../../../../arm-none-eabi/lib/thumb/v7-m\libc_nano.a(lib_a-mprec.o)
                0x000000000800f7a8                __lo0bits
 .text.__i2b    0x000000000800f806       0x12 c:/st/stm32cubeide_1.5.1/stm32cubeide/plugins/com.st.stm32cube.ide.mcu.externaltools.gnu-tools-for-stm32.7-2018-q2-update.win32_1.5.0.202011040924/tools/bin/../lib/gcc/arm-none-eabi/7.3.1/../../../../arm-none-eabi/lib/thumb/v7-m\libc_nano.a(lib_a-mprec.o)