stm32f2xx_ll_utils.h:224:22:LL_InitTick	16	static
stm32f2xx_ll_rcc.h:778:22:LL_RCC_HSE_EnableBypass	4	static
stm32f2xx_ll_rcc.h:788:22:LL_RCC_HSE_DisableBypass	4	static
stm32f2xx_ll_rcc.h:798:22:LL_RCC_HSE_Enable	4	static
stm32f2xx_ll_rcc.h:818:26:LL_RCC_HSE_IsReady	4	static
stm32f2xx_ll_rcc.h:836:22:LL_RCC_HSI_Enable	4	static
stm32f2xx_ll_rcc.h:856:26:LL_RCC_HSI_IsReady	4	static
stm32f2xx_ll_rcc.h:1010:22:LL_RCC_SetSysClkSource	16	static
stm32f2xx_ll_rcc.h:1023:26:LL_RCC_GetSysClkSource	4	static
stm32f2xx_ll_rcc.h:1043:22:LL_RCC_SetAHBPrescaler	16	static
stm32f2xx_ll_rcc.h:1059:22:LL_RCC_SetAPB1Prescaler	16	static
stm32f2xx_ll_rcc.h:1075:22:LL_RCC_SetAPB2Prescaler	16	static
stm32f2xx_ll_rcc.h:1391:22:LL_RCC_PLL_Enable	4	static
stm32f2xx_ll_rcc.h:1412:26:LL_RCC_PLL_IsReady	4	static
stm32f2xx_ll_rcc.h:1500:22:LL_RCC_PLL_ConfigDomain_SYS	24	static
stm32f2xx_ll_rcc.h:1857:26:LL_RCC_PLLI2S_IsReady	4	static
stm32f2xx_ll_system.h:686:22:LL_FLASH_SetLatency	16	static
stm32f2xx_ll_system.h:704:26:LL_FLASH_GetLatency	4	static
stm32f2xx_ll_utils.c:202:6:LL_Init1msTick	16	static
stm32f2xx_ll_utils.c:218:6:LL_mDelay	24	static
stm32f2xx_ll_utils.c:292:6:LL_SetSystemCoreClock	16	static
stm32f2xx_ll_utils.c:306:13:LL_SetFlashLatency	32	static
stm32f2xx_ll_utils.c:386:13:LL_PLL_ConfigSystemClock_HSI	24	static
stm32f2xx_ll_utils.c:444:13:LL_PLL_ConfigSystemClock_HSE	32	static
stm32f2xx_ll_utils.c:515:17:UTILS_GetPLLOutputFrequency	24	static
stm32f2xx_ll_utils.c:546:20:UTILS_PLL_IsBusy	16	static
stm32f2xx_ll_utils.c:575:20:UTILS_EnablePLLAndSwitchSystem	24	static
