core_cm3.h:1499:26:__NVIC_GetPriorityGrouping	4	static
core_cm3.h:1511:22:__NVIC_EnableIRQ	16	static
core_cm3.h:1639:22:__NVIC_SetPriority	16	static
core_cm3.h:1686:26:NVIC_EncodePriority	40	static
stm32f2xx_ll_tim.h:1048:22:LL_TIM_EnableCounter	16	static
stm32f2xx_ll_tim.h:1230:22:LL_TIM_DisableARRPreload	16	static
stm32f2xx_ll_tim.h:2602:22:LL_TIM_SetClockSource	16	static
stm32f2xx_ll_tim.h:2648:22:LL_TIM_SetTriggerOutput	16	static
stm32f2xx_ll_tim.h:2714:22:LL_TIM_DisableMasterSlaveMode	16	static
stm32f2xx_ll_tim.h:3058:22:LL_TIM_ClearFlag_UPDATE	16	static
stm32f2xx_ll_tim.h:3329:22:LL_TIM_EnableIT_UPDATE	16	static
stm32f2xx_ll_bus.h:882:22:LL_APB1_GRP1_EnableClock	24	static
main.c:146:6:HAL_GPIO_EXTI_Callback	16	static
main.c:189:6:CAN_Transmit	16	static
main.c:196:6:Camera_Configuration	16	static
main.c:225:6:DSLR_Action	8	static
main.c:234:6:ADC_Print	16	static
main.c:265:7:diameter	24	static
main.c:270:7:rotationForShoot	16	static
main.c:275:5:targetPulseCount	16	static
main.c:287:5:main	16	static
main.c:395:6:SystemClock_Config	80	static
main.c:438:13:MX_ADC1_Init	24	static
main.c:513:13:MX_CAN1_Init	48	static
main.c:576:13:MX_SDIO_SD_Init	4	static
main.c:604:13:MX_SPI2_Init	8	static
main.c:642:13:MX_TIM3_Init	32	static
main.c:683:13:MX_TIM8_Init	56	static
main.c:735:13:MX_USART2_UART_Init	8	static
main.c:768:13:MX_USART3_UART_Init	8	static
main.c:799:13:MX_DMA_Init	16	static
main.c:836:13:MX_GPIO_Init	64	static
main.c:933:6:Error_Handler	4	static
