stm32f2xx_hal_spi.c:312:19:HAL_SPI_Init	16	static
stm32f2xx_hal_spi.c:414:19:HAL_SPI_DeInit	16	static
stm32f2xx_hal_spi.c:458:13:HAL_SPI_MspInit	16	static
stm32f2xx_hal_spi.c:474:13:HAL_SPI_MspDeInit	16	static
stm32f2xx_hal_spi.c:746:19:HAL_SPI_Transmit	40	static
stm32f2xx_hal_spi.c:909:19:HAL_SPI_Receive	40	static
stm32f2xx_hal_spi.c:1100:19:HAL_SPI_TransmitReceive	56	static
stm32f2xx_hal_spi.c:1319:19:HAL_SPI_Transmit_IT	32	static
stm32f2xx_hal_spi.c:1402:19:HAL_SPI_Receive_IT	32	static
stm32f2xx_hal_spi.c:1494:19:HAL_SPI_TransmitReceive_IT	32	static
stm32f2xx_hal_spi.c:1582:19:HAL_SPI_Transmit_DMA	32	static
stm32f2xx_hal_spi.c:1688:19:HAL_SPI_Receive_DMA	32	static
stm32f2xx_hal_spi.c:1801:19:HAL_SPI_TransmitReceive_DMA	32	static
stm32f2xx_hal_spi.c:1947:19:HAL_SPI_Abort	40	static
stm32f2xx_hal_spi.c:2092:19:HAL_SPI_Abort_IT	40	static
stm32f2xx_hal_spi.c:2253:19:HAL_SPI_DMAPause	16	static
stm32f2xx_hal_spi.c:2273:19:HAL_SPI_DMAResume	16	static
stm32f2xx_hal_spi.c:2293:19:HAL_SPI_DMAStop	24	static
stm32f2xx_hal_spi.c:2333:6:HAL_SPI_IRQHandler	40	static
stm32f2xx_hal_spi.c:2440:13:HAL_SPI_TxCpltCallback	16	static
stm32f2xx_hal_spi.c:2456:13:HAL_SPI_RxCpltCallback	16	static
stm32f2xx_hal_spi.c:2472:13:HAL_SPI_TxRxCpltCallback	16	static
stm32f2xx_hal_spi.c:2488:13:HAL_SPI_TxHalfCpltCallback	16	static
stm32f2xx_hal_spi.c:2504:13:HAL_SPI_RxHalfCpltCallback	16	static
stm32f2xx_hal_spi.c:2520:13:HAL_SPI_TxRxHalfCpltCallback	16	static
stm32f2xx_hal_spi.c:2536:13:HAL_SPI_ErrorCallback	16	static
stm32f2xx_hal_spi.c:2554:13:HAL_SPI_AbortCpltCallback	16	static
stm32f2xx_hal_spi.c:2589:22:HAL_SPI_GetState	16	static
stm32f2xx_hal_spi.c:2601:10:HAL_SPI_GetError	16	static
stm32f2xx_hal_spi.c:2626:13:SPI_DMATransmitCplt	32	static
stm32f2xx_hal_spi.c:2683:13:SPI_DMAReceiveCplt	24	static
stm32f2xx_hal_spi.c:2758:13:SPI_DMATransmitReceiveCplt	24	static
stm32f2xx_hal_spi.c:2833:13:SPI_DMAHalfTransmitCplt	24	static
stm32f2xx_hal_spi.c:2851:13:SPI_DMAHalfReceiveCplt	24	static
stm32f2xx_hal_spi.c:2869:13:SPI_DMAHalfTransmitReceiveCplt	24	static
stm32f2xx_hal_spi.c:2887:13:SPI_DMAError	24	static
stm32f2xx_hal_spi.c:2910:13:SPI_DMAAbortOnError	24	static
stm32f2xx_hal_spi.c:2932:13:SPI_DMATxAbortCallback	32	static
stm32f2xx_hal_spi.c:2997:13:SPI_DMARxAbortCallback	32	static
stm32f2xx_hal_spi.c:3056:13:SPI_2linesRxISR_8BIT	16	static
stm32f2xx_hal_spi.c:3112:13:SPI_2linesTxISR_8BIT	16	static
stm32f2xx_hal_spi.c:3148:13:SPI_2linesRxISR_16BIT	16	static
stm32f2xx_hal_spi.c:3200:13:SPI_2linesTxISR_16BIT	16	static
stm32f2xx_hal_spi.c:3253:13:SPI_RxISR_8BIT	16	static
stm32f2xx_hal_spi.c:3305:13:SPI_RxISR_16BIT	16	static
stm32f2xx_hal_spi.c:3338:13:SPI_TxISR_8BIT	16	static
stm32f2xx_hal_spi.c:3363:13:SPI_TxISR_16BIT	16	static
stm32f2xx_hal_spi.c:3393:26:SPI_WaitFlagStateUntilTimeout	24	static
stm32f2xx_hal_spi.c:3443:26:SPI_EndRxTransaction	32	static
stm32f2xx_hal_spi.c:3468:26:SPI_EndRxTxTransaction	32	static
stm32f2xx_hal_spi.c:3485:13:SPI_CloseRxTx_ISR	32	static
stm32f2xx_hal_spi.c:3580:13:SPI_CloseRx_ISR	24	static
stm32f2xx_hal_spi.c:3643:13:SPI_CloseTx_ISR	32	static
stm32f2xx_hal_spi.c:3704:13:SPI_AbortRx_ISR	24	static
stm32f2xx_hal_spi.c:3737:13:SPI_AbortTx_ISR	16	static
