stm32f2xx_ll_rcc.h:836:22:LL_RCC_HSI_Enable	4	static
stm32f2xx_ll_rcc.h:856:26:LL_RCC_HSI_IsReady	4	static
stm32f2xx_ll_rcc.h:882:22:LL_RCC_HSI_SetCalibTrimming	16	static
stm32f2xx_ll_rcc.h:1023:26:LL_RCC_GetSysClkSource	4	static
stm32f2xx_ll_rcc.h:1094:26:LL_RCC_GetAHBPrescaler	4	static
stm32f2xx_ll_rcc.h:1109:26:LL_RCC_GetAPB1Prescaler	4	static
stm32f2xx_ll_rcc.h:1124:26:LL_RCC_GetAPB2Prescaler	4	static
stm32f2xx_ll_rcc.h:1200:26:LL_RCC_GetI2SClockSource	16	static
stm32f2xx_ll_rcc.h:1412:26:LL_RCC_PLL_IsReady	4	static
stm32f2xx_ll_rcc.h:1611:26:LL_RCC_PLL_GetN	4	static
stm32f2xx_ll_rcc.h:1625:26:LL_RCC_PLL_GetP	4	static
stm32f2xx_ll_rcc.h:1650:26:LL_RCC_PLL_GetQ	4	static
stm32f2xx_ll_rcc.h:1675:26:LL_RCC_PLL_GetMainSource	4	static
stm32f2xx_ll_rcc.h:1747:26:LL_RCC_PLL_GetDivider	4	static
stm32f2xx_ll_rcc.h:1857:26:LL_RCC_PLLI2S_IsReady	4	static
stm32f2xx_ll_rcc.h:1959:26:LL_RCC_PLLI2S_GetN	4	static
stm32f2xx_ll_rcc.h:1976:26:LL_RCC_PLLI2S_GetR	4	static
stm32f2xx_ll_rcc.h:2204:22:LL_RCC_ClearResetFlags	4	static
stm32f2xx_ll_rcc.c:90:13:LL_RCC_DeInit	16	static
stm32f2xx_ll_rcc.c:174:6:LL_RCC_GetSystemClocksFreq	16	static
stm32f2xx_ll_rcc.c:196:10:LL_RCC_GetI2SClockFreq	24	static
stm32f2xx_ll_rcc.c:241:10:RCC_GetSystemClockFreq	16	static
stm32f2xx_ll_rcc.c:273:10:RCC_GetHCLKClockFreq	16	static
stm32f2xx_ll_rcc.c:284:10:RCC_GetPCLK1ClockFreq	16	static
stm32f2xx_ll_rcc.c:295:10:RCC_GetPCLK2ClockFreq	16	static
stm32f2xx_ll_rcc.c:305:10:RCC_PLL_GetFreqDomain_SYS	24	static
stm32f2xx_ll_rcc.c:335:10:RCC_PLL_GetFreqDomain_48M	24	static
stm32f2xx_ll_rcc.c:366:10:RCC_PLLI2S_GetFreqDomain_I2S	24	static
