stm32f2xx_ll_utils.c:515:17:UTILS_GetPLLOutputFrequency	0	static
stm32f2xx_ll_utils.c:546:20:UTILS_PLL_IsBusy	0	static
stm32f2xx_ll_utils.c:202:6:LL_Init1msTick	0	static
stm32f2xx_ll_utils.c:218:6:LL_mDelay	8	static
stm32f2xx_ll_utils.c:292:6:LL_SetSystemCoreClock	0	static
stm32f2xx_ll_utils.c:306:13:LL_SetFlashLatency	0	static
stm32f2xx_ll_utils.c:575:20:UTILS_EnablePLLAndSwitchSystem	16	static
stm32f2xx_ll_utils.c:386:13:LL_PLL_ConfigSystemClock_HSI	24	static
stm32f2xx_ll_utils.c:444:13:LL_PLL_ConfigSystemClock_HSE	24	static
