stm32f2xx_hal_spi.c:3766:13:SPI_AbortRx_ISR	8	static
stm32f2xx_hal_spi.c:3799:13:SPI_AbortTx_ISR	0	static
stm32f2xx_hal_spi.c:3438:26:SPI_WaitFlagStateUntilTimeout	40	static
stm32f2xx_hal_spi.c:3530:26:SPI_EndRxTxTransaction	16	static
stm32f2xx_hal_spi.c:3505:26:SPI_EndRxTransaction	16	static
stm32f2xx_hal_spi.c:482:13:HAL_SPI_MspInit	0	static
stm32f2xx_hal_spi.c:312:19:HAL_SPI_Init	8	static
stm32f2xx_hal_spi.c:498:13:HAL_SPI_MspDeInit	0	static
stm32f2xx_hal_spi.c:438:19:HAL_SPI_DeInit	8	static
stm32f2xx_hal_spi.c:770:19:HAL_SPI_Transmit	32	static
stm32f2xx_hal_spi.c:1128:19:HAL_SPI_TransmitReceive	40	static
stm32f2xx_hal_spi.c:935:19:HAL_SPI_Receive	32	static
stm32f2xx_hal_spi.c:1347:19:HAL_SPI_Transmit_IT	0	static
stm32f2xx_hal_spi.c:1526:19:HAL_SPI_TransmitReceive_IT	8	static
stm32f2xx_hal_spi.c:1432:19:HAL_SPI_Receive_IT	16	static
stm32f2xx_hal_spi.c:1614:19:HAL_SPI_Transmit_DMA	8	static
stm32f2xx_hal_spi.c:1837:19:HAL_SPI_TransmitReceive_DMA	16	static
stm32f2xx_hal_spi.c:1722:19:HAL_SPI_Receive_DMA	16	static
stm32f2xx_hal_spi.c:1983:19:HAL_SPI_Abort	24	static
stm32f2xx_hal_spi.c:2289:19:HAL_SPI_DMAPause	0	static
stm32f2xx_hal_spi.c:2309:19:HAL_SPI_DMAResume	0	static
stm32f2xx_hal_spi.c:2329:19:HAL_SPI_DMAStop	16	static
stm32f2xx_hal_spi.c:2476:13:HAL_SPI_TxCpltCallback	0	static
stm32f2xx_hal_spi.c:2492:13:HAL_SPI_RxCpltCallback	0	static
stm32f2xx_hal_spi.c:2508:13:HAL_SPI_TxRxCpltCallback	0	static
stm32f2xx_hal_spi.c:2524:13:HAL_SPI_TxHalfCpltCallback	0	static
stm32f2xx_hal_spi.c:2878:13:SPI_DMAHalfTransmitCplt	8	static
stm32f2xx_hal_spi.c:2540:13:HAL_SPI_RxHalfCpltCallback	0	static
stm32f2xx_hal_spi.c:2896:13:SPI_DMAHalfReceiveCplt	8	static
stm32f2xx_hal_spi.c:2556:13:HAL_SPI_TxRxHalfCpltCallback	0	static
stm32f2xx_hal_spi.c:2914:13:SPI_DMAHalfTransmitReceiveCplt	8	static
stm32f2xx_hal_spi.c:2572:13:HAL_SPI_ErrorCallback	0	static
stm32f2xx_hal_spi.c:3705:13:SPI_CloseTx_ISR	16	static
stm32f2xx_hal_spi.c:3383:13:SPI_TxISR_8BIT	8	static
stm32f2xx_hal_spi.c:3408:13:SPI_TxISR_16BIT	8	static
stm32f2xx_hal_spi.c:3642:13:SPI_CloseRx_ISR	16	static
stm32f2xx_hal_spi.c:3298:13:SPI_RxISR_8BIT	8	static
stm32f2xx_hal_spi.c:3350:13:SPI_RxISR_16BIT	8	static
stm32f2xx_hal_spi.c:3547:13:SPI_CloseRxTx_ISR	16	static
stm32f2xx_hal_spi.c:3157:13:SPI_2linesTxISR_8BIT	8	static
stm32f2xx_hal_spi.c:3101:13:SPI_2linesRxISR_8BIT	8	static
stm32f2xx_hal_spi.c:3245:13:SPI_2linesTxISR_16BIT	8	static
stm32f2xx_hal_spi.c:3193:13:SPI_2linesRxISR_16BIT	8	static
stm32f2xx_hal_spi.c:2932:13:SPI_DMAError	8	static
stm32f2xx_hal_spi.c:2662:13:SPI_DMATransmitCplt	24	static
stm32f2xx_hal_spi.c:2719:13:SPI_DMAReceiveCplt	16	static
stm32f2xx_hal_spi.c:2803:13:SPI_DMATransmitReceiveCplt	16	static
stm32f2xx_hal_spi.c:2369:6:HAL_SPI_IRQHandler	32	static
stm32f2xx_hal_spi.c:2955:13:SPI_DMAAbortOnError	8	static
stm32f2xx_hal_spi.c:2590:13:HAL_SPI_AbortCpltCallback	0	static
stm32f2xx_hal_spi.c:2128:19:HAL_SPI_Abort_IT	32	static
stm32f2xx_hal_spi.c:3042:13:SPI_DMARxAbortCallback	16	static
stm32f2xx_hal_spi.c:2977:13:SPI_DMATxAbortCallback	24	static
stm32f2xx_hal_spi.c:2625:22:HAL_SPI_GetState	0	static
stm32f2xx_hal_spi.c:2637:10:HAL_SPI_GetError	0	static
