stm32f2xx_hal_uart.c:2715:13:UART_EndTxTransfer	0	static
stm32f2xx_hal_uart.c:2729:13:UART_EndRxTransfer	0	static
stm32f2xx_hal_uart.c:2913:26:UART_Transmit_IT	0	static
stm32f2xx_hal_uart.c:3047:13:UART_SetConfig	16	static
stm32f2xx_hal_uart.c:2683:26:UART_WaitOnFlagUntilTimeout	24	static
stm32f2xx_hal_uart.c:663:13:HAL_UART_MspInit	0	static
stm32f2xx_hal_uart.c:313:19:HAL_UART_Init	8	static
stm32f2xx_hal_uart.c:388:19:HAL_HalfDuplex_Init	8	static
stm32f2xx_hal_uart.c:461:19:HAL_LIN_Init	16	static
stm32f2xx_hal_uart.c:542:19:HAL_MultiProcessor_Init	16	static
stm32f2xx_hal_uart.c:678:13:HAL_UART_MspDeInit	0	static
stm32f2xx_hal_uart.c:619:19:HAL_UART_DeInit	8	static
stm32f2xx_hal_uart.c:1018:19:HAL_UART_Transmit	32	static
stm32f2xx_hal_uart.c:1106:19:HAL_UART_Receive	32	static
stm32f2xx_hal_uart.c:1196:19:HAL_UART_Transmit_IT	0	static
stm32f2xx_hal_uart.c:1241:19:HAL_UART_Receive_IT	0	static
stm32f2xx_hal_uart.c:1292:19:HAL_UART_Transmit_DMA	16	static
stm32f2xx_hal_uart.c:1360:19:HAL_UART_Receive_DMA	24	static
stm32f2xx_hal_uart.c:1427:19:HAL_UART_DMAPause	0	static
stm32f2xx_hal_uart.c:1464:19:HAL_UART_DMAResume	8	static
stm32f2xx_hal_uart.c:1500:19:HAL_UART_DMAStop	8	static
stm32f2xx_hal_uart.c:1552:19:HAL_UART_Abort	8	static
stm32f2xx_hal_uart.c:1634:19:HAL_UART_AbortTransmit	8	static
stm32f2xx_hal_uart.c:1685:19:HAL_UART_AbortReceive	8	static
stm32f2xx_hal_uart.c:2160:13:HAL_UART_TxCpltCallback	0	static
stm32f2xx_hal_uart.c:2535:13:UART_DMATransmitCplt	8	static
stm32f2xx_hal_uart.c:2953:26:UART_EndTransmit_IT	8	static
stm32f2xx_hal_uart.c:2175:13:HAL_UART_TxHalfCpltCallback	0	static
stm32f2xx_hal_uart.c:2570:13:UART_DMATxHalfCplt	8	static
stm32f2xx_hal_uart.c:2190:13:HAL_UART_RxCpltCallback	0	static
stm32f2xx_hal_uart.c:2589:13:UART_DMAReceiveCplt	8	static
stm32f2xx_hal_uart.c:2978:26:UART_Receive_IT	8	static
stm32f2xx_hal_uart.c:2205:13:HAL_UART_RxHalfCpltCallback	0	static
stm32f2xx_hal_uart.c:2623:13:UART_DMARxHalfCplt	8	static
stm32f2xx_hal_uart.c:2220:13:HAL_UART_ErrorCallback	0	static
stm32f2xx_hal_uart.c:2642:13:UART_DMAError	8	static
stm32f2xx_hal_uart.c:2014:6:HAL_UART_IRQHandler	8	static
stm32f2xx_hal_uart.c:2746:13:UART_DMAAbortOnError	8	static
stm32f2xx_hal_uart.c:2234:13:HAL_UART_AbortCpltCallback	0	static
stm32f2xx_hal_uart.c:1739:19:HAL_UART_Abort_IT	8	static
stm32f2xx_hal_uart.c:2815:13:UART_DMARxAbortCallback	8	static
stm32f2xx_hal_uart.c:2770:13:UART_DMATxAbortCallback	8	static
stm32f2xx_hal_uart.c:2249:13:HAL_UART_AbortTransmitCpltCallback	0	static
stm32f2xx_hal_uart.c:1867:19:HAL_UART_AbortTransmit_IT	8	static
stm32f2xx_hal_uart.c:2860:13:UART_DMATxOnlyAbortCallback	8	static
stm32f2xx_hal_uart.c:2264:13:HAL_UART_AbortReceiveCpltCallback	0	static
stm32f2xx_hal_uart.c:1944:19:HAL_UART_AbortReceive_IT	8	static
stm32f2xx_hal_uart.c:2888:13:UART_DMARxOnlyAbortCallback	8	static
stm32f2xx_hal_uart.c:2303:19:HAL_LIN_SendBreak	0	static
stm32f2xx_hal_uart.c:2330:19:HAL_MultiProcessor_EnterMuteMode	0	static
stm32f2xx_hal_uart.c:2357:19:HAL_MultiProcessor_ExitMuteMode	0	static
stm32f2xx_hal_uart.c:2384:19:HAL_HalfDuplex_EnableTransmitter	0	static
stm32f2xx_hal_uart.c:2419:19:HAL_HalfDuplex_EnableReceiver	0	static
stm32f2xx_hal_uart.c:2476:23:HAL_UART_GetState	0	static
stm32f2xx_hal_uart.c:2491:10:HAL_UART_GetError	0	static
