stm32f2xx_hal_flash_ex.c:435:13:FLASH_MassErase	0	static
stm32f2xx_hal_flash_ex.c:607:26:FLASH_OB_BOR_LevelConfig	0	static
stm32f2xx_hal_flash_ex.c:625:16:FLASH_OB_GetUser	0	static
stm32f2xx_hal_flash_ex.c:635:17:FLASH_OB_GetWRP	0	static
stm32f2xx_hal_flash_ex.c:649:16:FLASH_OB_GetRDP	0	static
stm32f2xx_hal_flash_ex.c:677:16:FLASH_OB_GetBOR	0	static
stm32f2xx_hal_flash_ex.c:466:26:FLASH_OB_EnableWRP	8	static
stm32f2xx_hal_flash_ex.c:504:26:FLASH_OB_DisableWRP	8	static
stm32f2xx_hal_flash_ex.c:538:26:FLASH_OB_RDP_LevelConfig	8	static
stm32f2xx_hal_flash_ex.c:572:26:FLASH_OB_UserConfig	16	static
stm32f2xx_hal_flash_ex.c:257:19:HAL_FLASHEx_OBProgram	8	static
stm32f2xx_hal_flash_ex.c:316:6:HAL_FLASHEx_OBGetConfig	8	static
stm32f2xx_hal_flash_ex.c:354:6:FLASH_Erase_Sector	4	static,ignoring_inline_asm
stm32f2xx_hal_flash_ex.c:204:19:HAL_FLASHEx_Erase_IT	8	static
stm32f2xx_hal_flash_ex.c:391:6:FLASH_FlushCaches	0	static
stm32f2xx_hal_flash_ex.c:133:19:HAL_FLASHEx_Erase	24	static
