stm32f2xx_hal_tim.c:6629:13:TIM_OC1_SetConfig	8	static
stm32f2xx_hal_tim.c:6780:13:TIM_OC3_SetConfig	8	static
stm32f2xx_hal_tim.c:6854:13:TIM_OC4_SetConfig	8	static
stm32f2xx_hal_tim.c:7092:13:TIM_TI1_ConfigInputStage	4	static
stm32f2xx_hal_tim.c:7135:13:TIM_TI2_SetConfig	8	static
stm32f2xx_hal_tim.c:7175:13:TIM_TI2_ConfigInputStage	4	static
stm32f2xx_hal_tim.c:7218:13:TIM_TI3_SetConfig	8	static
stm32f2xx_hal_tim.c:7266:13:TIM_TI4_SetConfig	8	static
stm32f2xx_hal_tim.c:7309:13:TIM_ITRx_SetConfig	0	static
stm32f2xx_hal_tim.c:368:13:HAL_TIM_Base_MspInit	0	static
stm32f2xx_hal_tim.c:383:13:HAL_TIM_Base_MspDeInit	0	static
stm32f2xx_hal_tim.c:325:19:HAL_TIM_Base_DeInit	8	static
stm32f2xx_hal_tim.c:399:19:HAL_TIM_Base_Start	0	static
stm32f2xx_hal_tim.c:438:19:HAL_TIM_Base_Stop	0	static
stm32f2xx_hal_tim.c:458:19:HAL_TIM_Base_Start_IT	0	static
stm32f2xx_hal_tim.c:500:19:HAL_TIM_Base_Stop_IT	0	static
stm32f2xx_hal_tim.c:525:19:HAL_TIM_Base_Start_DMA	8	static
stm32f2xx_hal_tim.c:593:19:HAL_TIM_Base_Stop_DMA	8	static
stm32f2xx_hal_tim.c:750:13:HAL_TIM_OC_MspInit	0	static
stm32f2xx_hal_tim.c:765:13:HAL_TIM_OC_MspDeInit	0	static
stm32f2xx_hal_tim.c:707:19:HAL_TIM_OC_DeInit	8	static
stm32f2xx_hal_tim.c:1387:13:HAL_TIM_PWM_MspInit	0	static
stm32f2xx_hal_tim.c:1402:13:HAL_TIM_PWM_MspDeInit	0	static
stm32f2xx_hal_tim.c:1344:19:HAL_TIM_PWM_DeInit	8	static
stm32f2xx_hal_tim.c:2022:13:HAL_TIM_IC_MspInit	0	static
stm32f2xx_hal_tim.c:2037:13:HAL_TIM_IC_MspDeInit	0	static
stm32f2xx_hal_tim.c:1979:19:HAL_TIM_IC_DeInit	8	static
stm32f2xx_hal_tim.c:2655:13:HAL_TIM_OnePulse_MspInit	0	static
stm32f2xx_hal_tim.c:2670:13:HAL_TIM_OnePulse_MspDeInit	0	static
stm32f2xx_hal_tim.c:2610:19:HAL_TIM_OnePulse_DeInit	8	static
stm32f2xx_hal_tim.c:3087:13:HAL_TIM_Encoder_MspInit	0	static
stm32f2xx_hal_tim.c:3102:13:HAL_TIM_Encoder_MspDeInit	0	static
stm32f2xx_hal_tim.c:3042:19:HAL_TIM_Encoder_DeInit	8	static
stm32f2xx_hal_tim.c:4406:19:HAL_TIM_DMABurst_MultiWriteStart	24	static
stm32f2xx_hal_tim.c:4360:19:HAL_TIM_DMABurst_WriteStart	24	static
stm32f2xx_hal_tim.c:4583:19:HAL_TIM_DMABurst_WriteStop	16	static
stm32f2xx_hal_tim.c:4724:19:HAL_TIM_DMABurst_MultiReadStart	24	static
stm32f2xx_hal_tim.c:4678:19:HAL_TIM_DMABurst_ReadStart	24	static
stm32f2xx_hal_tim.c:4902:19:HAL_TIM_DMABurst_ReadStop	16	static
stm32f2xx_hal_tim.c:4979:19:HAL_TIM_GenerateEvent	0	static
stm32f2xx_hal_tim.c:5292:19:HAL_TIM_ConfigTI1Input	0	static
stm32f2xx_hal_tim.c:5407:10:HAL_TIM_ReadCapturedValue	0	static
stm32f2xx_hal_tim.c:5491:13:HAL_TIM_PeriodElapsedCallback	0	static
stm32f2xx_hal_tim.c:6506:13:TIM_DMAPeriodElapsedCplt	8	static
stm32f2xx_hal_tim.c:5506:13:HAL_TIM_PeriodElapsedHalfCpltCallback	0	static
stm32f2xx_hal_tim.c:6527:13:TIM_DMAPeriodElapsedHalfCplt	8	static
stm32f2xx_hal_tim.c:5521:13:HAL_TIM_OC_DelayElapsedCallback	0	static
stm32f2xx_hal_tim.c:5536:13:HAL_TIM_IC_CaptureCallback	0	static
stm32f2xx_hal_tim.c:6404:6:TIM_DMACaptureCplt	8	static
stm32f2xx_hal_tim.c:5551:13:HAL_TIM_IC_CaptureHalfCpltCallback	0	static
stm32f2xx_hal_tim.c:6467:6:TIM_DMACaptureHalfCplt	8	static
stm32f2xx_hal_tim.c:5566:13:HAL_TIM_PWM_PulseFinishedCallback	0	static
stm32f2xx_hal_tim.c:6306:13:TIM_DMADelayPulseCplt	8	static
stm32f2xx_hal_tim.c:5581:13:HAL_TIM_PWM_PulseFinishedHalfCpltCallback	0	static
stm32f2xx_hal_tim.c:6365:6:TIM_DMADelayPulseHalfCplt	8	static
stm32f2xx_hal_tim.c:5596:13:HAL_TIM_TriggerCallback	0	static
stm32f2xx_hal_tim.c:3726:6:HAL_TIM_IRQHandler	8	static
stm32f2xx_hal_tim.c:6543:13:TIM_DMATriggerCplt	8	static
stm32f2xx_hal_tim.c:5611:13:HAL_TIM_TriggerHalfCpltCallback	0	static
stm32f2xx_hal_tim.c:6564:13:TIM_DMATriggerHalfCplt	8	static
stm32f2xx_hal_tim.c:5626:13:HAL_TIM_ErrorCallback	0	static
stm32f2xx_hal_tim.c:6263:6:TIM_DMAError	8	static
stm32f2xx_hal_tim.c:6143:22:HAL_TIM_Base_GetState	0	static
stm32f2xx_hal_tim.c:6153:22:HAL_TIM_OC_GetState	0	static
stm32f2xx_hal_tim.c:6163:22:HAL_TIM_PWM_GetState	0	static
stm32f2xx_hal_tim.c:6173:22:HAL_TIM_IC_GetState	0	static
stm32f2xx_hal_tim.c:6183:22:HAL_TIM_OnePulse_GetState	0	static
stm32f2xx_hal_tim.c:6193:22:HAL_TIM_Encoder_GetState	0	static
stm32f2xx_hal_tim.c:6203:23:HAL_TIM_GetActiveChannel	0	static
stm32f2xx_hal_tim.c:6221:29:HAL_TIM_GetChannelState	0	static
stm32f2xx_hal_tim.c:6238:30:HAL_TIM_DMABurstState	0	static
stm32f2xx_hal_tim.c:6581:6:TIM_Base_SetConfig	0	static
stm32f2xx_hal_tim.c:266:19:HAL_TIM_Base_Init	8	static
stm32f2xx_hal_tim.c:648:19:HAL_TIM_OC_Init	8	static
stm32f2xx_hal_tim.c:1285:19:HAL_TIM_PWM_Init	8	static
stm32f2xx_hal_tim.c:1920:19:HAL_TIM_IC_Init	8	static
stm32f2xx_hal_tim.c:2542:19:HAL_TIM_OnePulse_Init	16	static
stm32f2xx_hal_tim.c:2928:19:HAL_TIM_Encoder_Init	24	static
stm32f2xx_hal_tim.c:6704:6:TIM_OC2_SetConfig	8	static
stm32f2xx_hal_tim.c:3941:19:HAL_TIM_OC_ConfigChannel	8	static
stm32f2xx_hal_tim.c:4110:19:HAL_TIM_PWM_ConfigChannel	16	static
stm32f2xx_hal_tim.c:7045:6:TIM_TI1_SetConfig	12	static
stm32f2xx_hal_tim.c:4017:19:HAL_TIM_IC_ConfigChannel	16	static
stm32f2xx_hal_tim.c:4221:19:HAL_TIM_OnePulse_ConfigChannel	48	static
stm32f2xx_hal_tim.c:7339:6:TIM_ETR_SetConfig	4	static
stm32f2xx_hal_tim.c:5016:19:HAL_TIM_ConfigOCrefClear	16	static
stm32f2xx_hal_tim.c:5140:19:HAL_TIM_ConfigClockSource	8	static
stm32f2xx_hal_tim.c:6914:26:TIM_SlaveTimer_SetConfig	8	static
stm32f2xx_hal_tim.c:5324:19:HAL_TIM_SlaveConfigSynchro	8	static
stm32f2xx_hal_tim.c:5364:19:HAL_TIM_SlaveConfigSynchro_IT	8	static
stm32f2xx_hal_tim.c:7369:6:TIM_CCxChannelCmd	4	static
stm32f2xx_hal_tim.c:786:19:HAL_TIM_OC_Start	8	static
stm32f2xx_hal_tim.c:840:19:HAL_TIM_OC_Stop	16	static
stm32f2xx_hal_tim.c:875:19:HAL_TIM_OC_Start_IT	8	static
stm32f2xx_hal_tim.c:963:19:HAL_TIM_OC_Stop_IT	16	static
stm32f2xx_hal_tim.c:1034:19:HAL_TIM_OC_Start_DMA	16	static
stm32f2xx_hal_tim.c:1188:19:HAL_TIM_OC_Stop_DMA	16	static
stm32f2xx_hal_tim.c:1423:19:HAL_TIM_PWM_Start	8	static
stm32f2xx_hal_tim.c:1477:19:HAL_TIM_PWM_Stop	16	static
stm32f2xx_hal_tim.c:1512:19:HAL_TIM_PWM_Start_IT	8	static
stm32f2xx_hal_tim.c:1599:19:HAL_TIM_PWM_Stop_IT	16	static
stm32f2xx_hal_tim.c:1670:19:HAL_TIM_PWM_Start_DMA	16	static
stm32f2xx_hal_tim.c:1823:19:HAL_TIM_PWM_Stop_DMA	16	static
stm32f2xx_hal_tim.c:2058:19:HAL_TIM_IC_Start	8	static
stm32f2xx_hal_tim.c:2110:19:HAL_TIM_IC_Stop	16	static
stm32f2xx_hal_tim.c:2140:19:HAL_TIM_IC_Start_IT	8	static
stm32f2xx_hal_tim.c:2225:19:HAL_TIM_IC_Stop_IT	16	static
stm32f2xx_hal_tim.c:2291:19:HAL_TIM_IC_Start_DMA	16	static
stm32f2xx_hal_tim.c:2443:19:HAL_TIM_IC_Stop_DMA	16	static
stm32f2xx_hal_tim.c:2689:19:HAL_TIM_OnePulse_Start	8	static
stm32f2xx_hal_tim.c:2745:19:HAL_TIM_OnePulse_Stop	8	static
stm32f2xx_hal_tim.c:2787:19:HAL_TIM_OnePulse_Start_IT	8	static
stm32f2xx_hal_tim.c:2849:19:HAL_TIM_OnePulse_Stop_IT	8	static
stm32f2xx_hal_tim.c:3122:19:HAL_TIM_Encoder_Start	16	static
stm32f2xx_hal_tim.c:3216:19:HAL_TIM_Encoder_Stop	16	static
stm32f2xx_hal_tim.c:3276:19:HAL_TIM_Encoder_Start_IT	16	static
stm32f2xx_hal_tim.c:3376:19:HAL_TIM_Encoder_Stop_IT	16	static
stm32f2xx_hal_tim.c:3441:19:HAL_TIM_Encoder_Start_DMA	24	static
stm32f2xx_hal_tim.c:3649:19:HAL_TIM_Encoder_Stop_DMA	16	static
