stm32f2xx_hal_pcd.c:1811:26:PCD_WriteEmptyTxFifo	40	static
stm32f2xx_hal_pcd.c:274:13:HAL_PCD_MspInit	0	static
stm32f2xx_hal_pcd.c:123:19:HAL_PCD_Init	64	static
stm32f2xx_hal_pcd.c:289:13:HAL_PCD_MspDeInit	0	static
stm32f2xx_hal_pcd.c:235:19:HAL_PCD_DeInit	16	static
stm32f2xx_hal_pcd.c:845:19:HAL_PCD_Start	8	static
stm32f2xx_hal_pcd.c:860:19:HAL_PCD_Stop	8	static
stm32f2xx_hal_pcd.c:1224:6:HAL_PCD_WKUP_IRQHandler	0	static
stm32f2xx_hal_pcd.c:1250:13:HAL_PCD_DataOutStageCallback	0	static
stm32f2xx_hal_pcd.c:1871:26:PCD_EP_OutXfrComplete_int	16	static
stm32f2xx_hal_pcd.c:1267:13:HAL_PCD_DataInStageCallback	0	static
stm32f2xx_hal_pcd.c:1282:13:HAL_PCD_SetupStageCallback	0	static
stm32f2xx_hal_pcd.c:1976:26:PCD_EP_OutSetupPacket_int	16	static
stm32f2xx_hal_pcd.c:1297:13:HAL_PCD_SOFCallback	0	static
stm32f2xx_hal_pcd.c:1312:13:HAL_PCD_ResetCallback	0	static
stm32f2xx_hal_pcd.c:1327:13:HAL_PCD_SuspendCallback	0	static
stm32f2xx_hal_pcd.c:1342:13:HAL_PCD_ResumeCallback	0	static
stm32f2xx_hal_pcd.c:1358:13:HAL_PCD_ISOOUTIncompleteCallback	0	static
stm32f2xx_hal_pcd.c:1375:13:HAL_PCD_ISOINIncompleteCallback	0	static
stm32f2xx_hal_pcd.c:1391:13:HAL_PCD_ConnectCallback	0	static
stm32f2xx_hal_pcd.c:1406:13:HAL_PCD_DisconnectCallback	0	static
stm32f2xx_hal_pcd.c:879:6:HAL_PCD_IRQHandler	40	static
stm32f2xx_hal_pcd.c:1440:19:HAL_PCD_DevConnect	8	static
stm32f2xx_hal_pcd.c:1454:19:HAL_PCD_DevDisconnect	8	static
stm32f2xx_hal_pcd.c:1469:19:HAL_PCD_SetAddress	8	static
stm32f2xx_hal_pcd.c:1486:19:HAL_PCD_EP_Open	24	static
stm32f2xx_hal_pcd.c:1531:19:HAL_PCD_EP_Close	16	static
stm32f2xx_hal_pcd.c:1562:19:HAL_PCD_EP_Receive	16	static
stm32f2xx_hal_pcd.c:1598:10:HAL_PCD_EP_GetRxCount	0	static
stm32f2xx_hal_pcd.c:1610:19:HAL_PCD_EP_Transmit	16	static
stm32f2xx_hal_pcd.c:1646:19:HAL_PCD_EP_SetStall	16	static
stm32f2xx_hal_pcd.c:1689:19:HAL_PCD_EP_ClrStall	8	static
stm32f2xx_hal_pcd.c:1725:19:HAL_PCD_EP_Flush	8	static
stm32f2xx_hal_pcd.c:1748:19:HAL_PCD_ActivateRemoteWakeup	8	static
stm32f2xx_hal_pcd.c:1758:19:HAL_PCD_DeActivateRemoteWakeup	8	static
stm32f2xx_hal_pcd.c:1787:18:HAL_PCD_GetState	0	static
