stm32f2xx_hal_eth.c:2094:13:ETH_MACAddressConfig	0	static
stm32f2xx_hal_eth.c:2201:13:ETH_DMATransmissionEnable	0	static
stm32f2xx_hal_eth.c:2213:13:ETH_DMATransmissionDisable	0	static
stm32f2xx_hal_eth.c:2225:13:ETH_DMAReceptionEnable	0	static
stm32f2xx_hal_eth.c:2237:13:ETH_DMAReceptionDisable	0	static
stm32f2xx_hal_eth.c:2268:13:ETH_Delay	8	static,ignoring_inline_asm
stm32f2xx_hal_eth.c:2121:13:ETH_MACTransmissionEnable	16	static
stm32f2xx_hal_eth.c:2161:13:ETH_MACReceptionEnable	16	static
stm32f2xx_hal_eth.c:2249:13:ETH_FlushTransmitFIFO	24	static
stm32f2xx_hal_eth.c:2181:13:ETH_MACReceptionDisable	16	static
stm32f2xx_hal_eth.c:2141:13:ETH_MACTransmissionDisable	16	static
stm32f2xx_hal_eth.c:1831:13:ETH_MACDMAConfig	136	static
stm32f2xx_hal_eth.c:527:19:HAL_ETH_DMATxDescListInit	16	static
stm32f2xx_hal_eth.c:594:19:HAL_ETH_DMARxDescListInit	16	static
stm32f2xx_hal_eth.c:661:13:HAL_ETH_MspInit	0	static
stm32f2xx_hal_eth.c:676:13:HAL_ETH_MspDeInit	0	static
stm32f2xx_hal_eth.c:491:19:HAL_ETH_DeInit	8	static
stm32f2xx_hal_eth.c:886:19:HAL_ETH_TransmitFrame	8	static
stm32f2xx_hal_eth.c:999:19:HAL_ETH_GetReceivedFrame	0	static
stm32f2xx_hal_eth.c:1079:19:HAL_ETH_GetReceivedFrame_IT	0	static
stm32f2xx_hal_eth.c:1238:13:HAL_ETH_TxCpltCallback	0	static
stm32f2xx_hal_eth.c:1253:13:HAL_ETH_RxCpltCallback	0	static
stm32f2xx_hal_eth.c:1268:13:HAL_ETH_ErrorCallback	0	static
stm32f2xx_hal_eth.c:1164:6:HAL_ETH_IRQHandler	8	static
stm32f2xx_hal_eth.c:1289:19:HAL_ETH_ReadPHYRegister	24	static
stm32f2xx_hal_eth.c:1361:19:HAL_ETH_WritePHYRegister	16	static
stm32f2xx_hal_eth.c:210:19:HAL_ETH_Init	24	static
stm32f2xx_hal_eth.c:1453:19:HAL_ETH_Start	16	static
stm32f2xx_hal_eth.c:1492:19:HAL_ETH_Stop	16	static
stm32f2xx_hal_eth.c:1532:19:HAL_ETH_ConfigMAC	16	static
stm32f2xx_hal_eth.c:1699:19:HAL_ETH_ConfigDMA	24	static
stm32f2xx_hal_eth.c:1806:22:HAL_ETH_GetState	0	static
