core_cm3.h:1499:26:__NVIC_GetPriorityGrouping	4	static
core_cm3.h:1511:22:__NVIC_EnableIRQ	16	static
core_cm3.h:1639:22:__NVIC_SetPriority	16	static
core_cm3.h:1686:26:NVIC_EncodePriority	40	static
stm32f2xx_ll_tim.h:1047:22:LL_TIM_EnableCounter	16	static
stm32f2xx_ll_tim.h:1229:22:LL_TIM_DisableARRPreload	16	static
stm32f2xx_ll_tim.h:2601:22:LL_TIM_SetClockSource	16	static
stm32f2xx_ll_tim.h:2647:22:LL_TIM_SetTriggerOutput	16	static
stm32f2xx_ll_tim.h:2713:22:LL_TIM_DisableMasterSlaveMode	16	static
stm32f2xx_ll_tim.h:3057:22:LL_TIM_ClearFlag_UPDATE	16	static
stm32f2xx_ll_tim.h:3328:22:LL_TIM_EnableIT_UPDATE	16	static
stm32f2xx_ll_bus.h:882:22:LL_APB1_GRP1_EnableClock	24	static
main.c:150:6:HAL_GPIO_EXTI_Callback	16	static
main.c:195:6:CAN_Transmit	16	static
main.c:208:6:HAL_CAN_RxFifo0MsgPendingCallback	16	static
main.c:234:6:Camera_Configuration	16	static
main.c:264:6:UDP_INPUT	8	static
main.c:284:6:DSLR_Action	8	static
main.c:296:6:FLIR_Action	8	static
main.c:302:6:ADC_Print	16	static
main.c:335:7:diameter	24	static
main.c:340:7:rotationForShoot	16	static
main.c:345:5:targetPulseCount	16	static
main.c:351:6:SaveWheelParam	56	static
main.c:385:5:main	72	static
main.c:606:6:SystemClock_Config	80	static
main.c:649:13:MX_ADC1_Init	24	static
main.c:724:13:MX_CAN1_Init	48	static
main.c:787:13:MX_SDIO_SD_Init	4	static
main.c:815:13:MX_SPI2_Init	8	static
main.c:853:13:MX_TIM3_Init	32	static
main.c:894:13:MX_TIM8_Init	56	static
main.c:946:13:MX_USART2_UART_Init	8	static
main.c:979:13:MX_USART3_UART_Init	8	static
main.c:1010:13:MX_DMA_Init	16	static
main.c:1047:13:MX_GPIO_Init	64	static
main.c:1144:6:Error_Handler	4	static
