Component: ARM Compiler 6.14 Tool: armlink [5db06800]

==============================================================================

Section Cross References

    startup_stm32f207xx.o(RESET) refers to startup_stm32f207xx.o(STACK) for __initial_sp
    startup_stm32f207xx.o(RESET) refers to startup_stm32f207xx.o(.text) for Reset_Handler
    startup_stm32f207xx.o(RESET) refers to stm32f2xx_it.o(.text.NMI_Handler) for NMI_Handler
    startup_stm32f207xx.o(RESET) refers to stm32f2xx_it.o(.text.HardFault_Handler) for HardFault_Handler
    startup_stm32f207xx.o(RESET) refers to stm32f2xx_it.o(.text.MemManage_Handler) for MemManage_Handler
    startup_stm32f207xx.o(RESET) refers to stm32f2xx_it.o(.text.BusFault_Handler) for BusFault_Handler
    startup_stm32f207xx.o(RESET) refers to stm32f2xx_it.o(.text.UsageFault_Handler) for UsageFault_Handler
    startup_stm32f207xx.o(RESET) refers to stm32f2xx_it.o(.text.SVC_Handler) for SVC_Handler
    startup_stm32f207xx.o(RESET) refers to stm32f2xx_it.o(.text.DebugMon_Handler) for DebugMon_Handler
    startup_stm32f207xx.o(RESET) refers to stm32f2xx_it.o(.text.PendSV_Handler) for PendSV_Handler
    startup_stm32f207xx.o(RESET) refers to stm32f2xx_it.o(.text.SysTick_Handler) for SysTick_Handler
    startup_stm32f207xx.o(RESET) refers to stm32f2xx_it.o(.text.DMA1_Stream3_IRQHandler) for DMA1_Stream3_IRQHandler
    startup_stm32f207xx.o(RESET) refers to stm32f2xx_it.o(.text.DMA1_Stream4_IRQHandler) for DMA1_Stream4_IRQHandler
    startup_stm32f207xx.o(RESET) refers to stm32f2xx_it.o(.text.DMA1_Stream5_IRQHandler) for DMA1_Stream5_IRQHandler
    startup_stm32f207xx.o(RESET) refers to stm32f2xx_it.o(.text.DMA1_Stream6_IRQHandler) for DMA1_Stream6_IRQHandler
    startup_stm32f207xx.o(RESET) refers to stm32f2xx_it.o(.text.ADC_IRQHandler) for ADC_IRQHandler
    startup_stm32f207xx.o(RESET) refers to stm32f2xx_it.o(.text.CAN1_TX_IRQHandler) for CAN1_TX_IRQHandler
    startup_stm32f207xx.o(RESET) refers to stm32f2xx_it.o(.text.CAN1_RX0_IRQHandler) for CAN1_RX0_IRQHandler
    startup_stm32f207xx.o(RESET) refers to stm32f2xx_it.o(.text.CAN1_RX1_IRQHandler) for CAN1_RX1_IRQHandler
    startup_stm32f207xx.o(RESET) refers to stm32f2xx_it.o(.text.CAN1_SCE_IRQHandler) for CAN1_SCE_IRQHandler
    startup_stm32f207xx.o(RESET) refers to stm32f2xx_it.o(.text.TIM3_IRQHandler) for TIM3_IRQHandler
    startup_stm32f207xx.o(RESET) refers to stm32f2xx_it.o(.text.SPI2_IRQHandler) for SPI2_IRQHandler
    startup_stm32f207xx.o(RESET) refers to stm32f2xx_it.o(.text.USART2_IRQHandler) for USART2_IRQHandler
    startup_stm32f207xx.o(RESET) refers to stm32f2xx_it.o(.text.EXTI15_10_IRQHandler) for EXTI15_10_IRQHandler
    startup_stm32f207xx.o(RESET) refers to stm32f2xx_it.o(.text.SDIO_IRQHandler) for SDIO_IRQHandler
    startup_stm32f207xx.o(RESET) refers to stm32f2xx_it.o(.text.DMA2_Stream0_IRQHandler) for DMA2_Stream0_IRQHandler
    startup_stm32f207xx.o(RESET) refers to stm32f2xx_it.o(.text.DMA2_Stream3_IRQHandler) for DMA2_Stream3_IRQHandler
    startup_stm32f207xx.o(RESET) refers to stm32f2xx_it.o(.text.ETH_IRQHandler) for ETH_IRQHandler
    startup_stm32f207xx.o(RESET) refers to stm32f2xx_it.o(.text.ETH_WKUP_IRQHandler) for ETH_WKUP_IRQHandler
    startup_stm32f207xx.o(RESET) refers to stm32f2xx_it.o(.text.OTG_FS_IRQHandler) for OTG_FS_IRQHandler
    startup_stm32f207xx.o(RESET) refers to stm32f2xx_it.o(.text.DMA2_Stream6_IRQHandler) for DMA2_Stream6_IRQHandler
    startup_stm32f207xx.o(.text) refers to system_stm32f2xx_1.o(.text.SystemInit) for SystemInit
    startup_stm32f207xx.o(.text) refers to entry.o(.ARM.Collect$$$$00000000) for __main
    main.o(.text.HAL_GPIO_EXTI_Callback) refers to stm32f2xx_hal_gpio.o(.text.HAL_GPIO_TogglePin) for HAL_GPIO_TogglePin
    main.o(.text.HAL_GPIO_EXTI_Callback) refers to stm32f2xx_hal_gpio.o(.text.HAL_GPIO_WritePin) for HAL_GPIO_WritePin
    main.o(.text.HAL_GPIO_EXTI_Callback) refers to main.o(.bss..L_MergedGlobals) for [Anonymous Symbol]
    main.o(.ARM.exidx.text.HAL_GPIO_EXTI_Callback) refers to main.o(.text.HAL_GPIO_EXTI_Callback) for [Anonymous Symbol]
    main.o(.text.CAN_Transmit) refers to stm32f2xx_hal_can.o(.text.HAL_CAN_GetTxMailboxesFreeLevel) for HAL_CAN_GetTxMailboxesFreeLevel
    main.o(.text.CAN_Transmit) refers to stm32f2xx_hal_can.o(.text.HAL_CAN_AddTxMessage) for HAL_CAN_AddTxMessage
    main.o(.text.CAN_Transmit) refers to main.o(.bss..L_MergedGlobals.13) for [Anonymous Symbol]
    main.o(.text.CAN_Transmit) refers to main.o(.bss..L_MergedGlobals) for [Anonymous Symbol]
    main.o(.ARM.exidx.text.CAN_Transmit) refers to main.o(.text.CAN_Transmit) for [Anonymous Symbol]
    main.o(.text.HAL_CAN_RxFifo0MsgPendingCallback) refers to stm32f2xx_hal_can.o(.text.HAL_CAN_GetRxMessage) for HAL_CAN_GetRxMessage
    main.o(.text.HAL_CAN_RxFifo0MsgPendingCallback) refers to usbd_cdc_if.o(.text.CDC_Transmit_FS) for CDC_Transmit_FS
    main.o(.text.HAL_CAN_RxFifo0MsgPendingCallback) refers to main.o(.bss..L_MergedGlobals) for [Anonymous Symbol]
[...]
    ip4_route                                0x0800903d   Thumb Code    88  ip4.o(.text.ip4_route)
    ip_reass_tmr                             0x080092c1   Thumb Code    44  ip4_frag.o(.text.ip_reass_tmr)
    lwip_htons                               0x080093c9   Thumb Code     4  def.o(.text.lwip_htons)
    lwip_init                                0x080093cd   Thumb Code    26  init.o(.text.lwip_init)
    main                                     0x080093e9   Thumb Code  1884  main.o(.text.main)
    mem_free                                 0x08009b45   Thumb Code   412  mem.o(.text.mem_free)
    mem_init                                 0x08009ce1   Thumb Code    52  mem.o(.text.mem_init)
    mem_malloc                               0x08009d15   Thumb Code   384  mem.o(.text.mem_malloc)
    mem_trim                                 0x08009e95   Thumb Code   316  mem.o(.text.mem_trim)
    memp_free                                0x08009fd1   Thumb Code    64  memp.o(.text.memp_free)
    memp_init                                0x0800a011   Thumb Code    24  memp.o(.text.memp_init)
    memp_init_pool                           0x0800a029   Thumb Code    38  memp.o(.text.memp_init_pool)
    memp_malloc                              0x0800a051   Thumb Code    84  memp.o(.text.memp_malloc)
    netif_add                                0x0800a0a5   Thumb Code   224  netif.o(.text.netif_add)
    netif_init                               0x0800a185   Thumb Code     2  netif.o(.text.netif_init)
    netif_set_addr                           0x0800a1a1   Thumb Code    72  netif.o(.text.netif_set_addr)
    netif_set_default                        0x0800a1e9   Thumb Code    12  netif.o(.text.netif_set_default)
    netif_set_down                           0x0800a1f5   Thumb Code    26  netif.o(.text.netif_set_down)
    netif_set_ipaddr                         0x0800a211   Thumb Code    60  netif.o(.text.netif_set_ipaddr)
    netif_set_link_callback                  0x0800a24d   Thumb Code     6  netif.o(.text.netif_set_link_callback)
    netif_set_up                             0x0800a253   Thumb Code    28  netif.o(.text.netif_set_up)
    pbuf_alloc                               0x0800a271   Thumb Code   556  pbuf.o(.text.pbuf_alloc)
    pbuf_alloced_custom                      0x0800a49d   Thumb Code   136  pbuf.o(.text.pbuf_alloced_custom)
    pbuf_cat                                 0x0800a525   Thumb Code   224  pbuf.o(.text.pbuf_cat)
    pbuf_chain                               0x0800a605   Thumb Code    18  pbuf.o(.text.pbuf_chain)
    pbuf_clen                                0x0800a617   Thumb Code    14  pbuf.o(.text.pbuf_clen)
    pbuf_copy                                0x0800a625   Thumb Code   396  pbuf.o(.text.pbuf_copy)
    pbuf_free                                0x0800a7b1   Thumb Code   272  pbuf.o(.text.pbuf_free)
    pbuf_header                              0x0800a8c1   Thumb Code     6  pbuf.o(.text.pbuf_header)
    pbuf_header_force                        0x0800a8c7   Thumb Code     6  pbuf.o(.text.pbuf_header_force)
    pbuf_realloc                             0x0800a999   Thumb Code   324  pbuf.o(.text.pbuf_realloc)
    pbuf_ref                                 0x0800aadd   Thumb Code    60  pbuf.o(.text.pbuf_ref)
    sys_check_timeouts                       0x0800ab19   Thumb Code    80  timeouts.o(.text.sys_check_timeouts)
    sys_now                                  0x0800ab69   Thumb Code     4  ethernetif.o(.text.sys_now)
    sys_timeout                              0x0800ab6d   Thumb Code   252  timeouts.o(.text.sys_timeout)
    sys_timeouts_init                        0x0800ac69   Thumb Code    48  timeouts.o(.text.sys_timeouts_init)
    udp_bind                                 0x0800ac99   Thumb Code   176  udp.o(.text.udp_bind)
    udp_connect                              0x0800ad49   Thumb Code    76  udp.o(.text.udp_connect)
    udp_disconnect                           0x0800ad95   Thumb Code    16  udp.o(.text.udp_disconnect)
    udp_echoserver_init                      0x0800ada5   Thumb Code    52  udp_echoserver.o(.text.udp_echoserver_init)
    udp_echoserver_receive_callback          0x0800add9   Thumb Code    76  udp_echoserver.o(.text.udp_echoserver_receive_callback)
    udp_init                                 0x0800ae25   Thumb Code     2  udp.o(.text.udp_init)
    udp_input                                0x0800ae29   Thumb Code   312  udp.o(.text.udp_input)
    udp_netif_ip_addr_changed                0x0800af61   Thumb Code    44  udp.o(.text.udp_netif_ip_addr_changed)
    udp_new                                  0x0800af8d   Thumb Code    28  udp.o(.text.udp_new)
    udp_recv                                 0x0800afa9   Thumb Code     6  udp.o(.text.udp_recv)
    udp_send                                 0x0800afaf   Thumb Code    16  udp.o(.text.udp_send)
    udp_sendto                               0x0800afbf   Thumb Code    46  udp.o(.text.udp_sendto)
    udp_sendto_if                            0x0800afed   Thumb Code    48  udp.o(.text.udp_sendto_if)
    udp_sendto_if_src                        0x0800b01d   Thumb Code   236  udp.o(.text.udp_sendto_if_src)
    __0printf$6                              0x0800b109   Thumb Code    22  printf6.o(i.__0printf$6)
    __1printf$6                              0x0800b109   Thumb Code     0  printf6.o(i.__0printf$6)
    __2printf                                0x0800b109   Thumb Code     0  printf6.o(i.__0printf$6)
    __0sprintf$6                             0x0800b129   Thumb Code    34  printf6.o(i.__0sprintf$6)
    __1sprintf$6                             0x0800b129   Thumb Code     0  printf6.o(i.__0sprintf$6)
    __2sprintf                               0x0800b129   Thumb Code     0  printf6.o(i.__0sprintf$6)
    __aeabi_errno_addr                       0x0800b151   Thumb Code     4  errno.o(i.__aeabi_errno_addr)
    __rt_errno_addr                          0x0800b151   Thumb Code     0  errno.o(i.__aeabi_errno_addr)
    __scatterload_copy                       0x0800b159   Thumb Code    14  handlers.o(i.__scatterload_copy)
    __scatterload_null                       0x0800b167   Thumb Code     2  handlers.o(i.__scatterload_null)
    __scatterload_zeroinit                   0x0800b169   Thumb Code    14  handlers.o(i.__scatterload_zeroinit)
    fputc                                    0x0800b4c5   Thumb Code    18  fputc.o(i.fputc)
    free                                     0x0800b4d9   Thumb Code    76  malloc.o(i.free)
    malloc                                   0x0800b529   Thumb Code    92  malloc.o(i.malloc)
    __ctype_table                            0x0800b594   Data         129  ctype_o.o(.constdata)
    AHBPrescTable                            0x0800b61c   Data          16  system_stm32f2xx_1.o(.rodata.AHBPrescTable)
    APBPrescTable                            0x0800b62c   Data           8  system_stm32f2xx_1.o(.rodata.APBPrescTable)
    SD_Driver                                0x0800b634   Data          20  sd_diskio.o(.rodata.SD_Driver)
    ethbroadcast                             0x0800b648   Data           6  ethernet.o(.rodata.ethbroadcast)
    ethzero                                  0x0800b64e   Data           6  ethernet.o(.rodata.ethzero)
    ip_addr_any                              0x0800b654   Data           4  ip4_addr.o(.rodata.ip_addr_any)
    lwip_cyclic_timers                       0x0800b658   Data          16  timeouts.o(.rodata.lwip_cyclic_timers)
    memp_FRAG_PBUF                           0x0800b668   Data          12  memp.o(.rodata.memp_FRAG_PBUF)
    memp_PBUF                                0x0800b674   Data          12  memp.o(.rodata.memp_PBUF)
    memp_PBUF_POOL                           0x0800b680   Data          12  memp.o(.rodata.memp_PBUF_POOL)
    memp_REASSDATA                           0x0800b68c   Data          12  memp.o(.rodata.memp_REASSDATA)
    memp_SYS_TIMEOUT                         0x0800b698   Data          12  memp.o(.rodata.memp_SYS_TIMEOUT)
    memp_UDP_PCB                             0x0800b6a4   Data          12  memp.o(.rodata.memp_UDP_PCB)
    memp_pools                               0x0800b6b0   Data          24  memp.o(.rodata.memp_pools)
    Region$$Table$$Base                      0x0800bab4   Number         0  anon$$obj.o(Region$$Table)
    Region$$Table$$Limit                     0x0800bad4   Number         0  anon$$obj.o(Region$$Table)
    __stdout                                 0x20000000   Data           4  stdout.o(.data)
    __microlib_freelist                      0x20000004   Data           4  mvars.o(.data)
    __microlib_freelist_initialised          0x20000008   Data           4  mvars.o(.data)
    uwTickFreq                               0x20000010   Data           1  stm32f2xx_hal.o(.data..L_MergedGlobals)
    uwTickPrio                               0x20000014   Data           4  stm32f2xx_hal.o(.data..L_MergedGlobals)
    FS_Desc                                  0x20000018   Data          28  usbd_desc.o(.data.FS_Desc)
    Manual                                   0x20000034   Data         275  usbd_cdc_if.o(.data.Manual)
    SystemCoreClock                          0x20000148   Data           4  system_stm32f2xx_1.o(.data.SystemCoreClock)
    USBD_CDC                                 0x2000014c   Data          56  usbd_cdc.o(.data.USBD_CDC)
    USBD_CDC_CfgFSDesc                       0x20000184   Data          67  usbd_cdc.o(.data.USBD_CDC_CfgFSDesc)
    USBD_CDC_CfgHSDesc                       0x200001c8   Data          67  usbd_cdc.o(.data.USBD_CDC_CfgHSDesc)
    USBD_CDC_OtherSpeedCfgDesc               0x20000218   Data          67  usbd_cdc.o(.data.USBD_CDC_OtherSpeedCfgDesc)
    USBD_FS_DeviceDesc                       0x2000025c   Data          18  usbd_desc.o(.data.USBD_FS_DeviceDesc)
    USBD_Interface_fops_FS                   0x20000270   Data          16  usbd_cdc_if.o(.data.USBD_Interface_fops_FS)
    USBD_LangIDDesc                          0x20000280   Data           4  usbd_desc.o(.data.USBD_LangIDDesc)
    USBD_StringSerial                        0x20000284   Data          26  usbd_desc.o(.data.USBD_StringSerial)
    usbselect                                0x200002a0   Data           4  main.o(.data.usbselect)
    bFlag                                    0x200002a8   Data           1  main.o(.bss..L_MergedGlobals)
    UFlag                                    0x200002a9   Data           1  main.o(.bss..L_MergedGlobals)
    EnterFlag                                0x200002aa   Data           1  main.o(.bss..L_MergedGlobals)
    stbchk0                                  0x200002ab   Data           1  main.o(.bss..L_MergedGlobals)
    stbchk1                                  0x200002ac   Data           1  main.o(.bss..L_MergedGlobals)
    stbchk2                                  0x200002ad   Data           1  main.o(.bss..L_MergedGlobals)
    stbchk3                                  0x200002ae   Data           1  main.o(.bss..L_MergedGlobals)
    setcdsvalue                              0x200002af   Data           1  main.o(.bss..L_MergedGlobals)
    A_PLS_CNT                                0x200002b0   Data           2  main.o(.bss..L_MergedGlobals)
    stb0                                     0x200002b2   Data           2  main.o(.bss..L_MergedGlobals)
    stb1                                     0x200002b4   Data           2  main.o(.bss..L_MergedGlobals)
    stb2                                     0x200002b6   Data           2  main.o(.bss..L_MergedGlobals)
    stb3                                     0x200002b8   Data           2  main.o(.bss..L_MergedGlobals)
    stb_all                                  0x200002ba   Data           2  main.o(.bss..L_MergedGlobals)
    TxMailBox                                0x200002bc   Data           4  main.o(.bss..L_MergedGlobals)
    TxData                                   0x200002c0   Data           8  main.o(.bss..L_MergedGlobals)
    RxData                                   0x200002c8   Data           8  main.o(.bss..L_MergedGlobals)
    adcValue                                 0x200002d0   Data          16  main.o(.bss..L_MergedGlobals)
    TxHeader                                 0x200002e0   Data          24  main.o(.bss..L_MergedGlobals)
    RxHeader                                 0x200002f8   Data          28  main.o(.bss..L_MergedGlobals)
    udp_data                                 0x20000314   Data           1  udp_echoserver.o(.bss..L_MergedGlobals)
    udp_flag                                 0x20000315   Data           1  udp_echoserver.o(.bss..L_MergedGlobals)
    retSD                                    0x20000316   Data           1  fatfs.o(.bss..L_MergedGlobals)
    SDPath                                   0x20000317   Data           4  fatfs.o(.bss..L_MergedGlobals)
    EthernetLinkTimer                        0x2000031c   Data           4  ethernetif.o(.bss..L_MergedGlobals)
    heth                                     0x20000320   Data          72  ethernetif.o(.bss..L_MergedGlobals)
    IP_ADDRESS                               0x20000368   Data           4  lwip.o(.bss..L_MergedGlobals)
    NETMASK_ADDRESS                          0x2000036c   Data           4  lwip.o(.bss..L_MergedGlobals)
    GATEWAY_ADDRESS                          0x20000370   Data           4  lwip.o(.bss..L_MergedGlobals)
    ipaddr                                   0x20000374   Data           4  lwip.o(.bss..L_MergedGlobals)
    netmask                                  0x20000378   Data           4  lwip.o(.bss..L_MergedGlobals)
    gw                                       0x2000037c   Data           4  lwip.o(.bss..L_MergedGlobals)
    gnetif                                   0x20000380   Data          52  lwip.o(.bss..L_MergedGlobals)
    netif_list                               0x200003c4   Data           4  netif.o(.bss..L_MergedGlobals)
    netif_default                            0x200003c8   Data           4  netif.o(.bss..L_MergedGlobals)
    hcan1                                    0x200003dc   Data          40  main.o(.bss..L_MergedGlobals.13)
    htim8                                    0x20000404   Data          64  main.o(.bss..L_MergedGlobals.13)
    B_PLS_CNT                                0x20000444   Data           2  main.o(.bss.B_PLS_CNT)
    DMARxDscrTab                             0x20000448   Data         128  ethernetif.o(.bss.DMARxDscrTab)
    DMATxDscrTab                             0x200004c8   Data         128  ethernetif.o(.bss.DMATxDscrTab)
    Rx_Buff                                  0x20000548   Data        6096  ethernetif.o(.bss.Rx_Buff)
    Tx_Buff                                  0x20001d18   Data        6096  ethernetif.o(.bss.Tx_Buff)
    URxbuf                                   0x200034e8   Data         200  usbd_cdc_if.o(.bss.URxbuf)
    USBD_StrDesc                             0x200035b4   Data         512  usbd_desc.o(.bss.USBD_StrDesc)
    UTxbuf                                   0x200037b4   Data         300  main.o(.bss.UTxbuf)
    UserRxBufferFS                           0x200038e0   Data         300  usbd_cdc_if.o(.bss.UserRxBufferFS)
    UserTxBufferFS                           0x20003a0c   Data         300  usbd_cdc_if.o(.bss.UserTxBufferFS)
    buf                                      0x20003c28   Data         130  main.o(.bss.buf)
    bufptr                                   0x20003cac   Data           4  usbd_cdc_if.o(.bss.bufptr)
    disk                                     0x20003cb0   Data          12  ff_gen_drv.o(.bss.disk)
    hUsbDeviceFS                             0x20003cc0   Data         708  usb_device.o(.bss.hUsbDeviceFS)
    hadc1                                    0x20003f84   Data          72  main.o(.bss.hadc1)
    hdma_adc1                                0x20003fcc   Data          96  main.o(.bss.hdma_adc1)
    hdma_sdio_rx                             0x2000402c   Data          96  main.o(.bss.hdma_sdio_rx)
    hdma_sdio_tx                             0x2000408c   Data          96  main.o(.bss.hdma_sdio_tx)
    hdma_spi2_rx                             0x200040ec   Data          96  main.o(.bss.hdma_spi2_rx)
    hdma_spi2_tx                             0x2000414c   Data          96  main.o(.bss.hdma_spi2_tx)
    hdma_usart2_rx                           0x200041ac   Data          96  main.o(.bss.hdma_usart2_rx)
    hdma_usart2_tx                           0x2000420c   Data          96  main.o(.bss.hdma_usart2_tx)
    hpcd_USB_OTG_FS                          0x2000426c   Data        1024  usbd_conf.o(.bss.hpcd_USB_OTG_FS)
    hsd                                      0x2000466c   Data         132  main.o(.bss.hsd)
    hspi2                                    0x200046f0   Data          88  main.o(.bss.hspi2)
    huart2                                   0x20004748   Data          64  main.o(.bss.huart2)
    huart3                                   0x20004788   Data          64  main.o(.bss.huart3)
    ip_data                                  0x200047c8   Data          24  ip.o(.bss.ip_data)
    memp_memory_FRAG_PBUF_base               0x200047e2   Data         363  memp.o(.bss.memp_memory_FRAG_PBUF_base)
    memp_memory_PBUF_POOL_base               0x2000494d   Data        9731  memp.o(.bss.memp_memory_PBUF_POOL_base)
    memp_memory_PBUF_base                    0x20006f50   Data         259  memp.o(.bss.memp_memory_PBUF_base)
    memp_memory_REASSDATA_base               0x20007053   Data         163  memp.o(.bss.memp_memory_REASSDATA_base)
    memp_memory_SYS_TIMEOUT_base             0x200070f6   Data          35  memp.o(.bss.memp_memory_SYS_TIMEOUT_base)
    memp_memory_UDP_PCB_base                 0x20007119   Data         131  memp.o(.bss.memp_memory_UDP_PCB_base)
    pFlash                                   0x200071b4   Data          32  stm32f2xx_hal_flash.o(.bss.pFlash)
    ram_heap                                 0x200071d4   Data        1619  mem.o(.bss.ram_heap)
    udpIntput                                0x20007827   Data           1  main.o(.bss.udpIntput)
    udp_pcbs                                 0x20007828   Data           4  udp.o(.bss.udp_pcbs)
    uwTick                                   0x2000782c   Data           4  stm32f2xx_hal.o(.bss.uwTick)
    __heap_base                              0x20007830   Data           0  startup_stm32f207xx.o(HEAP)
    __heap_limit                             0x20007c30   Data           0  startup_stm32f207xx.o(HEAP)
    __initial_sp                             0x20008030   Data           0  startup_stm32f207xx.o(STACK)



==============================================================================

Memory Map of the image

  Image Entry point : 0x08000185

  Load Region LR_IROM1 (Base: 0x08000000, Size: 0x0000bd80, Max: 0x00100000, ABSOLUTE, COMPRESSED[0x0000bc70])

    Execution Region ER_IROM1 (Exec base: 0x08000000, Load base: 0x08000000, Size: 0x0000bad4, Max: 0x00100000, ABSOLUTE)

    Exec Addr    Load Addr    Size         Type   Attr      Idx    E Section Name        Object

    0x08000000   0x08000000   0x00000184   Data   RO            3    RESET               startup_stm32f207xx.o
    0x08000184   0x08000184   0x00000000   Code   RO         2923  * .ARM.Collect$$$$00000000  mc_w.l(entry.o)
    0x08000184   0x08000184   0x00000004   Code   RO         3245    .ARM.Collect$$$$00000001  mc_w.l(entry2.o)
    0x08000188   0x08000188   0x00000004   Code   RO         3248    .ARM.Collect$$$$00000004  mc_w.l(entry5.o)
    0x0800018c   0x0800018c   0x00000000   Code   RO         3250    .ARM.Collect$$$$00000008  mc_w.l(entry7b.o)
    0x0800018c   0x0800018c   0x00000000   Code   RO         3252    .ARM.Collect$$$$0000000A  mc_w.l(entry8b.o)
    0x0800018c   0x0800018c   0x00000008   Code   RO         3253    .ARM.Collect$$$$0000000B  mc_w.l(entry9a.o)
    0x08000194   0x08000194   0x00000000   Code   RO         3255    .ARM.Collect$$$$0000000D  mc_w.l(entry10a.o)
    0x08000194   0x08000194   0x00000000   Code   RO         3257    .ARM.Collect$$$$0000000F  mc_w.l(entry11a.o)
    0x08000194   0x08000194   0x00000004   Code   RO         3246    .ARM.Collect$$$$00002712  mc_w.l(entry2.o)
    0x08000198   0x08000198   0x00000024   Code   RO            4    .text               startup_stm32f207xx.o
    0x080001bc   0x080001bc   0x00000062   Code   RO         2926    .text               mc_w.l(uldiv.o)
    0x0800021e   0x0800021e   0x00000024   Code   RO         2928    .text               mc_w.l(memcpya.o)
    0x08000242   0x08000242   0x00000024   Code   RO         2930    .text               mc_w.l(memseta.o)
    0x08000266   0x08000266   0x0000000e   Code   RO         2932    .text               mc_w.l(strlen.o)
    0x08000274   0x08000274   0x0000001a   Code   RO         2934    .text               mc_w.l(memcmp.o)
    0x0800028e   0x0800028e   0x0000001e   Code   RO         2936    .text               mc_w.l(strncmp.o)
    0x080002ac   0x080002ac   0x0000001a   Code   RO         3229    .text               mc_w.l(atoi.o)
    0x080002c6   0x080002c6   0x0000002c   Code   RO         3264    .text               mc_w.l(uidiv.o)
    0x080002f2   0x080002f2   0x0000001e   Code   RO         3266    .text               mc_w.l(llshl.o)
    0x08000310   0x08000310   0x00000020   Code   RO         3268    .text               mc_w.l(llushr.o)
    0x08000330   0x08000330   0x00000070   Code   RO         3279    .text               mc_w.l(strtol.o)
    0x080003a0   0x080003a0   0x00000024   Code   RO         3294    .text               mc_w.l(init.o)
    0x080003c4   0x080003c4   0x00000000   Code   RO         3296    .text               mc_w.l(semi.o)
    0x080003c4   0x080003c4   0x00000008   Code   RO         3299    .text               mc_w.l(ctype_o.o)
    0x080003cc   0x080003cc   0x0000009e   Code   RO         3327    .text               mc_w.l(_strtoul.o)
    0x0800046a   0x0800046a   0x00000000   Code   RO         3329    .text               mc_w.l(iusesemip.o)
    0x0800046a   0x0800046a   0x0000001c   Code   RO         3330    .text               mc_w.l(_chval.o)
    0x08000486   0x08000486   0x00000056   Code   RO         3340    .text               mc_w.l(__dczerorl2.o)
    0x080004dc   0x080004dc   0x00000068   Code   RO         1180    .text.ADC_DMAConvCplt  stm32f2xx_hal_adc.o
    0x08000544   0x08000544   0x00000012   Code   RO         1184    .text.ADC_DMAError  stm32f2xx_hal_adc.o
    0x08000556   0x08000556   0x00000006   Code   RO         1182    .text.ADC_DMAHalfConvCplt  stm32f2xx_hal_adc.o
    0x0800055c   0x0800055c   0x00000008   Code   RO          102    .text.ADC_IRQHandler  stm32f2xx_it.o
    0x08000564   0x08000564   0x00000070   Code   RO           25    .text.ADC_Print     main.o
    0x080005d4   0x080005d4   0x00000018   Code   RO          230    .text.BSP_PlatformIsDetected  fatfs_platform.o
    0x080005ec   0x080005ec   0x00000002   Code   RO          212    .text.BSP_SD_AbortCallback  bsp_driver_sd.o
    0x080005ee   0x080005ee   0x00000002   PAD
    0x080005f0   0x080005f0   0x00000008   Code   RO          208    .text.BSP_SD_GetCardInfo  bsp_driver_sd.o
    0x080005f8   0x080005f8   0x00000010   Code   RO          206    .text.BSP_SD_GetCardState  bsp_driver_sd.o
    0x08000608   0x08000608   0x0000002c   Code   RO          188    .text.BSP_SD_Init   bsp_driver_sd.o
    0x08000634   0x08000634   0x0000001a   Code   RO          190    .text.BSP_SD_IsDetected  bsp_driver_sd.o
    0x0800064e   0x0800064e   0x00000002   PAD
    0x08000650   0x08000650   0x0000001c   Code   RO          196    .text.BSP_SD_ReadBlocks  bsp_driver_sd.o
    0x0800066c   0x0800066c   0x00000002   Code   RO          220    .text.BSP_SD_ReadCpltCallback  bsp_driver_sd.o
    0x0800066e   0x0800066e   0x00000002   PAD
    0x08000670   0x08000670   0x00000020   Code   RO          198    .text.BSP_SD_WriteBlocks  bsp_driver_sd.o
    0x08000690   0x08000690   0x00000002   Code   RO          216    .text.BSP_SD_WriteCpltCallback  bsp_driver_sd.o
    0x08000692   0x08000692   0x00000002   Code   RO           82    .text.BusFault_Handler  stm32f2xx_it.o
    0x08000694   0x08000694   0x00000008   Code   RO          106    .text.CAN1_RX0_IRQHandler  stm32f2xx_it.o
    0x0800069c   0x0800069c   0x00000008   Code   RO          108    .text.CAN1_RX1_IRQHandler  stm32f2xx_it.o
    0x080006a4   0x080006a4   0x00000008   Code   RO          110    .text.CAN1_SCE_IRQHandler  stm32f2xx_it.o
    0x080006ac   0x080006ac   0x0000000c   Code   RO          104    .text.CAN1_TX_IRQHandler  stm32f2xx_it.o
    0x080006b8   0x080006b8   0x00000030   Code   RO           13    .text.CAN_Transmit  main.o
    0x080006e8   0x080006e8   0x00000004   Code   RO          295    .text.CDC_Control_FS  usbd_cdc_if.o
    0x080006ec   0x080006ec   0x00000004   Code   RO          293    .text.CDC_DeInit_FS  usbd_cdc_if.o
    0x080006f0   0x080006f0   0x00000024   Code   RO          291    .text.CDC_Init_FS   usbd_cdc_if.o
    0x08000714   0x08000714   0x0000041c   Code   RO          297    .text.CDC_Receive_FS  usbd_cdc_if.o
    0x08000b30   0x08000b30   0x0000002c   Code   RO          299    .text.CDC_Transmit_FS  usbd_cdc_if.o
    0x08000b5c   0x08000b5c   0x00000058   Code   RO           17    .text.Camera_Configuration  main.o
    0x08000bb4   0x08000bb4   0x0000000c   Code   RO           94    .text.DMA1_Stream3_IRQHandler  stm32f2xx_it.o
    0x08000bc0   0x08000bc0   0x0000000c   Code   RO           96    .text.DMA1_Stream4_IRQHandler  stm32f2xx_it.o
    0x08000bcc   0x08000bcc   0x0000000c   Code   RO           98    .text.DMA1_Stream5_IRQHandler  stm32f2xx_it.o
    0x08000bd8   0x08000bd8   0x0000000c   Code   RO          100    .text.DMA1_Stream6_IRQHandler  stm32f2xx_it.o
    0x08000be4   0x08000be4   0x0000000c   Code   RO          122    .text.DMA2_Stream0_IRQHandler  stm32f2xx_it.o
    0x08000bf0   0x08000bf0   0x0000000c   Code   RO          124    .text.DMA2_Stream3_IRQHandler  stm32f2xx_it.o
    0x08000bfc   0x08000bfc   0x0000000c   Code   RO          132    .text.DMA2_Stream6_IRQHandler  stm32f2xx_it.o
    0x08000c08   0x08000c08   0x00000030   Code   RO          815    .text.DMA_CalcBaseAndBitshift  stm32f2xx_hal_dma.o
    0x08000c38   0x08000c38   0x00000022   Code   RO          821    .text.DMA_SetConfig  stm32f2xx_hal_dma.o
    0x08000c5a   0x08000c5a   0x00000002   Code   RO           88    .text.DebugMon_Handler  stm32f2xx_it.o
    0x08000c5c   0x08000c5c   0x00000024   Code   RO          496    .text.ETH_Delay     stm32f2xx_hal_eth.o
    0x08000c80   0x08000c80   0x00000026   Code   RO          486    .text.ETH_FlushTransmitFIFO  stm32f2xx_hal_eth.o
    0x08000ca6   0x08000ca6   0x00000002   PAD
    0x08000ca8   0x08000ca8   0x00000008   Code   RO          126    .text.ETH_IRQHandler  stm32f2xx_it.o
    0x08000cb0   0x08000cb0   0x000000e8   Code   RO          458    .text.ETH_MACDMAConfig  stm32f2xx_hal_eth.o
    0x08000d98   0x08000d98   0x0000000c   Code   RO          128    .text.ETH_WKUP_IRQHandler  stm32f2xx_it.o
    0x08000da4   0x08000da4   0x0000002c   Code   RO          118    .text.EXTI15_10_IRQHandler  stm32f2xx_it.o
    0x08000dd0   0x08000dd0   0x00000002   Code   RO           39    .text.Error_Handler  main.o
    0x08000dd2   0x08000dd2   0x00000006   Code   RO         2244    .text.FATFS_LinkDriver  ff_gen_drv.o
    0x08000dd8   0x08000dd8   0x00000040   Code   RO         2242    .text.FATFS_LinkDriverEx  ff_gen_drv.o
    0x08000e18   0x08000e18   0x00000038   Code   RO          713    .text.FLASH_Erase_Sector  stm32f2xx_hal_flash_ex.o
    0x08000e50   0x08000e50   0x00000054   Code   RO          715    .text.FLASH_FlushCaches  stm32f2xx_hal_flash_ex.o
    0x08000ea4   0x08000ea4   0x00000020   Code   RO          711    .text.FLASH_MassErase  stm32f2xx_hal_flash_ex.o
    0x08000ec4   0x08000ec4   0x0000001c   Code   RO          670    .text.FLASH_Program_Byte  stm32f2xx_hal_flash.o
    0x08000ee0   0x08000ee0   0x00000028   Code   RO          676    .text.FLASH_Program_DoubleWord  stm32f2xx_hal_flash.o
    0x08000f08   0x08000f08   0x00000020   Code   RO          672    .text.FLASH_Program_HalfWord  stm32f2xx_hal_flash.o
    0x08000f28   0x08000f28   0x00000024   Code   RO          674    .text.FLASH_Program_Word  stm32f2xx_hal_flash.o
    0x08000f4c   0x08000f4c   0x00000068   Code   RO          682    .text.FLASH_SetErrorCode  stm32f2xx_hal_flash.o
    0x08000fb4   0x08000fb4   0x00000054   Code   RO          668    .text.FLASH_WaitForLastOperation  stm32f2xx_hal_flash.o
    0x08001008   0x08001008   0x00000024   Code   RO           23    .text.FLIR_Action   main.o
    0x0800102c   0x0800102c   0x00000002   Code   RO         1232    .text.HAL_ADCEx_InjectedConvCpltCallback  stm32f2xx_hal_adc_ex.o
    0x0800102e   0x0800102e   0x00000002   PAD
    0x08001030   0x08001030   0x000000ec   Code   RO         1192    .text.HAL_ADC_ConfigChannel  stm32f2xx_hal_adc.o
    0x0800111c   0x0800111c   0x00000002   Code   RO         1172    .text.HAL_ADC_ConvCpltCallback  stm32f2xx_hal_adc.o
    0x0800111e   0x0800111e   0x00000002   Code   RO         1190    .text.HAL_ADC_ConvHalfCpltCallback  stm32f2xx_hal_adc.o
    0x08001120   0x08001120   0x00000002   Code   RO         1176    .text.HAL_ADC_ErrorCallback  stm32f2xx_hal_adc.o
    0x08001122   0x08001122   0x0000013a   Code   RO         1170    .text.HAL_ADC_IRQHandler  stm32f2xx_hal_adc.o
    0x0800125c   0x0800125c   0x00000140   Code   RO         1150    .text.HAL_ADC_Init  stm32f2xx_hal_adc.o
    0x0800139c   0x0800139c   0x00000002   Code   RO         1174    .text.HAL_ADC_LevelOutOfWindowCallback  stm32f2xx_hal_adc.o
    0x0800139e   0x0800139e   0x00000002   PAD
    0x080013a0   0x080013a0   0x000000b0   Code   RO          143    .text.HAL_ADC_MspInit  stm32f2xx_hal_msp.o
    0x08001450   0x08001450   0x000000fc   Code   RO         1178    .text.HAL_ADC_Start_DMA  stm32f2xx_hal_adc.o
    0x0800154c   0x0800154c   0x00000056   Code   RO         1186    .text.HAL_ADC_Stop_DMA  stm32f2xx_hal_adc.o
    0x080015a2   0x080015a2   0x00000026   Code   RO         1280    .text.HAL_CAN_ActivateNotification  stm32f2xx_hal_can.o
    0x080015c8   0x080015c8   0x00000098   Code   RO         1266    .text.HAL_CAN_AddTxMessage  stm32f2xx_hal_can.o
    0x08001660   0x08001660   0x000000d4   Code   RO         1256    .text.HAL_CAN_ConfigFilter  stm32f2xx_hal_can.o
    0x08001734   0x08001734   0x00000002   Code   RO         1310    .text.HAL_CAN_ErrorCallback  stm32f2xx_hal_can.o
    0x08001736   0x08001736   0x00000104   Code   RO         1276    .text.HAL_CAN_GetRxMessage  stm32f2xx_hal_can.o
    0x0800183a   0x0800183a   0x00000028   Code   RO         1270    .text.HAL_CAN_GetTxMailboxesFreeLevel  stm32f2xx_hal_can.o
    0x08001862   0x08001862   0x00000002   PAD
    0x08001864   0x08001864   0x000001f8   Code   RO         1284    .text.HAL_CAN_IRQHandler  stm32f2xx_hal_can.o
    0x08001a5c   0x08001a5c   0x000000f0   Code   RO         1246    .text.HAL_CAN_Init  stm32f2xx_hal_can.o
    0x08001b4c   0x08001b4c   0x000000a8   Code   RO          147    .text.HAL_CAN_MspInit  stm32f2xx_hal_msp.o
    0x08001bf4   0x08001bf4   0x00000002   Code   RO         1298    .text.HAL_CAN_RxFifo0FullCallback  stm32f2xx_hal_can.o
    0x08001bf6   0x08001bf6   0x00000002   PAD
    0x08001bf8   0x08001bf8   0x0000006c   Code   RO           15    .text.HAL_CAN_RxFifo0MsgPendingCallback  main.o
    0x08001c64   0x08001c64   0x00000002   Code   RO         1302    .text.HAL_CAN_RxFifo1FullCallback  stm32f2xx_hal_can.o
    0x08001c66   0x08001c66   0x00000002   Code   RO         1304    .text.HAL_CAN_RxFifo1MsgPendingCallback  stm32f2xx_hal_can.o
    0x08001c68   0x08001c68   0x00000002   Code   RO         1306    .text.HAL_CAN_SleepCallback  stm32f2xx_hal_can.o
    0x08001c6a   0x08001c6a   0x00000056   Code   RO         1258    .text.HAL_CAN_Start  stm32f2xx_hal_can.o
    0x08001cc0   0x08001cc0   0x00000002   Code   RO         1288    .text.HAL_CAN_TxMailbox0AbortCallback  stm32f2xx_hal_can.o
    0x08001cc2   0x08001cc2   0x00000002   Code   RO         1286    .text.HAL_CAN_TxMailbox0CompleteCallback  stm32f2xx_hal_can.o
    0x08001cc4   0x08001cc4   0x00000002   Code   RO         1292    .text.HAL_CAN_TxMailbox1AbortCallback  stm32f2xx_hal_can.o
    0x08001cc6   0x08001cc6   0x00000002   Code   RO         1290    .text.HAL_CAN_TxMailbox1CompleteCallback  stm32f2xx_hal_can.o
    0x08001cc8   0x08001cc8   0x00000002   Code   RO         1296    .text.HAL_CAN_TxMailbox2AbortCallback  stm32f2xx_hal_can.o
    0x08001cca   0x08001cca   0x00000002   Code   RO         1294    .text.HAL_CAN_TxMailbox2CompleteCallback  stm32f2xx_hal_can.o
    0x08001ccc   0x08001ccc   0x00000002   Code   RO         1308    .text.HAL_CAN_WakeUpFromRxMsgCallback  stm32f2xx_hal_can.o
    0x08001cce   0x08001cce   0x0000008a   Code   RO          825    .text.HAL_DMA_Abort  stm32f2xx_hal_dma.o
    0x08001d58   0x08001d58   0x00000024   Code   RO          827    .text.HAL_DMA_Abort_IT  stm32f2xx_hal_dma.o
    0x08001d7c   0x08001d7c   0x00000170   Code   RO          831    .text.HAL_DMA_IRQHandler  stm32f2xx_hal_dma.o
    0x08001eec   0x08001eec   0x00000118   Code   RO          813    .text.HAL_DMA_Init  stm32f2xx_hal_dma.o
    0x08002004   0x08002004   0x00000140   Code   RO          829    .text.HAL_DMA_PollForTransfer  stm32f2xx_hal_dma.o
    0x08002144   0x08002144   0x00000062   Code   RO          823    .text.HAL_DMA_Start_IT  stm32f2xx_hal_dma.o
    0x080021a6   0x080021a6   0x00000002   PAD
    0x080021a8   0x080021a8   0x00000028   Code   RO          526    .text.HAL_Delay     stm32f2xx_hal.o
    0x080021d0   0x080021d0   0x00000118   Code   RO          490    .text.HAL_ETH_ConfigMAC  stm32f2xx_hal_eth.o
    0x080022e8   0x080022e8   0x0000006c   Code   RO          468    .text.HAL_ETH_DMARxDescListInit  stm32f2xx_hal_eth.o
    0x08002354   0x08002354   0x00000070   Code   RO          466    .text.HAL_ETH_DMATxDescListInit  stm32f2xx_hal_eth.o
    0x080023c4   0x080023c4   0x00000002   Code   RO          482    .text.HAL_ETH_ErrorCallback  stm32f2xx_hal_eth.o
    0x080023c6   0x080023c6   0x0000007c   Code   RO          472    .text.HAL_ETH_GetReceivedFrame  stm32f2xx_hal_eth.o
    0x08002442   0x08002442   0x0000006a   Code   RO          476    .text.HAL_ETH_IRQHandler  stm32f2xx_hal_eth.o
    0x080024ac   0x080024ac   0x000001d8   Code   RO          452    .text.HAL_ETH_Init  stm32f2xx_hal_eth.o
    0x08002684   0x08002684   0x00000148   Code   RO          383    .text.HAL_ETH_MspInit  ethernetif.o
    0x080027cc   0x080027cc   0x00000070   Code   RO          460    .text.HAL_ETH_ReadPHYRegister  stm32f2xx_hal_eth.o
    0x0800283c   0x0800283c   0x00000002   Code   RO          478    .text.HAL_ETH_RxCpltCallback  stm32f2xx_hal_eth.o
    0x0800283e   0x0800283e   0x00000074   Code   RO          484    .text.HAL_ETH_Start  stm32f2xx_hal_eth.o
    0x080028b2   0x080028b2   0x00000074   Code   RO          488    .text.HAL_ETH_Stop  stm32f2xx_hal_eth.o
    0x08002926   0x08002926   0x00000002   PAD
    0x08002928   0x08002928   0x000000e0   Code   RO          470    .text.HAL_ETH_TransmitFrame  stm32f2xx_hal_eth.o
    0x08002a08   0x08002a08   0x00000002   Code   RO          480    .text.HAL_ETH_TxCpltCallback  stm32f2xx_hal_eth.o
    0x08002a0a   0x08002a0a   0x0000006a   Code   RO          456    .text.HAL_ETH_WritePHYRegister  stm32f2xx_hal_eth.o
    0x08002a74   0x08002a74   0x0000009c   Code   RO          709    .text.HAL_FLASHEx_Erase  stm32f2xx_hal_flash_ex.o
    0x08002b10   0x08002b10   0x00000010   Code   RO          690    .text.HAL_FLASH_Lock  stm32f2xx_hal_flash.o
    0x08002b20   0x08002b20   0x00000084   Code   RO          666    .text.HAL_FLASH_Program  stm32f2xx_hal_flash.o
    0x08002ba4   0x08002ba4   0x00000028   Code   RO          688    .text.HAL_FLASH_Unlock  stm32f2xx_hal_flash.o
    0x08002bcc   0x08002bcc   0x0000006c   Code   RO           11    .text.HAL_GPIO_EXTI_Callback  main.o
    0x08002c38   0x08002c38   0x00000014   Code   RO          801    .text.HAL_GPIO_EXTI_IRQHandler  stm32f2xx_hal_gpio.o
    0x08002c4c   0x08002c4c   0x00000184   Code   RO          789    .text.HAL_GPIO_Init  stm32f2xx_hal_gpio.o
    0x08002dd0   0x08002dd0   0x0000000a   Code   RO          793    .text.HAL_GPIO_ReadPin  stm32f2xx_hal_gpio.o
    0x08002dda   0x08002dda   0x0000000c   Code   RO          797    .text.HAL_GPIO_TogglePin  stm32f2xx_hal_gpio.o
    0x08002de6   0x08002de6   0x0000000a   Code   RO          795    .text.HAL_GPIO_WritePin  stm32f2xx_hal_gpio.o
    0x08002df0   0x08002df0   0x00000008   Code   RO          518    .text.HAL_GetTick   stm32f2xx_hal.o
    0x08002df8   0x08002df8   0x00000014   Code   RO          516    .text.HAL_IncTick   stm32f2xx_hal.o
    0x08002e0c   0x08002e0c   0x00000034   Code   RO          506    .text.HAL_Init      stm32f2xx_hal.o
    0x08002e40   0x08002e40   0x00000040   Code   RO          508    .text.HAL_InitTick  stm32f2xx_hal.o
    0x08002e80   0x08002e80   0x00000074   Code   RO          141    .text.HAL_MspInit   stm32f2xx_hal_msp.o
    0x08002ef4   0x08002ef4   0x0000001c   Code   RO          624    .text.HAL_NVIC_EnableIRQ  stm32f2xx_hal_cortex.o
    0x08002f10   0x08002f10   0x00000038   Code   RO          620    .text.HAL_NVIC_SetPriority  stm32f2xx_hal_cortex.o
    0x08002f48   0x08002f48   0x00000020   Code   RO          618    .text.HAL_NVIC_SetPriorityGrouping  stm32f2xx_hal_cortex.o
    0x08002f68   0x08002f68   0x00000008   Code   RO          959    .text.HAL_PCDEx_SetRxFiFo  stm32f2xx_hal_pcd_ex.o
    0x08002f70   0x08002f70   0x00000040   Code   RO          957    .text.HAL_PCDEx_SetTxFiFo  stm32f2xx_hal_pcd_ex.o
    0x08002fb0   0x08002fb0   0x00000008   Code   RO          338    .text.HAL_PCD_ConnectCallback  usbd_conf.o
    0x08002fb8   0x08002fb8   0x00000012   Code   RO          324    .text.HAL_PCD_DataInStageCallback  usbd_conf.o
    0x08002fca   0x08002fca   0x00000014   Code   RO          322    .text.HAL_PCD_DataOutStageCallback  usbd_conf.o
    0x08002fde   0x08002fde   0x00000008   Code   RO          340    .text.HAL_PCD_DisconnectCallback  usbd_conf.o
    0x08002fe6   0x08002fe6   0x0000004a   Code   RO         1017    .text.HAL_PCD_EP_Close  stm32f2xx_hal_pcd.o
    0x08003030   0x08003030   0x0000005a   Code   RO         1027    .text.HAL_PCD_EP_ClrStall  stm32f2xx_hal_pcd.o
    0x0800308a   0x0800308a   0x00000012   Code   RO         1021    .text.HAL_PCD_EP_GetRxCount  stm32f2xx_hal_pcd.o
    0x0800309c   0x0800309c   0x0000005c   Code   RO         1015    .text.HAL_PCD_EP_Open  stm32f2xx_hal_pcd.o
    0x080030f8   0x080030f8   0x00000042   Code   RO         1019    .text.HAL_PCD_EP_Receive  stm32f2xx_hal_pcd.o
    0x0800313a   0x0800313a   0x0000006e   Code   RO         1025    .text.HAL_PCD_EP_SetStall  stm32f2xx_hal_pcd.o
    0x080031a8   0x080031a8   0x0000003c   Code   RO         1023    .text.HAL_PCD_EP_Transmit  stm32f2xx_hal_pcd.o
    0x080031e4   0x080031e4   0x000005fa   Code   RO          985    .text.HAL_PCD_IRQHandler  stm32f2xx_hal_pcd.o
    0x080037de   0x080037de   0x00000008   Code   RO          336    .text.HAL_PCD_ISOINIncompleteCallback  usbd_conf.o
    0x080037e6   0x080037e6   0x00000008   Code   RO          334    .text.HAL_PCD_ISOOUTIncompleteCallback  usbd_conf.o
    0x080037ee   0x080037ee   0x00000138   Code   RO          973    .text.HAL_PCD_Init  stm32f2xx_hal_pcd.o
    0x08003926   0x08003926   0x00000002   PAD
    0x08003928   0x08003928   0x00000098   Code   RO          316    .text.HAL_PCD_MspInit  usbd_conf.o
    0x080039c0   0x080039c0   0x0000002a   Code   RO          328    .text.HAL_PCD_ResetCallback  usbd_conf.o
    0x080039ea   0x080039ea   0x00000008   Code   RO          332    .text.HAL_PCD_ResumeCallback  usbd_conf.o
    0x080039f2   0x080039f2   0x00000008   Code   RO          326    .text.HAL_PCD_SOFCallback  usbd_conf.o
    0x080039fa   0x080039fa   0x00000028   Code   RO         1013    .text.HAL_PCD_SetAddress  stm32f2xx_hal_pcd.o
    0x08003a22   0x08003a22   0x0000000e   Code   RO          320    .text.HAL_PCD_SetupStageCallback  usbd_conf.o
    0x08003a30   0x08003a30   0x0000002a   Code   RO          983    .text.HAL_PCD_Start  stm32f2xx_hal_pcd.o
    0x08003a5a   0x08003a5a   0x00000002   PAD
    0x08003a5c   0x08003a5c   0x00000030   Code   RO          330    .text.HAL_PCD_SuspendCallback  usbd_conf.o
    0x08003a8c   0x08003a8c   0x00000124   Code   RO          574    .text.HAL_RCC_ClockConfig  stm32f2xx_hal_rcc.o
    0x08003bb0   0x08003bb0   0x00000008   Code   RO          584    .text.HAL_RCC_GetHCLKFreq  stm32f2xx_hal_rcc.o
    0x08003bb8   0x08003bb8   0x00000014   Code   RO          586    .text.HAL_RCC_GetPCLK1Freq  stm32f2xx_hal_rcc.o
    0x08003bcc   0x08003bcc   0x00000020   Code   RO          588    .text.HAL_RCC_GetPCLK2Freq  stm32f2xx_hal_rcc.o
    0x08003bec   0x08003bec   0x0000005c   Code   RO          576    .text.HAL_RCC_GetSysClockFreq  stm32f2xx_hal_rcc.o
    0x08003c48   0x08003c48   0x000002c4   Code   RO          572    .text.HAL_RCC_OscConfig  stm32f2xx_hal_rcc.o
    0x08003f0c   0x08003f0c   0x00000004   Code   RO          210    .text.HAL_SD_AbortCallback  bsp_driver_sd.o
    0x08003f10   0x08003f10   0x000000e0   Code   RO         1472    .text.HAL_SD_ConfigWideBusOperation  stm32f2xx_hal_sd.o
    0x08003ff0   0x08003ff0   0x00000002   Code   RO         1448    .text.HAL_SD_ErrorCallback  stm32f2xx_hal_sd.o
    0x08003ff2   0x08003ff2   0x00000002   PAD
    0x08003ff4   0x08003ff4   0x00000178   Code   RO         1466    .text.HAL_SD_GetCardCSD  stm32f2xx_hal_sd.o
    0x0800416c   0x0800416c   0x00000020   Code   RO         1470    .text.HAL_SD_GetCardInfo  stm32f2xx_hal_sd.o
    0x0800418c   0x0800418c   0x00000028   Code   RO         1474    .text.HAL_SD_GetCardState  stm32f2xx_hal_sd.o
    0x080041b4   0x080041b4   0x00000210   Code   RO         1446    .text.HAL_SD_IRQHandler  stm32f2xx_hal_sd.o
    0x080043c4   0x080043c4   0x0000003c   Code   RO         1416    .text.HAL_SD_Init   stm32f2xx_hal_sd.o
    0x08004400   0x08004400   0x000001b8   Code   RO         1420    .text.HAL_SD_InitCard  stm32f2xx_hal_sd.o
    0x080045b8   0x080045b8   0x00000180   Code   RO          151    .text.HAL_SD_MspInit  stm32f2xx_hal_msp.o
    0x08004738   0x08004738   0x000001f4   Code   RO         1426    .text.HAL_SD_ReadBlocks  stm32f2xx_hal_sd.o
    0x0800492c   0x0800492c   0x00000004   Code   RO          218    .text.HAL_SD_RxCpltCallback  bsp_driver_sd.o
    0x08004930   0x08004930   0x00000004   Code   RO          214    .text.HAL_SD_TxCpltCallback  bsp_driver_sd.o
    0x08004934   0x08004934   0x000001d4   Code   RO         1428    .text.HAL_SD_WriteBlocks  stm32f2xx_hal_sd.o
    0x08004b08   0x08004b08   0x00000002   Code   RO         1574    .text.HAL_SPI_ErrorCallback  stm32f2xx_hal_spi.o
    0x08004b0a   0x08004b0a   0x00000002   PAD
    0x08004b0c   0x08004b0c   0x00000108   Code   RO         1570    .text.HAL_SPI_IRQHandler  stm32f2xx_hal_spi.o
    0x08004c14   0x08004c14   0x00000078   Code   RO         1490    .text.HAL_SPI_Init  stm32f2xx_hal_spi.o
    0x08004c8c   0x08004c8c   0x00000118   Code   RO          155    .text.HAL_SPI_MspInit  stm32f2xx_hal_msp.o
    0x08004da4   0x08004da4   0x00000160   Code   RO         1498    .text.HAL_SPI_Transmit  stm32f2xx_hal_spi.o
    0x08004f04   0x08004f04   0x00000028   Code   RO          632    .text.HAL_SYSTICK_Config  stm32f2xx_hal_cortex.o
    0x08004f2c   0x08004f2c   0x0000003a   Code   RO         1902    .text.HAL_TIMEx_MasterConfigSynchronization  stm32f2xx_hal_tim_ex.o
    0x08004f66   0x08004f66   0x00000092   Code   RO         1722    .text.HAL_TIM_Encoder_Init  stm32f2xx_hal_tim.o
    0x08004ff8   0x08004ff8   0x00000068   Code   RO          159    .text.HAL_TIM_Encoder_MspInit  stm32f2xx_hal_msp.o
    0x08005060   0x08005060   0x00000030   Code   RO         1730    .text.HAL_TIM_Encoder_Start  stm32f2xx_hal_tim.o
    0x08005090   0x08005090   0x00000002   Code   RO         2067    .text.HAL_UART_ErrorCallback  stm32f2xx_hal_uart.o
    0x08005092   0x08005092   0x00000002   PAD
    0x08005094   0x08005094   0x00000168   Code   RO         2061    .text.HAL_UART_IRQHandler  stm32f2xx_hal_uart.o
    0x080051fc   0x080051fc   0x0000005c   Code   RO         1987    .text.HAL_UART_Init  stm32f2xx_hal_uart.o
    0x08005258   0x08005258   0x00000144   Code   RO          163    .text.HAL_UART_MspInit  stm32f2xx_hal_msp.o
    0x0800539c   0x0800539c   0x00000002   Code   RO         2073    .text.HAL_UART_RxCpltCallback  stm32f2xx_hal_uart.o
    0x0800539e   0x0800539e   0x00000002   Code   RO         2069    .text.HAL_UART_TxCpltCallback  stm32f2xx_hal_uart.o
    0x080053a0   0x080053a0   0x00000002   Code   RO           78    .text.HardFault_Handler  stm32f2xx_it.o
    0x080053a2   0x080053a2   0x00000030   Code   RO          276    .text.IntToUnicode  usbd_desc.o
    0x080053d2   0x080053d2   0x00000002   PAD
    0x080053d4   0x080053d4   0x000000d0   Code   RO         1928    .text.LL_TIM_Init   stm32f2xx_ll_tim.o
    0x080054a4   0x080054a4   0x00000018   Code   RO          239    .text.MX_FATFS_Init  fatfs.o
    0x080054bc   0x080054bc   0x00000080   Code   RO          416    .text.MX_LWIP_Init  lwip.o
    0x0800553c   0x0800553c   0x00000018   Code   RO          418    .text.MX_LWIP_Process  lwip.o
    0x08005554   0x08005554   0x00000050   Code   RO          253    .text.MX_USB_DEVICE_Init  usb_device.o
    0x080055a4   0x080055a4   0x00000002   Code   RO           80    .text.MemManage_Handler  stm32f2xx_it.o
    0x080055a6   0x080055a6   0x00000002   Code   RO           76    .text.NMI_Handler   stm32f2xx_it.o
    0x080055a8   0x080055a8   0x0000000c   Code   RO          130    .text.OTG_FS_IRQHandler  stm32f2xx_it.o
    0x080055b4   0x080055b4   0x00000002   Code   RO           90    .text.PendSV_Handler  stm32f2xx_it.o
    0x080055b6   0x080055b6   0x00000024   Code   RO         1344    .text.SDIO_ConfigData  stm32f2xx_ll_sdmmc.o
    0x080055da   0x080055da   0x00000008   Code   RO         1336    .text.SDIO_GetPowerState  stm32f2xx_ll_sdmmc.o
    0x080055e2   0x080055e2   0x00000006   Code   RO         1342    .text.SDIO_GetResponse  stm32f2xx_ll_sdmmc.o
    0x080055e8   0x080055e8   0x0000000c   Code   RO          120    .text.SDIO_IRQHandler  stm32f2xx_it.o
    0x080055f4   0x080055f4   0x00000022   Code   RO         1326    .text.SDIO_Init     stm32f2xx_ll_sdmmc.o
    0x08005616   0x08005616   0x00000010   Code   RO         1332    .text.SDIO_PowerState_ON  stm32f2xx_ll_sdmmc.o
    0x08005626   0x08005626   0x00000006   Code   RO         1328    .text.SDIO_ReadFIFO  stm32f2xx_ll_sdmmc.o
    0x0800562c   0x0800562c   0x00000020   Code   RO         1338    .text.SDIO_SendCommand  stm32f2xx_ll_sdmmc.o
    0x0800564c   0x0800564c   0x0000000a   Code   RO         1330    .text.SDIO_WriteFIFO  stm32f2xx_ll_sdmmc.o
    0x08005656   0x08005656   0x00000034   Code   RO         1382    .text.SDMMC_CmdAppCommand  stm32f2xx_ll_sdmmc.o
    0x0800568a   0x0800568a   0x00000002   PAD
    0x0800568c   0x0800568c   0x00000038   Code   RO         1384    .text.SDMMC_CmdAppOperCommand  stm32f2xx_ll_sdmmc.o
    0x080056c4   0x080056c4   0x00000034   Code   RO         1352    .text.SDMMC_CmdBlockLength  stm32f2xx_ll_sdmmc.o
    0x080056f8   0x080056f8   0x00000034   Code   RO         1388    .text.SDMMC_CmdBusWidth  stm32f2xx_ll_sdmmc.o
    0x0800572c   0x0800572c   0x0000004c   Code   RO         1378    .text.SDMMC_CmdGoIdleState  stm32f2xx_ll_sdmmc.o
    0x08005778   0x08005778   0x00000078   Code   RO         1380    .text.SDMMC_CmdOperCond  stm32f2xx_ll_sdmmc.o
    0x080057f0   0x080057f0   0x00000034   Code   RO         1358    .text.SDMMC_CmdReadMultiBlock  stm32f2xx_ll_sdmmc.o
    0x08005824   0x08005824   0x00000034   Code   RO         1356    .text.SDMMC_CmdReadSingleBlock  stm32f2xx_ll_sdmmc.o
    0x08005858   0x08005858   0x00000034   Code   RO         1376    .text.SDMMC_CmdSelDesel  stm32f2xx_ll_sdmmc.o
    0x0800588c   0x0800588c   0x0000002e   Code   RO         1392    .text.SDMMC_CmdSendCID  stm32f2xx_ll_sdmmc.o
    0x080058ba   0x080058ba   0x0000002e   Code   RO         1396    .text.SDMMC_CmdSendCSD  stm32f2xx_ll_sdmmc.o
    0x080058e8   0x080058e8   0x00000034   Code   RO         1390    .text.SDMMC_CmdSendSCR  stm32f2xx_ll_sdmmc.o
    0x0800591c   0x0800591c   0x00000034   Code   RO         1400    .text.SDMMC_CmdSendStatus  stm32f2xx_ll_sdmmc.o
    0x08005950   0x08005950   0x000000a4   Code   RO         1398    .text.SDMMC_CmdSetRelAdd  stm32f2xx_ll_sdmmc.o
    0x080059f4   0x080059f4   0x00000038   Code   RO         1374    .text.SDMMC_CmdStopTransfer  stm32f2xx_ll_sdmmc.o
    0x08005a2c   0x08005a2c   0x00000034   Code   RO         1362    .text.SDMMC_CmdWriteMultiBlock  stm32f2xx_ll_sdmmc.o
    0x08005a60   0x08005a60   0x00000034   Code   RO         1360    .text.SDMMC_CmdWriteSingleBlock  stm32f2xx_ll_sdmmc.o
    0x08005a94   0x08005a94   0x00000118   Code   RO         1354    .text.SDMMC_GetCmdResp1  stm32f2xx_ll_sdmmc.o
    0x08005bac   0x08005bac   0x0000004c   Code   RO         1394    .text.SDMMC_GetCmdResp2  stm32f2xx_ll_sdmmc.o
    0x08005bf8   0x08005bf8   0x00000044   Code   RO         1386    .text.SDMMC_GetCmdResp3  stm32f2xx_ll_sdmmc.o
    0x08005c3c   0x08005c3c   0x00000042   Code   RO         1456    .text.SD_DMARxAbort  stm32f2xx_hal_sd.o
    0x08005c7e   0x08005c7e   0x00000042   Code   RO         1454    .text.SD_DMATxAbort  stm32f2xx_hal_sd.o
    0x08005cc0   0x08005cc0   0x000000c4   Code   RO         1480    .text.SD_FindSCR    stm32f2xx_hal_sd.o
    0x08005d84   0x08005d84   0x0000001c   Code   RO         2277    .text.SD_initialize  sd_diskio.o
    0x08005da0   0x08005da0   0x0000004c   Code   RO         2285    .text.SD_ioctl      sd_diskio.o
    0x08005dec   0x08005dec   0x00000028   Code   RO         2281    .text.SD_read       sd_diskio.o
    0x08005e14   0x08005e14   0x00000020   Code   RO         2279    .text.SD_status     sd_diskio.o
    0x08005e34   0x08005e34   0x00000030   Code   RO         2283    .text.SD_write      sd_diskio.o
    0x08005e64   0x08005e64   0x0000000c   Code   RO          114    .text.SPI2_IRQHandler  stm32f2xx_it.o
    0x08005e70   0x08005e70   0x0000000c   Code   RO         1572    .text.SPI_DMAAbortOnError  stm32f2xx_hal_spi.o
    0x08005e7c   0x08005e7c   0x0000001a   Code   RO         1500    .text.SPI_EndRxTxTransaction  stm32f2xx_hal_spi.o
    0x08005e96   0x08005e96   0x00000074   Code   RO         1598    .text.SPI_WaitFlagStateUntilTimeout  stm32f2xx_hal_spi.o
    0x08005f0a   0x08005f0a   0x00000002   Code   RO           86    .text.SVC_Handler   stm32f2xx_it.o
    0x08005f0c   0x08005f0c   0x00000058   Code   RO           33    .text.SaveWheelParam  main.o
    0x08005f64   0x08005f64   0x00000004   Code   RO           92    .text.SysTick_Handler  stm32f2xx_it.o
    0x08005f68   0x08005f68   0x00000054   Code   RO           37    .text.SystemClock_Config  main.o
    0x08005fbc   0x08005fbc   0x00000040   Code   RO          437    .text.SystemInit    system_stm32f2xx_1.o
    0x08005ffc   0x08005ffc   0x0000002c   Code   RO          112    .text.TIM3_IRQHandler  stm32f2xx_it.o
    0x08006028   0x08006028   0x000000d4   Code   RO         1612    .text.TIM_Base_SetConfig  stm32f2xx_hal_tim.o
    0x080060fc   0x080060fc   0x0000001e   Code   RO         1646    .text.TIM_CCxChannelCmd  stm32f2xx_hal_tim.o
    0x0800611a   0x0800611a   0x0000000c   Code   RO         2065    .text.UART_DMAAbortOnError  stm32f2xx_hal_uart.o
    0x08006126   0x08006126   0x0000001a   Code   RO         2033    .text.UART_EndRxTransfer  stm32f2xx_hal_uart.o
    0x08006140   0x08006140   0x00000076   Code   RO         2063    .text.UART_Receive_IT  stm32f2xx_hal_uart.o
    0x080061b6   0x080061b6   0x00000002   PAD
    0x080061b8   0x080061b8   0x000000d4   Code   RO         1991    .text.UART_SetConfig  stm32f2xx_hal_uart.o
    0x0800628c   0x0800628c   0x0000005c   Code   RO           19    .text.UDP_INPUT     main.o
    0x080062e8   0x080062e8   0x0000000c   Code   RO          116    .text.USART2_IRQHandler  stm32f2xx_it.o
    0x080062f4   0x080062f4   0x0000004a   Code   RO         2889    .text.USBD_CDC_DataIn  usbd_cdc.o
    0x0800633e   0x0800633e   0x0000002e   Code   RO         2891    .text.USBD_CDC_DataOut  usbd_cdc.o
    0x0800636c   0x0800636c   0x00000044   Code   RO         2883    .text.USBD_CDC_DeInit  usbd_cdc.o
    0x080063b0   0x080063b0   0x00000028   Code   RO         2887    .text.USBD_CDC_EP0_RxReady  usbd_cdc.o
    0x080063d8   0x080063d8   0x0000000c   Code   RO         2899    .text.USBD_CDC_GetDeviceQualifierDescriptor  usbd_cdc.o
    0x080063e4   0x080063e4   0x0000000c   Code   RO         2895    .text.USBD_CDC_GetFSCfgDesc  usbd_cdc.o
    0x080063f0   0x080063f0   0x0000000c   Code   RO         2893    .text.USBD_CDC_GetHSCfgDesc  usbd_cdc.o
    0x080063fc   0x080063fc   0x0000000c   Code   RO         2897    .text.USBD_CDC_GetOtherSpeedCfgDesc  usbd_cdc.o
    0x08006408   0x08006408   0x0000008c   Code   RO         2881    .text.USBD_CDC_Init  usbd_cdc.o
    0x08006494   0x08006494   0x00000026   Code   RO         2909    .text.USBD_CDC_ReceivePacket  usbd_cdc.o
    0x080064ba   0x080064ba   0x0000000e   Code   RO         2901    .text.USBD_CDC_RegisterInterface  usbd_cdc.o
    0x080064c8   0x080064c8   0x0000000c   Code   RO         2905    .text.USBD_CDC_SetRxBuffer  usbd_cdc.o
    0x080064d4   0x080064d4   0x00000010   Code   RO         2903    .text.USBD_CDC_SetTxBuffer  usbd_cdc.o
    0x080064e4   0x080064e4   0x000000ae   Code   RO         2885    .text.USBD_CDC_Setup  usbd_cdc.o
    0x08006592   0x08006592   0x00000030   Code   RO         2907    .text.USBD_CDC_TransmitPacket  usbd_cdc.o
    0x080065c2   0x080065c2   0x0000000e   Code   RO         2804    .text.USBD_ClrClassConfig  usbd_core.o
    0x080065d0   0x080065d0   0x00000010   Code   RO         2865    .text.USBD_CtlContinueRx  usbd_ioreq.o
    0x080065e0   0x080065e0   0x00000010   Code   RO         2861    .text.USBD_CtlContinueSendData  usbd_ioreq.o
    0x080065f0   0x080065f0   0x00000016   Code   RO         2840    .text.USBD_CtlError  usbd_ctlreq.o
    0x08006606   0x08006606   0x0000001a   Code   RO         2863    .text.USBD_CtlPrepareRx  usbd_ioreq.o
    0x08006620   0x08006620   0x00000016   Code   RO         2869    .text.USBD_CtlReceiveStatus  usbd_ioreq.o
    0x08006636   0x08006636   0x0000001a   Code   RO         2859    .text.USBD_CtlSendData  usbd_ioreq.o
    0x08006650   0x08006650   0x00000016   Code   RO         2867    .text.USBD_CtlSendStatus  usbd_ioreq.o
    0x08006666   0x08006666   0x00000002   PAD
    0x08006668   0x08006668   0x00000020   Code   RO          272    .text.USBD_FS_ConfigStrDescriptor  usbd_desc.o
    0x08006688   0x08006688   0x0000000c   Code   RO          262    .text.USBD_FS_DeviceDescriptor  usbd_desc.o
    0x08006694   0x08006694   0x00000024   Code   RO          274    .text.USBD_FS_InterfaceStrDescriptor  usbd_desc.o
    0x080066b8   0x080066b8   0x0000000c   Code   RO          264    .text.USBD_FS_LangIDStrDescriptor  usbd_desc.o
    0x080066c4   0x080066c4   0x00000020   Code   RO          266    .text.USBD_FS_ManufacturerStrDescriptor  usbd_desc.o
    0x080066e4   0x080066e4   0x00000024   Code   RO          268    .text.USBD_FS_ProductStrDescriptor  usbd_desc.o
    0x08006708   0x08006708   0x00000034   Code   RO          270    .text.USBD_FS_SerialStrDescriptor  usbd_desc.o
    0x0800673c   0x0800673c   0x0000003e   Code   RO         2848    .text.USBD_GetString  usbd_ctlreq.o
    0x0800677a   0x0800677a   0x00000002   PAD
    0x0800677c   0x0800677c   0x00000018   Code   RO          346    .text.USBD_Get_USB_Status  usbd_conf.o
    0x08006794   0x08006794   0x0000002a   Code   RO         2790    .text.USBD_Init     usbd_core.o
    0x080067be   0x080067be   0x00000012   Code   RO          360    .text.USBD_LL_ClearStallEP  usbd_conf.o
    0x080067d0   0x080067d0   0x00000012   Code   RO          354    .text.USBD_LL_CloseEP  usbd_conf.o
    0x080067e2   0x080067e2   0x000000be   Code   RO         2810    .text.USBD_LL_DataInStage  usbd_core.o
    0x080068a0   0x080068a0   0x0000007e   Code   RO         2808    .text.USBD_LL_DataOutStage  usbd_core.o
    0x0800691e   0x0800691e   0x00000004   Code   RO         2826    .text.USBD_LL_DevConnected  usbd_core.o
    0x08006922   0x08006922   0x00000016   Code   RO         2828    .text.USBD_LL_DevDisconnected  usbd_core.o
    0x08006938   0x08006938   0x00000008   Code   RO          370    .text.USBD_LL_GetRxDataSize  usbd_conf.o
    0x08006940   0x08006940   0x00000060   Code   RO          342    .text.USBD_LL_Init  usbd_conf.o
    0x080069a0   0x080069a0   0x00000020   Code   RO          362    .text.USBD_LL_IsStallEP  usbd_conf.o
    0x080069c0   0x080069c0   0x00000004   Code   RO         2822    .text.USBD_LL_IsoINIncomplete  usbd_core.o
    0x080069c4   0x080069c4   0x00000004   Code   RO         2824    .text.USBD_LL_IsoOUTIncomplete  usbd_core.o
    0x080069c8   0x080069c8   0x00000018   Code   RO          352    .text.USBD_LL_OpenEP  usbd_conf.o
    0x080069e0   0x080069e0   0x00000012   Code   RO          368    .text.USBD_LL_PrepareReceive  usbd_conf.o
    0x080069f2   0x080069f2   0x00000050   Code   RO         2812    .text.USBD_LL_Reset  usbd_core.o
    0x08006a42   0x08006a42   0x00000014   Code   RO         2818    .text.USBD_LL_Resume  usbd_core.o
    0x08006a56   0x08006a56   0x00000018   Code   RO         2820    .text.USBD_LL_SOF   usbd_core.o
    0x08006a6e   0x08006a6e   0x00000006   Code   RO         2814    .text.USBD_LL_SetSpeed  usbd_core.o
    0x08006a74   0x08006a74   0x00000012   Code   RO          364    .text.USBD_LL_SetUSBAddress  usbd_conf.o
    0x08006a86   0x08006a86   0x00000056   Code   RO         2806    .text.USBD_LL_SetupStage  usbd_core.o
    0x08006adc   0x08006adc   0x00000012   Code   RO          358    .text.USBD_LL_StallEP  usbd_conf.o
    0x08006aee   0x08006aee   0x00000012   Code   RO          348    .text.USBD_LL_Start  usbd_conf.o
    0x08006b00   0x08006b00   0x00000012   Code   RO         2816    .text.USBD_LL_Suspend  usbd_core.o
    0x08006b12   0x08006b12   0x00000012   Code   RO          366    .text.USBD_LL_Transmit  usbd_conf.o
    0x08006b24   0x08006b24   0x00000016   Code   RO         2846    .text.USBD_ParseSetupRequest  usbd_ctlreq.o
    0x08006b3a   0x08006b3a   0x0000000e   Code   RO         2794    .text.USBD_RegisterClass  usbd_core.o
    0x08006b48   0x08006b48   0x0000001a   Code   RO         2802    .text.USBD_SetClassConfig  usbd_core.o
    0x08006b62   0x08006b62   0x0000000a   Code   RO         2796    .text.USBD_Start    usbd_core.o
    0x08006b6c   0x08006b6c   0x00000270   Code   RO         2838    .text.USBD_StdDevReq  usbd_ctlreq.o
    0x08006ddc   0x08006ddc   0x0000013e   Code   RO         2844    .text.USBD_StdEPReq  usbd_ctlreq.o
    0x08006f1a   0x08006f1a   0x0000004c   Code   RO         2842    .text.USBD_StdItfReq  usbd_ctlreq.o
    0x08006f66   0x08006f66   0x00000002   PAD
    0x08006f68   0x08006f68   0x0000007c   Code   RO         1067    .text.USB_ActivateEndpoint  stm32f2xx_ll_usb.o
    0x08006fe4   0x08006fe4   0x00000036   Code   RO         1109    .text.USB_ActivateSetup  stm32f2xx_ll_usb.o
    0x0800701a   0x0800701a   0x00000002   PAD
    0x0800701c   0x0800701c   0x0000006c   Code   RO         1045    .text.USB_CoreInit  stm32f2xx_ll_usb.o
    0x08007088   0x08007088   0x00000030   Code   RO         1047    .text.USB_CoreReset  stm32f2xx_ll_usb.o
    0x080070b8   0x080070b8   0x00000070   Code   RO         1071    .text.USB_DeactivateEndpoint  stm32f2xx_ll_usb.o
    0x08007128   0x08007128   0x00000018   Code   RO         1091    .text.USB_DevConnect  stm32f2xx_ll_usb.o
    0x08007140   0x08007140   0x00000018   Code   RO         1093    .text.USB_DevDisconnect  stm32f2xx_ll_usb.o
    0x08007158   0x08007158   0x000001ac   Code   RO         1057    .text.USB_DevInit   stm32f2xx_ll_usb.o
    0x08007304   0x08007304   0x0000000c   Code   RO         1053    .text.USB_DisableGlobalInt  stm32f2xx_ll_usb.o
    0x08007310   0x08007310   0x000000e8   Code   RO         1079    .text.USB_EP0StartXfer  stm32f2xx_ll_usb.o
    0x080073f8   0x080073f8   0x00000058   Code   RO         1111    .text.USB_EP0_OutStart  stm32f2xx_ll_usb.o
    0x08007450   0x08007450   0x00000030   Code   RO         1085    .text.USB_EPClearStall  stm32f2xx_ll_usb.o
    0x08007480   0x08007480   0x00000036   Code   RO         1083    .text.USB_EPSetStall  stm32f2xx_ll_usb.o
    0x080074b6   0x080074b6   0x00000002   PAD
    0x080074b8   0x080074b8   0x0000015c   Code   RO         1075    .text.USB_EPStartXfer  stm32f2xx_ll_usb.o
    0x08007614   0x08007614   0x0000000c   Code   RO         1051    .text.USB_EnableGlobalInt  stm32f2xx_ll_usb.o
    0x08007620   0x08007620   0x0000001c   Code   RO         1063    .text.USB_FlushRxFifo  stm32f2xx_ll_usb.o
    0x0800763c   0x0800763c   0x00000020   Code   RO         1061    .text.USB_FlushTxFifo  stm32f2xx_ll_usb.o
    0x0800765c   0x0800765c   0x0000001c   Code   RO         1065    .text.USB_GetDevSpeed  stm32f2xx_ll_usb.o
    0x08007678   0x08007678   0x00000008   Code   RO         1107    .text.USB_GetMode   stm32f2xx_ll_usb.o
    0x08007680   0x08007680   0x0000000e   Code   RO         1099    .text.USB_ReadDevAllInEpInterrupt  stm32f2xx_ll_usb.o
    0x0800768e   0x0800768e   0x0000000e   Code   RO         1097    .text.USB_ReadDevAllOutEpInterrupt  stm32f2xx_ll_usb.o
    0x0800769c   0x0800769c   0x00000024   Code   RO         1103    .text.USB_ReadDevInEPInterrupt  stm32f2xx_ll_usb.o
    0x080076c0   0x080076c0   0x00000010   Code   RO         1101    .text.USB_ReadDevOutEPInterrupt  stm32f2xx_ll_usb.o
    0x080076d0   0x080076d0   0x00000008   Code   RO         1095    .text.USB_ReadInterrupts  stm32f2xx_ll_usb.o
    0x080076d8   0x080076d8   0x0000001a   Code   RO         1081    .text.USB_ReadPacket  stm32f2xx_ll_usb.o
    0x080076f2   0x080076f2   0x0000002e   Code   RO         1055    .text.USB_SetCurrentMode  stm32f2xx_ll_usb.o
    0x08007720   0x08007720   0x00000020   Code   RO         1089    .text.USB_SetDevAddress  stm32f2xx_ll_usb.o
    0x08007740   0x08007740   0x000000f0   Code   RO         1049    .text.USB_SetTurnaroundTime  stm32f2xx_ll_usb.o
    0x08007830   0x08007830   0x00000022   Code   RO         1077    .text.USB_WritePacket  stm32f2xx_ll_usb.o
    0x08007852   0x08007852   0x00000002   Code   RO           84    .text.UsageFault_Handler  stm32f2xx_it.o
    0x08007854   0x08007854   0x00000024   Code   RO          622    .text.__NVIC_SetPriority  stm32f2xx_hal_cortex.o
    0x08007878   0x08007878   0x0000001c   Code   RO         2594    .text.cyclic_timer  timeouts.o
    0x08007894   0x08007894   0x00000048   Code   RO         2452    .text.do_memp_free_pool  memp.o
    0x080078dc   0x080078dc   0x00000054   Code   RO         2446    .text.do_memp_malloc_pool  memp.o
    0x08007930   0x08007930   0x0000002c   Code   RO         2662    .text.etharp_cleanup_netif  etharp.o
    0x0800795c   0x0800795c   0x00000198   Code   RO         2666    .text.etharp_find_entry  etharp.o
    0x08007af4   0x08007af4   0x00000020   Code   RO         2658    .text.etharp_free_entry  etharp.o
    0x08007b14   0x08007b14   0x00000148   Code   RO         2670    .text.etharp_input  etharp.o
    0x08007c5c   0x08007c5c   0x0000011c   Code   RO         2674    .text.etharp_output  etharp.o
    0x08007d78   0x08007d78   0x000000ac   Code   RO         2676    .text.etharp_output_to_arp_index  etharp.o
    0x08007e24   0x08007e24   0x00000144   Code   RO         2678    .text.etharp_query  etharp.o
    0x08007f68   0x08007f68   0x00000104   Code   RO         2672    .text.etharp_raw    etharp.o
    0x0800806c   0x0800806c   0x0000000c   Code   RO         2660    .text.etharp_request  etharp.o
    0x08008078   0x08008078   0x00000024   Code   RO         2680    .text.etharp_request_dst  etharp.o
    0x0800809c   0x0800809c   0x00000064   Code   RO         2656    .text.etharp_tmr    etharp.o
    0x08008100   0x08008100   0x00000094   Code   RO         2321    .text.ethernet_input  ethernet.o
    0x08008194   0x08008194   0x000000d0   Code   RO         2323    .text.ethernet_output  ethernet.o
    0x08008264   0x08008264   0x00000160   Code   RO          389    .text.ethernetif_init  ethernetif.o
    0x080083c4   0x080083c4   0x000000d0   Code   RO          387    .text.ethernetif_input  ethernetif.o
    0x08008494   0x08008494   0x00000002   Code   RO          401    .text.ethernetif_notify_conn_changed  ethernetif.o
    0x08008496   0x08008496   0x00000002   PAD
    0x08008498   0x08008498   0x000000ac   Code   RO          399    .text.ethernetif_update_config  ethernetif.o
    0x08008544   0x08008544   0x00000008   Code   RO         2695    .text.icmp_dest_unreach  icmp.o
    0x0800854c   0x0800854c   0x0000018c   Code   RO         2693    .text.icmp_input    icmp.o
    0x080086d8   0x080086d8   0x000000b0   Code   RO         2697    .text.icmp_send_response  icmp.o
    0x08008788   0x08008788   0x00000008   Code   RO         2699    .text.icmp_time_exceeded  icmp.o
    0x08008790   0x08008790   0x0000002c   Code   RO         2731    .text.ip4_addr_isbroadcast_u32  ip4_addr.o
    0x080087bc   0x080087bc   0x0000021c   Code   RO         2764    .text.ip4_frag      ip4_frag.o
    0x080089d8   0x080089d8   0x0000017c   Code   RO         2713    .text.ip4_input     ip4.o
    0x08008b54   0x08008b54   0x0000001e   Code   RO         2715    .text.ip4_output_if  ip4.o
    0x08008b72   0x08008b72   0x00000002   PAD
    0x08008b74   0x08008b74   0x00000104   Code   RO         2717    .text.ip4_output_if_src  ip4.o
    0x08008c78   0x08008c78   0x000003c4   Code   RO         2758    .text.ip4_reass     ip4_frag.o
    0x0800903c   0x0800903c   0x00000058   Code   RO         2711    .text.ip4_route     ip4.o
    0x08009094   0x08009094   0x00000030   Code   RO         2766    .text.ip_frag_free_pbuf_custom_ref  ip4_frag.o
    0x080090c4   0x080090c4   0x00000058   Code   RO         2762    .text.ip_reass_dequeue_datagram  ip4_frag.o
    0x0800911c   0x0800911c   0x00000134   Code   RO         2756    .text.ip_reass_free_complete_datagram  ip4_frag.o
    0x08009250   0x08009250   0x00000070   Code   RO         2760    .text.ip_reass_remove_oldest_datagram  ip4_frag.o
    0x080092c0   0x080092c0   0x0000002c   Code   RO         2754    .text.ip_reass_tmr  ip4_frag.o
    0x080092ec   0x080092ec   0x0000003c   Code   RO         2768    .text.ipfrag_free_pbuf_custom  ip4_frag.o
    0x08009328   0x08009328   0x000000a0   Code   RO          391    .text.low_level_output  ethernetif.o
    0x080093c8   0x080093c8   0x00000004   Code   RO         2361    .text.lwip_htons    def.o
    0x080093cc   0x080093cc   0x0000001a   Code   RO         2405    .text.lwip_init     init.o
    0x080093e6   0x080093e6   0x00000002   PAD
    0x080093e8   0x080093e8   0x0000075c   Code   RO           35    .text.main          main.o
    0x08009b44   0x08009b44   0x0000019c   Code   RO         2421    .text.mem_free      mem.o
    0x08009ce0   0x08009ce0   0x00000034   Code   RO         2419    .text.mem_init      mem.o
    0x08009d14   0x08009d14   0x00000180   Code   RO         2425    .text.mem_malloc    mem.o
    0x08009e94   0x08009e94   0x0000013c   Code   RO         2423    .text.mem_trim      mem.o
    0x08009fd0   0x08009fd0   0x00000040   Code   RO         2454    .text.memp_free     memp.o
    0x0800a010   0x0800a010   0x00000018   Code   RO         2442    .text.memp_init     memp.o
    0x0800a028   0x0800a028   0x00000026   Code   RO         2440    .text.memp_init_pool  memp.o
    0x0800a04e   0x0800a04e   0x00000002   PAD
    0x0800a050   0x0800a050   0x00000054   Code   RO         2448    .text.memp_malloc   memp.o
    0x0800a0a4   0x0800a0a4   0x000000e0   Code   RO         2488    .text.netif_add     netif.o
    0x0800a184   0x0800a184   0x00000002   Code   RO         2484    .text.netif_init    netif.o
    0x0800a186   0x0800a186   0x0000001a   Code   RO         2506    .text.netif_issue_reports  netif.o
    0x0800a1a0   0x0800a1a0   0x00000048   Code   RO         2490    .text.netif_set_addr  netif.o
    0x0800a1e8   0x0800a1e8   0x0000000c   Code   RO         2502    .text.netif_set_default  netif.o
    0x0800a1f4   0x0800a1f4   0x0000001a   Code   RO         2500    .text.netif_set_down  netif.o
    0x0800a20e   0x0800a20e   0x00000002   PAD
    0x0800a210   0x0800a210   0x0000003c   Code   RO         2492    .text.netif_set_ipaddr  netif.o
    0x0800a24c   0x0800a24c   0x00000006   Code   RO         2514    .text.netif_set_link_callback  netif.o
    0x0800a252   0x0800a252   0x0000001c   Code   RO         2508    .text.netif_set_up  netif.o
    0x0800a26e   0x0800a26e   0x00000002   PAD
    0x0800a270   0x0800a270   0x0000022c   Code   RO         2525    .text.pbuf_alloc    pbuf.o
    0x0800a49c   0x0800a49c   0x00000088   Code   RO         2529    .text.pbuf_alloced_custom  pbuf.o
    0x0800a524   0x0800a524   0x000000e0   Code   RO         2543    .text.pbuf_cat      pbuf.o
    0x0800a604   0x0800a604   0x00000012   Code   RO         2545    .text.pbuf_chain    pbuf.o
    0x0800a616   0x0800a616   0x0000000e   Code   RO         2539    .text.pbuf_clen     pbuf.o
    0x0800a624   0x0800a624   0x0000018c   Code   RO         2549    .text.pbuf_copy     pbuf.o
    0x0800a7b0   0x0800a7b0   0x00000110   Code   RO         2527    .text.pbuf_free     pbuf.o
    0x0800a8c0   0x0800a8c0   0x00000006   Code   RO         2533    .text.pbuf_header   pbuf.o
    0x0800a8c6   0x0800a8c6   0x00000006   Code   RO         2537    .text.pbuf_header_force  pbuf.o
    0x0800a8cc   0x0800a8cc   0x000000cc   Code   RO         2535    .text.pbuf_header_impl  pbuf.o
    0x0800a998   0x0800a998   0x00000144   Code   RO         2531    .text.pbuf_realloc  pbuf.o
    0x0800aadc   0x0800aadc   0x0000003c   Code   RO         2541    .text.pbuf_ref      pbuf.o
    0x0800ab18   0x0800ab18   0x00000050   Code   RO         2598    .text.sys_check_timeouts  timeouts.o
    0x0800ab68   0x0800ab68   0x00000004   Code   RO          395    .text.sys_now       ethernetif.o
    0x0800ab6c   0x0800ab6c   0x000000fc   Code   RO         2592    .text.sys_timeout   timeouts.o
    0x0800ac68   0x0800ac68   0x00000030   Code   RO         2590    .text.sys_timeouts_init  timeouts.o
    0x0800ac98   0x0800ac98   0x000000b0   Code   RO         2627    .text.udp_bind      udp.o
    0x0800ad48   0x0800ad48   0x0000004c   Code   RO         2629    .text.udp_connect   udp.o
    0x0800ad94   0x0800ad94   0x00000010   Code   RO         2631    .text.udp_disconnect  udp.o
    0x0800ada4   0x0800ada4   0x00000034   Code   RO          175    .text.udp_echoserver_init  udp_echoserver.o
    0x0800add8   0x0800add8   0x0000004c   Code   RO          177    .text.udp_echoserver_receive_callback  udp_echoserver.o
    0x0800ae24   0x0800ae24   0x00000002   Code   RO         2615    .text.udp_init      udp.o
    0x0800ae26   0x0800ae26   0x00000002   PAD
    0x0800ae28   0x0800ae28   0x00000138   Code   RO         2617    .text.udp_input     udp.o
    0x0800af60   0x0800af60   0x0000002c   Code   RO         2641    .text.udp_netif_ip_addr_changed  udp.o
    0x0800af8c   0x0800af8c   0x0000001c   Code   RO         2637    .text.udp_new       udp.o
    0x0800afa8   0x0800afa8   0x00000006   Code   RO         2633    .text.udp_recv      udp.o
    0x0800afae   0x0800afae   0x00000010   Code   RO         2619    .text.udp_send      udp.o
    0x0800afbe   0x0800afbe   0x0000002e   Code   RO         2621    .text.udp_sendto    udp.o
    0x0800afec   0x0800afec   0x00000030   Code   RO         2623    .text.udp_sendto_if  udp.o
    0x0800b01c   0x0800b01c   0x000000ec   Code   RO         2625    .text.udp_sendto_if_src  udp.o
    0x0800b108   0x0800b108   0x00000020   Code   RO         3095    i.__0printf$6       mc_w.l(printf6.o)
    0x0800b128   0x0800b128   0x00000028   Code   RO         3097    i.__0sprintf$6      mc_w.l(printf6.o)
    0x0800b150   0x0800b150   0x00000008   Code   RO         3272    i.__aeabi_errno_addr  mc_w.l(errno.o)
    0x0800b158   0x0800b158   0x0000000e   Code   RO         3334    i.__scatterload_copy  mc_w.l(handlers.o)
    0x0800b166   0x0800b166   0x00000002   Code   RO         3335    i.__scatterload_null  mc_w.l(handlers.o)
    0x0800b168   0x0800b168   0x0000000e   Code   RO         3336    i.__scatterload_zeroinit  mc_w.l(handlers.o)
    0x0800b176   0x0800b176   0x00000002   PAD
    0x0800b178   0x0800b178   0x000002f0   Code   RO         3102    i._printf_core      mc_w.l(printf6.o)
    0x0800b468   0x0800b468   0x00000024   Code   RO         3103    i._printf_post_padding  mc_w.l(printf6.o)
    0x0800b48c   0x0800b48c   0x0000002e   Code   RO         3104    i._printf_pre_padding  mc_w.l(printf6.o)
    0x0800b4ba   0x0800b4ba   0x0000000a   Code   RO         3106    i._sputc            mc_w.l(printf6.o)
    0x0800b4c4   0x0800b4c4   0x00000012   Code   RO         3259    i.fputc             mc_w.l(fputc.o)
    0x0800b4d6   0x0800b4d6   0x00000002   PAD
    0x0800b4d8   0x0800b4d8   0x00000050   Code   RO         3201    i.free              mc_w.l(malloc.o)
    0x0800b528   0x0800b528   0x0000006c   Code   RO         3202    i.malloc            mc_w.l(malloc.o)
    0x0800b594   0x0800b594   0x00000081   Data   RO         3300    .constdata          mc_w.l(ctype_o.o)
    0x0800b615   0x0800b615   0x00000003   PAD
    0x0800b618   0x0800b618   0x00000004   Data   RO         3301    .constdata          mc_w.l(ctype_o.o)
    0x0800b61c   0x0800b61c   0x00000010   Data   RO          442    .rodata.AHBPrescTable  system_stm32f2xx_1.o
    0x0800b62c   0x0800b62c   0x00000008   Data   RO          443    .rodata.APBPrescTable  system_stm32f2xx_1.o
    0x0800b634   0x0800b634   0x00000014   Data   RO         2287    .rodata.SD_Driver   sd_diskio.o
    0x0800b648   0x0800b648   0x00000006   Data   RO         2325    .rodata.ethbroadcast  ethernet.o
    0x0800b64e   0x0800b64e   0x00000006   Data   RO         2326    .rodata.ethzero     ethernet.o
    0x0800b654   0x0800b654   0x00000004   Data   RO         2743    .rodata.ip_addr_any  ip4_addr.o
    0x0800b658   0x0800b658   0x00000010   Data   RO         2604    .rodata.lwip_cyclic_timers  timeouts.o
    0x0800b668   0x0800b668   0x0000000c   Data   RO         2464    .rodata.memp_FRAG_PBUF  memp.o
    0x0800b674   0x0800b674   0x0000000c   Data   RO         2470    .rodata.memp_PBUF   memp.o
    0x0800b680   0x0800b680   0x0000000c   Data   RO         2473    .rodata.memp_PBUF_POOL  memp.o
    0x0800b68c   0x0800b68c   0x0000000c   Data   RO         2461    .rodata.memp_REASSDATA  memp.o
    0x0800b698   0x0800b698   0x0000000c   Data   RO         2467    .rodata.memp_SYS_TIMEOUT  memp.o
    0x0800b6a4   0x0800b6a4   0x0000000c   Data   RO         2458    .rodata.memp_UDP_PCB  memp.o
    0x0800b6b0   0x0800b6b0   0x00000018   Data   RO         2474    .rodata.memp_pools  memp.o
    0x0800b6c8   0x0800b6c8   0x00000097   Data   RO           52    .rodata.str1.1      main.o
    0x0800b75f   0x0800b75f   0x0000004a   Data   RO          307    .rodata.str1.1      usbd_cdc_if.o
    0x0800b7a9   0x0800b7a9   0x00000028   Data   RO         2327    .rodata.str1.1      ethernet.o
    0x0800b7d1   0x0800b7d1   0x00000097   Data   RO         2430    .rodata.str1.1      mem.o
    0x0800b868   0x0800b868   0x00000030   Data   RO         2475    .rodata.str1.1      memp.o
    0x0800b898   0x0800b898   0x00000095   Data   RO         2575    .rodata.str1.1      pbuf.o
    0x0800b92d   0x0800b92d   0x0000002f   Data   RO         2644    .rodata.str1.1      udp.o
    0x0800b95c   0x0800b95c   0x000000a8   Data   RO         2683    .rodata.str1.1      etharp.o
    0x0800ba04   0x0800ba04   0x00000035   Data   RO         2701    .rodata.str1.1      icmp.o
    0x0800ba39   0x0800ba39   0x00000040   Data   RO         2721    .rodata.str1.1      ip4.o
    0x0800ba79   0x0800ba79   0x00000039   Data   RO         2770    .rodata.str1.1      ip4_frag.o
    0x0800bab2   0x0800bab2   0x00000002   PAD
    0x0800bab4   0x0800bab4   0x00000020   Data   RO         3333    Region$$Table       anon$$obj.o


    Execution Region RW_IRAM1 (Exec base: 0x20000000, Load base: 0x0800bad8, Size: 0x00008030, Max: 0x00020000, ABSOLUTE, COMPRESSED[0x00000198])

    Exec Addr    Load Addr    Size         Type   Attr      Idx    E Section Name        Object

    0x20000000   COMPRESSED   0x00000004   Data   RW         3263    .data               mc_w.l(stdout.o)
    0x20000004   COMPRESSED   0x00000004   Data   RW         3270    .data               mc_w.l(mvars.o)
    0x20000008   COMPRESSED   0x00000004   Data   RW         3271    .data               mc_w.l(mvars.o)
    0x2000000c   COMPRESSED   0x00000004   Data   RW         3275    .data               mc_w.l(errno.o)
    0x20000010   COMPRESSED   0x00000008   Data   RW          561    .data..L_MergedGlobals  stm32f2xx_hal.o
    0x20000018   COMPRESSED   0x0000001c   Data   RW          278    .data.FS_Desc       usbd_desc.o
    0x20000034   COMPRESSED   0x00000113   Data   RW          301    .data.Manual        usbd_cdc_if.o
    0x20000147   COMPRESSED   0x00000001   Data   RW         2288    .data.Stat          sd_diskio.o
    0x20000148   COMPRESSED   0x00000004   Data   RW          441    .data.SystemCoreClock  system_stm32f2xx_1.o
    0x2000014c   COMPRESSED   0x00000038   Data   RW         2911    .data.USBD_CDC      usbd_cdc.o
    0x20000184   COMPRESSED   0x00000043   Data   RW         2913    .data.USBD_CDC_CfgFSDesc  usbd_cdc.o
    0x200001c7   COMPRESSED   0x00000001   PAD
    0x200001c8   COMPRESSED   0x00000043   Data   RW         2912    .data.USBD_CDC_CfgHSDesc  usbd_cdc.o
    0x2000020b   COMPRESSED   0x00000001   PAD
    0x2000020c   COMPRESSED   0x0000000a   Data   RW         2915    .data.USBD_CDC_DeviceQualifierDesc  usbd_cdc.o
    0x20000216   COMPRESSED   0x00000002   PAD
    0x20000218   COMPRESSED   0x00000043   Data   RW         2914    .data.USBD_CDC_OtherSpeedCfgDesc  usbd_cdc.o
    0x2000025b   COMPRESSED   0x00000001   PAD
    0x2000025c   COMPRESSED   0x00000012   Data   RW          279    .data.USBD_FS_DeviceDesc  usbd_desc.o
    0x2000026e   COMPRESSED   0x00000002   PAD
    0x20000270   COMPRESSED   0x00000010   Data   RW          302    .data.USBD_Interface_fops_FS  usbd_cdc_if.o
    0x20000280   COMPRESSED   0x00000004   Data   RW          280    .data.USBD_LangIDDesc  usbd_desc.o
    0x20000284   COMPRESSED   0x0000001a   Data   RW          281    .data.USBD_StringSerial  usbd_desc.o
    0x2000029e   COMPRESSED   0x00000002   Data   RW         2645    .data.udp_port      udp.o
    0x200002a0   COMPRESSED   0x00000004   Data   RW           42    .data.usbselect     main.o
    0x200002a4   COMPRESSED   0x00000004   PAD
    0x200002a8        -       0x0000006c   Zero   RW           66    .bss..L_MergedGlobals  main.o
    0x20000314        -       0x00000002   Zero   RW          179    .bss..L_MergedGlobals  udp_echoserver.o
    0x20000316        -       0x00000005   Zero   RW          245    .bss..L_MergedGlobals  fatfs.o
    0x2000031b   COMPRESSED   0x00000001   PAD
    0x2000031c        -       0x0000004c   Zero   RW          407    .bss..L_MergedGlobals  ethernetif.o
    0x20000368        -       0x0000004c   Zero   RW          428    .bss..L_MergedGlobals  lwip.o
    0x200003b4        -       0x0000000c   Zero   RW         2431    .bss..L_MergedGlobals  mem.o
    0x200003c0        -       0x0000000c   Zero   RW         2516    .bss..L_MergedGlobals  netif.o
    0x200003cc        -       0x00000008   Zero   RW         2606    .bss..L_MergedGlobals  timeouts.o
    0x200003d4        -       0x00000008   Zero   RW         2771    .bss..L_MergedGlobals  ip4_frag.o
    0x200003dc        -       0x00000068   Zero   RW           67    .bss..L_MergedGlobals.13  main.o
    0x20000444        -       0x00000002   Zero   RW           41    .bss.B_PLS_CNT      main.o
    0x20000446   COMPRESSED   0x00000002   PAD
    0x20000448        -       0x00000080   Zero   RW          403    .bss.DMARxDscrTab   ethernetif.o
    0x200004c8        -       0x00000080   Zero   RW          404    .bss.DMATxDscrTab   ethernetif.o
    0x20000548        -       0x000017d0   Zero   RW          405    .bss.Rx_Buff        ethernetif.o
    0x20001d18        -       0x000017d0   Zero   RW          406    .bss.Tx_Buff        ethernetif.o
    0x200034e8        -       0x000000c8   Zero   RW          303    .bss.URxbuf         usbd_cdc_if.o
    0x200035b0        -       0x00000001   Zero   RW         2850    .bss.USBD_SetConfig.cfgidx  usbd_ctlreq.o
    0x200035b1   COMPRESSED   0x00000003   PAD
    0x200035b4        -       0x00000200   Zero   RW          282    .bss.USBD_StrDesc   usbd_desc.o
    0x200037b4        -       0x0000012c   Zero   RW           51    .bss.UTxbuf         main.o
    0x200038e0        -       0x0000012c   Zero   RW          305    .bss.UserRxBufferFS  usbd_cdc_if.o
    0x20003a0c        -       0x0000012c   Zero   RW          306    .bss.UserTxBufferFS  usbd_cdc_if.o
    0x20003b38        -       0x000000f0   Zero   RW         2682    .bss.arp_table      etharp.o
    0x20003c28        -       0x00000082   Zero   RW           50    .bss.buf            main.o
    0x20003caa   COMPRESSED   0x00000002   PAD
    0x20003cac        -       0x00000004   Zero   RW          304    .bss.bufptr         usbd_cdc_if.o
    0x20003cb0        -       0x0000000c   Zero   RW         2252    .bss.disk           ff_gen_drv.o
    0x20003cbc        -       0x00000001   Zero   RW         2684    .bss.etharp_cached_entry  etharp.o
    0x20003cbd   COMPRESSED   0x00000003   PAD
    0x20003cc0        -       0x000002c4   Zero   RW          255    .bss.hUsbDeviceFS   usb_device.o
    0x20003f84        -       0x00000048   Zero   RW           48    .bss.hadc1          main.o
    0x20003fcc        -       0x00000060   Zero   RW           49    .bss.hdma_adc1      main.o
    0x2000402c        -       0x00000060   Zero   RW           54    .bss.hdma_sdio_rx   main.o
    0x2000408c        -       0x00000060   Zero   RW           55    .bss.hdma_sdio_tx   main.o
    0x200040ec        -       0x00000060   Zero   RW           56    .bss.hdma_spi2_rx   main.o
    0x2000414c        -       0x00000060   Zero   RW           57    .bss.hdma_spi2_tx   main.o
    0x200041ac        -       0x00000060   Zero   RW           60    .bss.hdma_usart2_rx  main.o
    0x2000420c        -       0x00000060   Zero   RW           61    .bss.hdma_usart2_tx  main.o
    0x2000426c        -       0x00000400   Zero   RW          374    .bss.hpcd_USB_OTG_FS  usbd_conf.o
    0x2000466c        -       0x00000084   Zero   RW           53    .bss.hsd            main.o
    0x200046f0        -       0x00000058   Zero   RW           47    .bss.hspi2          main.o
    0x20004748        -       0x00000040   Zero   RW           58    .bss.huart2         main.o
    0x20004788        -       0x00000040   Zero   RW           59    .bss.huart3         main.o
    0x200047c8        -       0x00000018   Zero   RW         2413    .bss.ip_data        ip.o
    0x200047e0        -       0x00000002   Zero   RW         2722    .bss.ip_id          ip4.o
    0x200047e2        -       0x0000016b   Zero   RW         2462    .bss.memp_memory_FRAG_PBUF_base  memp.o
    0x2000494d        -       0x00002603   Zero   RW         2471    .bss.memp_memory_PBUF_POOL_base  memp.o
    0x20006f50        -       0x00000103   Zero   RW         2468    .bss.memp_memory_PBUF_base  memp.o
    0x20007053        -       0x000000a3   Zero   RW         2459    .bss.memp_memory_REASSDATA_base  memp.o
    0x200070f6        -       0x00000023   Zero   RW         2465    .bss.memp_memory_SYS_TIMEOUT_base  memp.o
    0x20007119        -       0x00000083   Zero   RW         2456    .bss.memp_memory_UDP_PCB_base  memp.o
    0x2000719c        -       0x00000004   Zero   RW         2463    .bss.memp_tab_FRAG_PBUF  memp.o
    0x200071a0        -       0x00000004   Zero   RW         2469    .bss.memp_tab_PBUF  memp.o
    0x200071a4        -       0x00000004   Zero   RW         2472    .bss.memp_tab_PBUF_POOL  memp.o
    0x200071a8        -       0x00000004   Zero   RW         2460    .bss.memp_tab_REASSDATA  memp.o
    0x200071ac        -       0x00000004   Zero   RW         2466    .bss.memp_tab_SYS_TIMEOUT  memp.o
    0x200071b0        -       0x00000004   Zero   RW         2457    .bss.memp_tab_UDP_PCB  memp.o
    0x200071b4        -       0x00000020   Zero   RW          700    .bss.pFlash         stm32f2xx_hal_flash.o
    0x200071d4        -       0x00000653   Zero   RW         2429    .bss.ram_heap       mem.o
    0x20007827        -       0x00000001   Zero   RW           43    .bss.udpIntput      main.o
    0x20007828        -       0x00000004   Zero   RW         2643    .bss.udp_pcbs       udp.o
    0x2000782c        -       0x00000004   Zero   RW          560    .bss.uwTick         stm32f2xx_hal.o
    0x20007830        -       0x00000400   Zero   RW            2    HEAP                startup_stm32f207xx.o
    0x20007c30        -       0x00000400   Zero   RW            1    STACK               startup_stm32f207xx.o


==============================================================================

Image component sizes


      Code (inc. data)   RO Data    RW Data    ZI Data      Debug   Object Name

       172          4          0          0          0       6731   bsp_driver_sd.o
         4          0          0          0          0       2785   def.o
      2000        344        168          0        241      10934   etharp.o
       356        116         52          0          0       3437   ethernet.o
      1226        140          0          0      12524      14364   ethernetif.o
        24          8          0          0          5       1826   fatfs.o
        24          4          0          0          0       1179   fatfs_platform.o
        70          4          0          0         12       2498   ff_gen_drv.o
       588        172         53          0          0       4929   icmp.o
        26          0          0          0          0        467   init.o
         0          0          0          0         24       2227   ip.o
       758         80         64          0          2       5681   ip4.o
        44          0          4          0          0       4666   ip4_addr.o
      2164        448         57          0          8      10732   ip4_frag.o
       152         24          0          0         76       2803   lwip.o
      2650        434        151          4       1737      24206   main.o
      1164        368        151          0       1631       3566   mem.o
       366        156        144          0      10706       3877   memp.o
       456        124          0          0         12       6390   netif.o
      2216        788        149          0          0      13340   pbuf.o
       224         16         20          1          0       3216   sd_diskio.o
        36          8        388          0       2048        776   startup_stm32f207xx.o
       184         20          0          8          4       7336   stm32f2xx_hal.o
      1344         48          0          0          0      10085   stm32f2xx_hal_adc.o
         2          0          0          0          0       8497   stm32f2xx_hal_adc_ex.o
      1556         10          0          0          0      12349   stm32f2xx_hal_can.o
       192         28          0          0          0      10277   stm32f2xx_hal_cortex.o
      1322         20          0          0          0       8911   stm32f2xx_hal_dma.o
      2188         76          0          0          0      15930   stm32f2xx_hal_eth.o
       512         32          0          0         32       5319   stm32f2xx_hal_flash.o
       328          4          0          0          0       5005   stm32f2xx_hal_flash_ex.o
       440         28          0          0          0       4975   stm32f2xx_hal_gpio.o
      1552        112          0          0          0      15600   stm32f2xx_hal_msp.o
      2434          4          0          0          0      13515   stm32f2xx_hal_pcd.o
        72          0          0          0          0       4103   stm32f2xx_hal_pcd_ex.o
      1152         48          0          0          0       7619   stm32f2xx_hal_rcc.o
      2998         28          0          0          0      23519   stm32f2xx_hal_sd.o
       892          4          0          0          0      20268   stm32f2xx_hal_spi.o
       436         44          0          0          0      37860   stm32f2xx_hal_tim.o
        58          0          0          0          0      14406   stm32f2xx_hal_tim_ex.o
       826          8          0          0          0      16984   stm32f2xx_hal_uart.o
       304         56          0          0          0       4286   stm32f2xx_it.o
      1656         20          0          0          0      13145   stm32f2xx_ll_sdmmc.o
       208         44          0          0          0      12890   stm32f2xx_ll_tim.o
      2278        124          0          0          0      21785   stm32f2xx_ll_usb.o
        64         16         24          4          0       2643   system_stm32f2xx_1.o
       408        140         16          0          8       3806   timeouts.o
      1006        100         47          2          4       8754   udp.o
       128         12          0          0          2       2322   udp_echoserver.o
        80         16          0          0        708       2815   usb_device.o
       718         24          0        267          0       9706   usbd_cdc.o
      1140        418         74        291        804       4615   usbd_cdc_if.o
       652         20          0          0       1024      14641   usbd_conf.o
       690          0          0          0          0       7013   usbd_core.o
      1124         38          0          0          1       7674   usbd_ctlreq.o
       260         72          0         76        512       3372   usbd_desc.o
       128          0          0          0          0       4213   usbd_ioreq.o

    ----------------------------------------------------------------------
     44112       4852       1596        660      32140     496868   Object Totals
         0          0         32          0          0          0   (incl. Generated)
        60          0          2          7         15          0   (incl. Padding)

    ----------------------------------------------------------------------

      Code (inc. data)   RO Data    RW Data    ZI Data      Debug   Library Member Name

        86          0          0          0          0          0   __dczerorl2.o
        28          0          0          0          0         68   _chval.o
       158          0          0          0          0         92   _strtoul.o
        26          0          0          0          0         80   atoi.o
         8          4        133          0          0         68   ctype_o.o
         0          0          0          0          0          0   entry.o
         0          0          0          0          0          0   entry10a.o
         0          0          0          0          0          0   entry11a.o
         8          4          0          0          0          0   entry2.o
         4          0          0          0          0          0   entry5.o
         0          0          0          0          0          0   entry7b.o
         0          0          0          0          0          0   entry8b.o
         8          4          0          0          0          0   entry9a.o
         8          4          0          4          0         68   errno.o
        18          0          0          0          0         80   fputc.o
        30          0          0          0          0          0   handlers.o
        36          8          0          0          0         68   init.o
         0          0          0          0          0          0   iusesemip.o
        30          0          0          0          0         68   llshl.o
        32          0          0          0          0         68   llushr.o
       188         20          0          0          0        160   malloc.o
        26          0          0          0          0         80   memcmp.o
        36          0          0          0          0         68   memcpya.o
        36          0          0          0          0        108   memseta.o
         0          0          0          8          0          0   mvars.o
       916         20          0          0          0        504   printf6.o
         0          0          0          0          0          0   semi.o
         0          0          0          4          0          0   stdout.o
        14          0          0          0          0         68   strlen.o
        30          0          0          0          0         80   strncmp.o
       112          0          0          0          0         88   strtol.o
        44          0          0          0          0         80   uidiv.o
        98          0          0          0          0         92   uldiv.o

    ----------------------------------------------------------------------
      1984         64        136         16          0       1988   Library Totals
         4          0          3          0          0          0   (incl. Padding)

    ----------------------------------------------------------------------

      Code (inc. data)   RO Data    RW Data    ZI Data      Debug   Library Name

      1980         64        133         16          0       1988   mc_w.l

    ----------------------------------------------------------------------
      1984         64        136         16          0       1988   Library Totals

    ----------------------------------------------------------------------

==============================================================================


      Code (inc. data)   RO Data    RW Data    ZI Data      Debug   

     46096       4916       1732        676      32140     497184   Grand Totals
     46096       4916       1732        408      32140     497184   ELF Image Totals (compressed)
     46096       4916       1732        408          0          0   ROM Totals

==============================================================================

    Total RO  Size (Code + RO Data)                47828 (  46.71kB)
    Total RW  Size (RW Data + ZI Data)             32816 (  32.05kB)
    Total ROM Size (Code + RO Data + RW Data)      48236 (  47.11kB)

==============================================================================

