<html>
<body>
<pre>
<h1>µVision Build Log</h1>
<h2>Tool Versions:</h2>
IDE-Version: •ÏVision V5.30.0.0
Copyright (C) 2020 ARM Ltd and ARM Germany GmbH. All rights reserved.
License Information: qrw wqerw, x, LIC=21EWF-64FSD-Y7XRW-QVZWQ-RR77F-SMXIR
 
Tool Versions:
Toolchain:       MDK-ARM Plus  Version: 5.30.0.0
Toolchain Path:  C:\Keil_v5\ARM\ARMCLANG\Bin
C Compiler:      ArmClang.exe V6.14
Assembler:       Armasm.exe V6.14
Linker/Locator:  ArmLink.exe V6.14
Library Manager: ArmAr.exe V6.14
Hex Converter:   FromElf.exe V6.14
CPU DLL:         SARMCM3.DLL V5.30.0.0
Dialog DLL:      DCM.DLL V1.17.3.0
Target DLL:      STLink\ST-LINKIII-KEIL_SWO.dll V3.0.7.0
Dialog DLL:      TCM.DLL V1.42.0.0
 
<h2>Project:</h2>
C:\Users\nexse\Desktop\Keil 1104 Web_MMS_1\MDK-ARM\Web_MMS_1.uvprojx
Project File Date:  10/22/2020

<h2>Output:</h2>
*** Using Compiler 'V6.14', folder: 'C:\Keil_v5\ARM\ARMCLANG\Bin'
Rebuild target 'Web_MMS_1'
Note: source file '../Core/Src/system_stm32f2xx.c' - object file renamed from 'Web_MMS_1\system_stm32f2xx.o' to 'Web_MMS_1\system_stm32f2xx_1.o'.
assembling startup_stm32f207xx.s...
compiling fatfs_platform.c...
compiling bsp_driver_sd.c...
../Core/Src/stm32f2xx_it.c(347): warning: implicit conversion from enumeration type 'FlagStatus' to different enumeration type 'GPIO_PinState' [-Wenum-conversion]
        HAL_GPIO_WritePin(SIG_AUTOFOCUS_GPIO_Port, SIG_AUTOFOCUS_Pin, RESET);
        ~~~~~~~~~~~~~~~~~                                             ^~~~~
../Core/Src/stm32f2xx_it.c(348): warning: implicit conversion from enumeration type 'FlagStatus' to different enumeration type 'GPIO_PinState' [-Wenum-conversion]
        HAL_GPIO_WritePin(SIG_SHUTTER_GPIO_Port, SIG_SHUTTER_Pin, RESET);
        ~~~~~~~~~~~~~~~~~                                         ^~~~~
2 warnings generated.
compiling stm32f2xx_it.c...
../Core/Src/udp_echoserver.c(89): warning: implicit declaration of function 'CDC_Transmit_FS' is invalid in C99 [-Wimplicit-function-declaration]
        CDC_Transmit_FS(&udp_data, p->len);
        ^
1 warning generated.
compiling udp_echoserver.c...
compiling stm32f2xx_hal_msp.c...
compiling fatfs.c...
../Core/Src/main.c(188): warning: implicit conversion from enumeration type 'FlagStatus' to different enumeration type 'GPIO_PinState' [-Wenum-conversion]
                HAL_GPIO_WritePin(STROBE_DRV_GPIO_Port, STROBE_DRV_Pin, SET);
                ~~~~~~~~~~~~~~~~~                                       ^~~
../Core/Src/main.c(217): warning: implicit declaration of function 'CDC_Transmit_FS' is invalid in C99 [-Wimplicit-function-declaration]
                CDC_Transmit_FS((uint8_t*) "USB2 Activated\r\n", 16);
                ^
../Core/Src/main.c(223): warning: implicit declaration of function 'CDC_Transmit_FS' is invalid in C99 [-Wimplicit-function-declaration]
                CDC_Transmit_FS((uint8_t*) "USB3 Activated\r\n", 16);
                ^
../Core/Src/main.c(241): warning: implicit conversion from enumeration type 'FlagStatus' to different enumeration type 'GPIO_PinState' [-Wenum-conversion]
                HAL_GPIO_WritePin(CS0_GPIO_Port, CS0_Pin, RESET);
                ~~~~~~~~~~~~~~~~~                         ^~~~~
../Core/Src/main.c(242): warning: incompatible pointer types passing 'uint16_t *' (aka 'unsigned short *') to parameter of type 'uint8_t *' (aka 'unsigned char *') [-Wincompatible-pointer-types]
                HAL_SPI_Transmit(&hspi2, &value, 2, 1000);
                                         ^~~~~~
../Drivers/STM32F2xx_HAL_Driver/Inc\stm32f2xx_hal_spi.h(666): note: passing argument to parameter 'pData' here
HAL_StatusTypeDef HAL_SPI_Transmit(SPI_HandleTypeDef *hspi, uint8_t *pData, uint16_t Size, uint32_t Timeout);
                                                                     ^
../Core/Src/main.c(243): warning: implicit conversion from enumeration type 'FlagStatus' to different enumeration type 'GPIO_PinState' [-Wenum-conversion]
                HAL_GPIO_WritePin(CS0_GPIO_Port, CS0_Pin, SET);
                ~~~~~~~~~~~~~~~~~                         ^~~
../Core/Src/main.c(246): warning: implicit conversion from enumeration type 'FlagStatus' to different enumeration type 'GPIO_PinState' [-Wenum-conversion]
                HAL_GPIO_WritePin(CS1_GPIO_Port, CS1_Pin, RESET);
                ~~~~~~~~~~~~~~~~~                         ^~~~~
../Core/Src/main.c(247): warning: incompatible pointer types passing 'uint16_t *' (aka 'unsigned short *') to parameter of type 'uint8_t *' (aka 'unsigned char *') [-Wincompatible-pointer-types]
                HAL_SPI_Transmit(&hspi2, &value, 2, 1000);
                                         ^~~~~~
../Drivers/STM32F2xx_HAL_Driver/Inc\stm32f2xx_hal_spi.h(666): note: passing argument to parameter 'pData' here
HAL_StatusTypeDef HAL_SPI_Transmit(SPI_HandleTypeDef *hspi, uint8_t *pData, uint16_t Size, uint32_t Timeout);
                                                                     ^
../Core/Src/main.c(248): warning: implicit conversion from enumeration type 'FlagStatus' to different enumeration type 'GPIO_PinState' [-Wenum-conversion]
                HAL_GPIO_WritePin(CS1_GPIO_Port, CS1_Pin, SET);
                ~~~~~~~~~~~~~~~~~                         ^~~
../Core/Src/main.c(251): warning: implicit conversion from enumeration type 'FlagStatus' to different enumeration type 'GPIO_PinState' [-Wenum-conversion]
                HAL_GPIO_WritePin(CS2_GPIO_Port, CS2_Pin, RESET);
                ~~~~~~~~~~~~~~~~~                         ^~~~~
../Core/Src/main.c(252): warning: incompatible pointer types passing 'uint16_t *' (aka 'unsigned short *') to parameter of type 'uint8_t *' (aka 'unsigned char *') [-Wincompatible-pointer-types]
                HAL_SPI_Transmit(&hspi2, &value, 2, 1000);
                                         ^~~~~~
../Drivers/STM32F2xx_HAL_Driver/Inc\stm32f2xx_hal_spi.h(666): note: passing argument to parameter 'pData' here
HAL_StatusTypeDef HAL_SPI_Transmit(SPI_HandleTypeDef *hspi, uint8_t *pData, uint16_t Size, uint32_t Timeout);
                                                                     ^
../Core/Src/main.c(253): warning: implicit conversion from enumeration type 'FlagStatus' to different enumeration type 'GPIO_PinState' [-Wenum-conversion]
                HAL_GPIO_WritePin(CS2_GPIO_Port, CS2_Pin, SET);
                ~~~~~~~~~~~~~~~~~                         ^~~
../Core/Src/main.c(256): warning: implicit conversion from enumeration type 'FlagStatus' to different enumeration type 'GPIO_PinState' [-Wenum-conversion]
                HAL_GPIO_WritePin(CS3_GPIO_Port, CS3_Pin, RESET);
                ~~~~~~~~~~~~~~~~~                         ^~~~~
../Core/Src/main.c(257): warning: incompatible pointer types passing 'uint16_t *' (aka 'unsigned short *') to parameter of type 'uint8_t *' (aka 'unsigned char *') [-Wincompatible-pointer-types]
                HAL_SPI_Transmit(&hspi2, &value, 2, 1000);
                                         ^~~~~~
../Drivers/STM32F2xx_HAL_Driver/Inc\stm32f2xx_hal_spi.h(666): note: passing argument to parameter 'pData' here
HAL_StatusTypeDef HAL_SPI_Transmit(SPI_HandleTypeDef *hspi, uint8_t *pData, uint16_t Size, uint32_t Timeout);
                                                                     ^
../Core/Src/main.c(258): warning: implicit conversion from enumeration type 'FlagStatus' to different enumeration type 'GPIO_PinState' [-Wenum-conversion]
                HAL_GPIO_WritePin(CS3_GPIO_Port, CS3_Pin, SET);
                ~~~~~~~~~~~~~~~~~                         ^~~
../Core/Src/main.c(271): warning: implicit declaration of function 'CDC_Transmit_FS' is invalid in C99 [-Wimplicit-function-declaration]
                CDC_Transmit_FS((uint8_t*) "INPUT MODE Activated\r\n", 22);
                ^
../Core/Src/main.c(281): warning: passing 'uint8_t *' (aka 'unsigned char *') to parameter of type 'const char *' converts between pointers to integer types with different sign [-Wpointer-sign]
                wP.encoderTargetCount = atoi(&udp_data);
                                             ^~~~~~~~~
C:\Keil_v5\ARM\ARMCLANG\Bin\..\include\stdlib.h(164): note: passing argument to parameter here
extern _ARMABI int atoi(const char * /*nptr*/) __attribute__((__nonnull__(1)));
                                             ^
../Core/Src/main.c(288): warning: implicit conversion from enumeration type 'FlagStatus' to different enumeration type 'GPIO_PinState' [-Wenum-conversion]
        HAL_GPIO_WritePin(SIG_AUTOFOCUS_GPIO_Port, SIG_AUTOFOCUS_Pin, SET);
        ~~~~~~~~~~~~~~~~~                                             ^~~
../Core/Src/main.c(289): warning: implicit conversion from enumeration type 'FlagStatus' to different enumeration type 'GPIO_PinState' [-Wenum-conversion]
        HAL_GPIO_WritePin(SIG_SHUTTER_GPIO_Port, SIG_SHUTTER_Pin, SET);
        ~~~~~~~~~~~~~~~~~                                         ^~~
../Core/Src/main.c(290): warning: implicit conversion from enumeration type 'FlagStatus' to different enumeration type 'GPIO_PinState' [-Wenum-conversion]
        HAL_GPIO_WritePin(STROBE_DRV_GPIO_Port, STROBE_DRV_Pin, RESET);
        ~~~~~~~~~~~~~~~~~                                       ^~~~~
../Core/Src/main.c(300): warning: implicit conversion from enumeration type 'FlagStatus' to different enumeration type 'GPIO_PinState' [-Wenum-conversion]
        HAL_GPIO_WritePin(SIG_SHUTTER_GPIO_Port, SIG_SHUTTER_Pin, SET);
        ~~~~~~~~~~~~~~~~~                                         ^~~
../Core/Src/main.c(301): warning: implicit conversion from enumeration type 'FlagStatus' to different enumeration type 'GPIO_PinState' [-Wenum-conversion]
        HAL_GPIO_WritePin(STROBE_DRV_GPIO_Port, STROBE_DRV_Pin, RESET);
        ~~~~~~~~~~~~~~~~~                                       ^~~~~
../Core/Src/main.c(306): warning: passing 'int [4]' to parameter of type 'uint32_t *' (aka 'unsigned int *') converts between pointers to integer types with different sign [-Wpointer-sign]
        HAL_ADC_Start_DMA(&hadc1, adcValue, 4);
                                  ^~~~~~~~
../Drivers/STM32F2xx_HAL_Driver/Inc\stm32f2xx_hal_adc.h(586): note: passing argument to parameter 'pData' here
HAL_StatusTypeDef HAL_ADC_Start_DMA(ADC_HandleTypeDef* hadc, uint32_t* pData, uint32_t Length);
                                                                       ^
../Core/Src/main.c(334): warning: implicit declaration of function 'CDC_Transmit_FS' is invalid in C99 [-Wimplicit-function-declaration]
        CDC_Transmit_FS(buf, strlen(buf));
        ^
../Core/Src/main.c(474): warning: implicit declaration of function 'CDC_Transmit_FS' is invalid in C99 [-Wimplicit-function-declaration]
                        CDC_Transmit_FS(UTxbuf, strlen(UTxbuf));
                        ^
../Core/Src/main.c(484): warning: passing 'uint8_t [200]' to parameter of type 'const char *' converts between pointers to integer types with different sign [-Wpointer-sign]
                        wP.encoderTargetCount = atoi(URxbuf);
                                                     ^~~~~~
C:\Keil_v5\ARM\ARMCLANG\Bin\..\include\stdlib.h(164): note: passing argument to parameter here
extern _ARMABI int atoi(const char * /*nptr*/) __attribute__((__nonnull__(1)));
                                             ^
../Core/Src/main.c(551): warning: passing 'uint8_t [200]' to parameter of type 'const char *' converts between pointers to integer types with different sign [-Wpointer-sign]
                        wP.cs = atoi(URxbuf);
                                     ^~~~~~
C:\Keil_v5\ARM\ARMCLANG\Bin\..\include\stdlib.h(164): note: passing argument to parameter here
extern _ARMABI int atoi(const char * /*nptr*/) __attribute__((__nonnull__(1)));
                                             ^
../Core/Src/main.c(559): warning: passing 'uint8_t [200]' to parameter of type 'const char *' converts between pointers to integer types with different sign [-Wpointer-sign]
                        wP.cv[wP.cs] = atoi(URxbuf);
                                            ^~~~~~
C:\Keil_v5\ARM\ARMCLANG\Bin\..\include\stdlib.h(164): note: passing argument to parameter here
extern _ARMABI int atoi(const char * /*nptr*/) __attribute__((__nonnull__(1)));
                                             ^
28 warnings generated.
compiling main.c...
compiling usb_device.c...
compiling usbd_desc.c...
compiling lwip.c...
../USB_DEVICE/App/usbd_cdc_if.c(308): warning: passing 'uint8_t *' (aka 'unsigned char *') to parameter of type 'const char *' converts between pointers to integer types with different sign [-Wpointer-sign]
                        if (strncmp(Buf, "#fuck", 4) == 0) // TEST code
                                    ^~~
C:\Keil_v5\ARM\ARMCLANG\Bin\..\include\string.h(132): note: passing argument to parameter here
extern _ARMABI int strncmp(const char * /*s1*/, const char * /*s2*/, size_t /*n*/) __attribute__((__nonnull__(1,2)));
                                              ^
../USB_DEVICE/App/usbd_cdc_if.c(312): warning: passing 'uint8_t *' (aka 'unsigned char *') to parameter of type 'const char *' converts between pointers to integer types with different sign [-Wpointer-sign]
                        if (strncmp(Buf, "#shoot", 6) == 0) // USB 2.0
                                    ^~~
C:\Keil_v5\ARM\ARMCLANG\Bin\..\include\string.h(132): note: passing argument to parameter here
extern _ARMABI int strncmp(const char * /*s1*/, const char * /*s2*/, size_t /*n*/) __attribute__((__nonnull__(1,2)));
                                              ^
../USB_DEVICE/App/usbd_cdc_if.c(315): warning: implicit conversion from enumeration type 'FlagStatus' to different enumeration type 'GPIO_PinState' [-Wenum-conversion]
                                                SET);
                                                ^~~
../USB_DEVICE/App/usbd_cdc_if.c(316): warning: implicit conversion from enumeration type 'FlagStatus' to different enumeration type 'GPIO_PinState' [-Wenum-conversion]
                                HAL_GPIO_WritePin(SIG_SHUTTER_GPIO_Port, SIG_SHUTTER_Pin, SET);
                                ~~~~~~~~~~~~~~~~~                                         ^~~
../USB_DEVICE/App/usbd_cdc_if.c(317): warning: implicit conversion from enumeration type 'FlagStatus' to different enumeration type 'GPIO_PinState' [-Wenum-conversion]
                                HAL_GPIO_WritePin(STROBE_DRV_GPIO_Port, STROBE_DRV_Pin, RESET);
                                ~~~~~~~~~~~~~~~~~                                       ^~~~~
../USB_DEVICE/App/usbd_cdc_if.c(321): warning: passing 'uint8_t *' (aka 'unsigned char *') to parameter of type 'const char *' converts between pointers to integer types with different sign [-Wpointer-sign]
                        if (strncmp(Buf, "#USB2", 5) == 0) // USB 2.0
                                    ^~~
C:\Keil_v5\ARM\ARMCLANG\Bin\..\include\string.h(132): note: passing argument to parameter here
extern _ARMABI int strncmp(const char * /*s1*/, const char * /*s2*/, size_t /*n*/) __attribute__((__nonnull__(1,2)));
                                              ^
../USB_DEVICE/App/usbd_cdc_if.c(323): warning: passing 'char [19]' to parameter of type 'uint8_t *' (aka 'unsigned char *') converts between pointers to integer types with different sign [-Wpointer-sign]
                                CDC_Transmit_FS("USB Select 2.0\r\n\r\n", 16);
                                                ^~~~~~~~~~~~~~~~~~~~~~~~
../USB_DEVICE/App/usbd_cdc_if.h(110): note: passing argument to parameter 'Buf' here
uint8_t CDC_Transmit_FS(uint8_t* Buf, uint16_t Len);
                                 ^
../USB_DEVICE/App/usbd_cdc_if.c(326): warning: passing 'uint8_t *' (aka 'unsigned char *') to parameter of type 'const char *' converts between pointers to integer types with different sign [-Wpointer-sign]
                        if (strncmp(Buf, "#USB3", 5) == 0) // USB 3.0
                                    ^~~
C:\Keil_v5\ARM\ARMCLANG\Bin\..\include\string.h(132): note: passing argument to parameter here
extern _ARMABI int strncmp(const char * /*s1*/, const char * /*s2*/, size_t /*n*/) __attribute__((__nonnull__(1,2)));
                                              ^
../USB_DEVICE/App/usbd_cdc_if.c(328): warning: passing 'char [19]' to parameter of type 'uint8_t *' (aka 'unsigned char *') converts between pointers to integer types with different sign [-Wpointer-sign]
                                CDC_Transmit_FS("USB Select 3.0\r\n\r\n", 16);
                                                ^~~~~~~~~~~~~~~~~~~~~~~~
../USB_DEVICE/App/usbd_cdc_if.h(110): note: passing argument to parameter 'Buf' here
uint8_t CDC_Transmit_FS(uint8_t* Buf, uint16_t Len);
                                 ^
../USB_DEVICE/App/usbd_cdc_if.c(331): warning: passing 'uint8_t *' (aka 'unsigned char *') to parameter of type 'const char *' converts between pointers to integer types with different sign [-Wpointer-sign]
                        if (strncmp(Buf, "#dparam", 7) == 0) // Set Radius Parameter
                                    ^~~
C:\Keil_v5\ARM\ARMCLANG\Bin\..\include\string.h(132): note: passing argument to parameter here
extern _ARMABI int strncmp(const char * /*s1*/, const char * /*s2*/, size_t /*n*/) __attribute__((__nonnull__(1,2)));
                                              ^
../USB_DEVICE/App/usbd_cdc_if.c(333): warning: passing 'char [24]' to parameter of type 'uint8_t *' (aka 'unsigned char *') converts between pointers to integer types with different sign [-Wpointer-sign]
                                CDC_Transmit_FS("Input wheel radius.. > ", 23);
                                                ^~~~~~~~~~~~~~~~~~~~~~~~~
../USB_DEVICE/App/usbd_cdc_if.h(110): note: passing argument to parameter 'Buf' here
uint8_t CDC_Transmit_FS(uint8_t* Buf, uint16_t Len);
                                 ^
../USB_DEVICE/App/usbd_cdc_if.c(336): warning: passing 'uint8_t *' (aka 'unsigned char *') to parameter of type 'const char *' converts between pointers to integer types with different sign [-Wpointer-sign]
                        if (strncmp(Buf, "#dsave", 6) == 0) // Save Parameter
                                    ^~~
C:\Keil_v5\ARM\ARMCLANG\Bin\..\include\string.h(132): note: passing argument to parameter here
extern _ARMABI int strncmp(const char * /*s1*/, const char * /*s2*/, size_t /*n*/) __attribute__((__nonnull__(1,2)));
                                              ^
../USB_DEVICE/App/usbd_cdc_if.c(338): warning: passing 'char [26]' to parameter of type 'uint8_t *' (aka 'unsigned char *') converts between pointers to integer types with different sign [-Wpointer-sign]
                                CDC_Transmit_FS("Saving current param...\r\n", 25);
                                                ^~~~~~~~~~~~~~~~~~~~~~~~~~~~~
../USB_DEVICE/App/usbd_cdc_if.h(110): note: passing argument to parameter 'Buf' here
uint8_t CDC_Transmit_FS(uint8_t* Buf, uint16_t Len);
                                 ^
../USB_DEVICE/App/usbd_cdc_if.c(341): warning: passing 'uint8_t *' (aka 'unsigned char *') to parameter of type 'const char *' converts between pointers to integer types with different sign [-Wpointer-sign]
                        if (strncmp(Buf, "#setcds", 7) == 0) // Save Parameter
                                    ^~~
C:\Keil_v5\ARM\ARMCLANG\Bin\..\include\string.h(132): note: passing argument to parameter here
extern _ARMABI int strncmp(const char * /*s1*/, const char * /*s2*/, size_t /*n*/) __attribute__((__nonnull__(1,2)));
                                              ^
../USB_DEVICE/App/usbd_cdc_if.c(343): warning: passing 'char [30]' to parameter of type 'uint8_t *' (aka 'unsigned char *') converts between pointers to integer types with different sign [-Wpointer-sign]
                                CDC_Transmit_FS("Set Number of CDS Sensor...\r\n", 29);
                                                ^~~~~~~~~~~~~~~~~~~~~~~~~~~~~~~~~
../USB_DEVICE/App/usbd_cdc_if.h(110): note: passing argument to parameter 'Buf' here
uint8_t CDC_Transmit_FS(uint8_t* Buf, uint16_t Len);
                                 ^
../USB_DEVICE/App/usbd_cdc_if.c(347): warning: passing 'uint8_t *' (aka 'unsigned char *') to parameter of type 'const char *' converts between pointers to integer types with different sign [-Wpointer-sign]
                        if (strncmp(Buf, "#stget", 6) == 0) // Save Parameter
                                    ^~~
C:\Keil_v5\ARM\ARMCLANG\Bin\..\include\string.h(132): note: passing argument to parameter here
extern _ARMABI int strncmp(const char * /*s1*/, const char * /*s2*/, size_t /*n*/) __attribute__((__nonnull__(1,2)));
                                              ^
../USB_DEVICE/App/usbd_cdc_if.c(350): warning: passing 'char [300]' to parameter of type 'uint8_t *' (aka 'unsigned char *') converts between pointers to integer types with different sign [-Wpointer-sign]
                                CDC_Transmit_FS(UTxbuf, strlen(UTxbuf));
                                                ^~~~~~
../USB_DEVICE/App/usbd_cdc_if.h(110): note: passing argument to parameter 'Buf' here
uint8_t CDC_Transmit_FS(uint8_t* Buf, uint16_t Len);
                                 ^
../USB_DEVICE/App/usbd_cdc_if.c(352): warning: passing 'uint8_t *' (aka 'unsigned char *') to parameter of type 'const char *' converts between pointers to integer types with different sign [-Wpointer-sign]
                        if (strncmp(Buf, "#stinit", 7) == 0) // Save Parameter
                                    ^~~
C:\Keil_v5\ARM\ARMCLANG\Bin\..\include\string.h(132): note: passing argument to parameter here
extern _ARMABI int strncmp(const char * /*s1*/, const char * /*s2*/, size_t /*n*/) __attribute__((__nonnull__(1,2)));
                                              ^
../USB_DEVICE/App/usbd_cdc_if.c(418): warning: implicit conversion from enumeration type 'FlagStatus' to different enumeration type 'GPIO_PinState' [-Wenum-conversion]
                                                SET);
                                                ^~~
../USB_DEVICE/App/usbd_cdc_if.c(419): warning: implicit conversion from enumeration type 'FlagStatus' to different enumeration type 'GPIO_PinState' [-Wenum-conversion]
                                HAL_GPIO_WritePin(SIG_SHUTTER_GPIO_Port, SIG_SHUTTER_Pin, SET);
                                ~~~~~~~~~~~~~~~~~                                         ^~~
../USB_DEVICE/App/usbd_cdc_if.c(420): warning: implicit conversion from enumeration type 'FlagStatus' to different enumeration type 'GPIO_PinState' [-Wenum-conversion]
                                HAL_GPIO_WritePin(STROBE_DRV_GPIO_Port, STROBE_DRV_Pin, RESET);
                                ~~~~~~~~~~~~~~~~~                                       ^~~~~
21 warnings generated.
compiling usbd_cdc_if.c...
compiling usbd_conf.c...
compiling ethernetif.c...
compiling system_stm32f2xx.c...
compiling stm32f2xx_hal.c...
compiling stm32f2xx_hal_rcc.c...
compiling stm32f2xx_hal_eth.c...
compiling stm32f2xx_hal_rcc_ex.c...
compiling stm32f2xx_hal_pwr_ex.c...
compiling stm32f2xx_hal_pwr.c...
compiling stm32f2xx_hal_flash_ex.c...
compiling stm32f2xx_hal_cortex.c...
compiling stm32f2xx_hal_flash.c...
compiling stm32f2xx_hal_gpio.c...
compiling stm32f2xx_ll_exti.c...
compiling stm32f2xx_hal_dma_ex.c...
compiling stm32f2xx_hal_pcd_ex.c...
compiling stm32f2xx_hal_exti.c...
compiling stm32f2xx_ll_rcc.c...
compiling stm32f2xx_hal_dma.c...
compiling stm32f2xx_ll_utils.c...
compiling stm32f2xx_hal_adc_ex.c...
compiling stm32f2xx_hal_adc.c...
compiling stm32f2xx_ll_sdmmc.c...
compiling stm32f2xx_hal_can.c...
compiling stm32f2xx_hal_pcd.c...
compiling stm32f2xx_ll_usb.c...
compiling stm32f2xx_hal_sd.c...
compiling stm32f2xx_ll_gpio.c...
compiling stm32f2xx_ll_tim.c...
compiling stm32f2xx_ll_dma.c...
compiling stm32f2xx_hal_tim_ex.c...
compiling stm32f2xx_hal_spi.c...
compiling diskio.c...
compiling syscall.c...
compiling ff_gen_drv.c...
compiling stm32f2xx_hal_tim.c...
compiling stm32f2xx_hal_uart.c...
compiling sd_diskio.c...
compiling auth.c...
compiling ccp.c...
compiling chap_ms.c...
compiling cc949.c...
compiling chap-md5.c...
compiling chap-new.c...
compiling demand.c...
compiling eap.c...
compiling eui64.c...
compiling fsm.c...
compiling ipcp.c...
compiling ipv6cp.c...
compiling lcp.c...
compiling ff.c...
compiling magic.c...
compiling multilink.c...
compiling ppp.c...
compiling mppe.c...
compiling pppapi.c...
compiling pppcrypt.c...
compiling pppoe.c...
compiling pppol2tp.c...
compiling upap.c...
compiling pppos.c...
compiling utils.c...
compiling lowpan6.c...
compiling vj.c...
compiling ethernet.c...
compiling slipif.c...
compiling ecp.c...
compiling api_msg.c...
compiling api_lib.c...
compiling netbuf.c...
compiling netdb.c...
compiling err.c...
compiling netifapi.c...
compiling sockets.c...
compiling tcpip.c...
compiling def.c...
compiling dns.c...
compiling init.c...
compiling ip.c...
compiling inet_chksum.c...
compiling memp.c...
compiling mem.c...
compiling netif.c...
compiling raw.c...
compiling stats.c...
compiling sys.c...
compiling tcp.c...
compiling tcp_in.c...
compiling pbuf.c...
compiling tcp_out.c...
compiling autoip.c...
compiling timeouts.c...
compiling dhcp.c...
compiling udp.c...
compiling icmp.c...
compiling igmp.c...
compiling etharp.c...
compiling ip4_addr.c...
compiling ip4.c...
compiling dhcp6.c...
compiling ethip6.c...
compiling icmp6.c...
compiling inet6.c...
compiling ip4_frag.c...
compiling ip6_addr.c...
compiling ip6.c...
compiling ip6_frag.c...
compiling mld6.c...
compiling nd6.c...
compiling mqtt.c...
compiling usbd_core.c...
compiling usbd_ioreq.c...
compiling usbd_cdc.c...
compiling usbd_ctlreq.c...
linking...
Program Size: Code=46096 RO-data=1732 RW-data=676 ZI-data=32140  
FromELF: creating hex file...
"Web_MMS_1\Web_MMS_1.axf" - 0 Error(s), 52 Warning(s).

<h2>Software Packages used:</h2>

Package Vendor: ARM
                http://www.keil.com/pack/ARM.CMSIS.5.7.0.pack
                ARM.CMSIS.5.7.0
                CMSIS (Cortex Microcontroller Software Interface Standard)
   * Component: CORE Version: 5.4.0

Package Vendor: Keil
                http://www.keil.com/pack/Keil.STM32F2xx_DFP.2.9.0.pack
                Keil.STM32F2xx_DFP.2.9.0
                STMicroelectronics STM32F2 Series Device Support, Drivers and Examples

<h2>Collection of Component include folders:</h2>
  .\RTE\_Web_MMS_1
  C:\Users\nexse\AppData\Local\Arm\Packs\ARM\CMSIS\5.7.0\CMSIS\Core\Include
  C:\Users\nexse\AppData\Local\Arm\Packs\Keil\STM32F2xx_DFP\2.9.0\Drivers\CMSIS\Device\ST\STM32F2xx\Include

<h2>Collection of Component Files used:</h2>

   * Component: ARM::CMSIS:CORE:5.4.0
Build Time Elapsed:  00:00:12
</pre>
</body>
</html>
