ethernetif.c:393:22:low_level_input	32	static
ethernetif.c:309:14:low_level_output	40	static
ethernetif.c:200:13:low_level_init	32	static
ethernetif.c:81:6:HAL_ETH_MspInit	72	static
ethernetif.c:146:6:HAL_ETH_MspDeInit	8	static
ethernetif.c:482:6:ethernetif_input	16	static
ethernetif.c:537:7:ethernetif_init	8	static
ethernetif.c:584:7:sys_jiffies	8	static
ethernetif.c:595:7:sys_now	8	static
ethernetif.c:611:6:ethernetif_set_link	16	static
ethernetif.c:737:13:ethernetif_notify_conn_changed	0	static
ethernetif.c:649:6:ethernetif_update_config	24	static
